05-30 08:36:13.842 29948 29948 D nativeloader: Configuring clns-4 for other apk /system/framework/org.apache.http.legacy.jar. target_sdk_version=36, uses_libraries=ALL, library_path=/data/app/~~yWCDRyEvDNqqO1yZuOW1_g==/com.google.android.apps.nbu.paisa.user-OPTYgcMzTx_u1wsUqD9p4g==/lib/arm64:/data/app/~~yWCDRyEvDNqqO1yZuOW1_g==/com.google.android.apps.nbu.paisa.user-OPTYgcMzTx_u1wsUqD9p4g==/base.apk!/lib/arm64-v8a:/data/app/~~yWCDRyEvDNqqO1yZuOW1_g==/com.google.android.apps.nbu.paisa.user-OPTYgcMzTx_u1wsUqD9p4g==/split_config.arm64_v8a.apk!/lib/arm64-v8a:/data/app/~~yWCDRyEvDNqqO1yZuOW1_g==/com.google.android.apps.nbu.paisa.user-OPTYgcMzTx_u1wsUqD9p4g==/split_config.xxhdpi.apk!/lib/arm64-v8a, permitted_path=/data:/mnt/expand:/data/user/0/com.google.android.apps.nbu.paisa.user
05-30 08:36:13.843 29948 29948 D nativeloader: Extending system_exposed_libraries: libbinauralrenderer_wrapper.qti.so:libhoaeffects.qti.so:libQOC.qti.so:libjni_helper.motocameradesktop.so:libupdateprof.qti.so:libQOC.qti.so:libdiag_system.qti.so:libqape.qti.so:libqesdk_ndk_platform.qti.so:liblistenjni.qti.so:libimgTuner_jni.motoimagetuner.so
05-30 08:36:13.908 29936 29936 D WM-WrkMgrInitializer: Initializing WorkManager with default configuration.
05-30 08:36:13.910 29948 29948 W .nbu.paisa.user: Failed to find entry 'classes.dex': Entry not found
05-30 08:36:13.912 29948 29948 W .nbu.paisa.user: Failed to find entry 'classes.dex': Entry not found
05-30 08:36:13.913 29948 29948 D nativeloader: Configuring clns-5 for other apk /data/app/~~yWCDRyEvDNqqO1yZuOW1_g==/com.google.android.apps.nbu.paisa.user-OPTYgcMzTx_u1wsUqD9p4g==/base.apk:/data/app/~~yWCDRyEvDNqqO1yZuOW1_g==/com.google.android.apps.nbu.paisa.user-OPTYgcMzTx_u1wsUqD9p4g==/split_config.arm64_v8a.apk:/data/app/~~yWCDRyEvDNqqO1yZuOW1_g==/com.google.android.apps.nbu.paisa.user-OPTYgcMzTx_u1wsUqD9p4g==/split_config.xxhdpi.apk. target_sdk_version=36, uses_libraries=, library_path=/data/app/~~yWCDRyEvDNqqO1yZuOW1_g==/com.google.android.apps.nbu.paisa.user-OPTYgcMzTx_u1wsUqD9p4g==/lib/arm64:/data/app/~~yWCDRyEvDNqqO1yZuOW1_g==/com.google.android.apps.nbu.paisa.user-OPTYgcMzTx_u1wsUqD9p4g==/base.apk!/lib/arm64-v8a:/data/app/~~yWCDRyEvDNqqO1yZuOW1_g==/com.google.android.apps.nbu.paisa.user-OPTYgcMzTx_u1wsUqD9p4g==/split_config.arm64_v8a.apk!/lib/arm64-v8a:/data/app/~~yWCDRyEvDNqqO1yZuOW1_g==/com.google.android.apps.nbu.paisa.user-OPTYgcMzTx_u1wsUqD9p4g==/split_config.xxhdpi.apk!/lib/arm64-v8a, permitted_path=/data:/mnt/expand:/data/user/0/com.goo
05-30 08:36:13.918 29936 29936 E Styles  : getprop ro.boot.hardware.color=[]
05-30 08:36:13.918 29936 29936 I PERSONALIZE.MotoApp: Personalize started, version: 01.0.2.078, flavor = release, ROW? = true
05-30 08:36:13.920 29936 29936 D Styles  : Launcher Home App Count = 2
05-30 08:36:13.920 29936 29936 D Styles  : isMotoLauncherDefaultHome: {com.motorola.launcher3/com.android.launcher3.CustomizationPanelLauncher}
05-30 08:36:13.922 29936 29936 D Styles  : Init work for Moto Personalize: 
05-30 08:36:13.925 29936 29936 D Styles  : FOD support? : false
05-30 08:36:13.925 29936 29936 I Typeface: updateThemeFont new=Rookery-Regular;old=sans-serif;new=Rookery-Stacked;old=
05-30 08:36:13.932  1946  4687 D CompatibilityChangeReporter: Compat change id reported: 161252188; UID 10256; state: DISABLED
05-30 08:36:13.934 29948 29948 D nativeloader: Load libframework-connectivity-jni.so using APEX ns com_android_tethering for caller /apex/com.android.tethering/javalib/framework-connectivity.jar: ok
05-30 08:36:13.937 29948 29948 V GraphicsEnvironment: ANGLE Developer option for 'com.google.android.apps.nbu.paisa.user' set to: 'default'
05-30 08:36:13.938 29948 29948 V GraphicsEnvironment: ANGLE GameManagerService for com.google.android.apps.nbu.paisa.user: false
05-30 08:36:13.938 29948 29948 V GraphicsEnvironment: Neither updatable production driver nor prerelease driver is supported.
05-30 08:36:13.939 29948 29948 D NetworkSecurityConfig: Using Network Security Config from resource gpay_app_network_security_config debugBuild: false
05-30 08:36:13.941 29948 29948 D NetworkSecurityConfig: Using Network Security Config from resource gpay_app_network_security_config debugBuild: false
05-30 08:36:13.950 29936 29962 D CompatibilityChangeReporter: Compat change id reported: 160794467; UID 10256; state: ENABLED
05-30 08:36:14.031 27088 27088 D BoundBrokerSvc: onRebind: Intent { act=com.google.android.gms.notifications.capping.api.NotificationsCappingApiService.START dat=chimera-action:/... cmp=com.google.android.gms/.chimera.GmsApiService }
05-30 08:36:14.033  1946  4687 D CompatibilityChangeReporter: Compat change id reported: 161145287; UID 10999; state: DISABLED
05-30 08:36:14.034 29948 29948 D CompatibilityChangeReporter: Compat change id reported: 183155436; UID 10999; state: ENABLED
05-30 08:36:14.050 29948 29948 W ProxyAndroidLoggerBackend: Too many Flogger logs received before configuration. Dropping old logs.
05-30 08:36:14.051 29948 29948 W ProxyAndroidLoggerBackend: Too many Flogger logs received before configuration. Dropping old logs.
05-30 08:36:14.051 29948 29948 W ProxyAndroidLoggerBackend: Too many Flogger logs received before configuration. Dropping old logs.
05-30 08:36:14.052 29948 29948 W ProxyAndroidLoggerBackend: Too many Flogger logs received before configuration. Dropping old logs.
05-30 08:36:14.052 29948 29948 W ProxyAndroidLoggerBackend: Too many Flogger logs received before configuration. Dropping old logs.
05-30 08:36:14.052 29948 29948 W ProxyAndroidLoggerBackend: Too many Flogger logs received before configuration. Dropping old logs.
05-30 08:36:14.053 29948 29948 W ProxyAndroidLoggerBackend: Too many Flogger logs received before configuration. Dropping old logs.
05-30 08:36:14.053 29948 29948 W ProxyAndroidLoggerBackend: Too many Flogger logs received before configuration. Dropping old logs.
05-30 08:36:14.053 29948 29948 W ProxyAndroidLoggerBackend: Too many Flogger logs received before configuration. Dropping old logs.
05-30 08:36:14.054 29948 29948 W ProxyAndroidLoggerBackend: Too many Flogger logs received before configuration. Dropping old logs.
05-30 08:36:14.055 29948 29948 W ProxyAndroidLoggerBackend: Too many Flogger logs received before configuration. Dropping old logs.
05-30 08:36:14.055 29948 29948 W ProxyAndroidLoggerBackend: Too many Flogger logs received before configuration. Dropping old logs.
05-30 08:36:14.055 29948 29948 W ProxyAndroidLoggerBackend: Too many Flogger logs received before configuration. Dropping old logs.
05-30 08:36:14.055 29948 29948 W ProxyAndroidLoggerBackend: Too many Flogger logs received before configuration. Dropping old logs.
05-30 08:36:14.056 29948 29948 W ProxyAndroidLoggerBackend: Too many Flogger logs received before configuration. Dropping old logs.
05-30 08:36:14.056 29948 29948 W ProxyAndroidLoggerBackend: Too many Flogger logs received before configuration. Dropping old logs.
05-30 08:36:14.056 29948 29948 W ProxyAndroidLoggerBackend: Too many Flogger logs received before configuration. Dropping old logs.
05-30 08:36:14.057 29948 29948 W ProxyAndroidLoggerBackend: Too many Flogger logs received before configuration. Dropping old logs.
05-30 08:36:14.057 29948 29948 W ProxyAndroidLoggerBackend: Too many Flogger logs received before configuration. Dropping old logs.
05-30 08:36:14.057 29948 29948 W ProxyAndroidLoggerBackend: Too many Flogger logs received before configuration. Dropping old logs.
05-30 08:36:14.057 29948 29948 W ProxyAndroidLoggerBackend: Too many Flogger logs received before configuration. Dropping old logs.
05-30 08:36:14.058 29948 29948 W ProxyAndroidLoggerBackend: Too many Flogger logs received before configuration. Dropping old logs.
05-30 08:36:14.065 29948 29948 I Typeface: updateThemeFont new=Rookery-Regular;old=sans-serif;new=Rookery-Stacked;old=
05-30 08:36:14.070 29936 29979 D CheckInWorker: doWork
05-30 08:36:14.076 29936 29979 D PersonalizeMetrics: Nothing to upload, stop this event send
05-30 08:36:14.078 29936 29968 I WM-WorkerWrapper: Worker result SUCCESS for Work [ id=8d3f8d7c-0bc3-4519-bc99-ecaeff5d9bac, tags={ com.motorola.personalize.analysis.CheckInWorker } ]
05-30 08:36:14.090 29936 29968 D CompatibilityChangeReporter: Compat change id reported: 194532703; UID 10256; state: ENABLED
05-30 08:36:14.091  1946  2111 W ActivityTaskManager: Activity top resumed state loss timeout for ActivityRecord{a3d4b19 u0 com.devomind.gallerysearch/.MainActivity} t-1 f}}
05-30 08:36:14.091  1946  2053 D CompatibilityChangeReporter: Compat change id reported: 194532703; UID 10256; state: ENABLED
05-30 08:36:14.101 29948 29975 D nativeloader: Load /data/app/~~yWCDRyEvDNqqO1yZuOW1_g==/com.google.android.apps.nbu.paisa.user-OPTYgcMzTx_u1wsUqD9p4g==/split_config.arm64_v8a.apk!/lib/arm64-v8a/libflutter.so using class loader ns clns-5 (caller=/data/app/~~yWCDRyEvDNqqO1yZuOW1_g==/com.google.android.apps.nbu.paisa.user-OPTYgcMzTx_u1wsUqD9p4g==/base.apk): ok
05-30 08:36:14.116 29948 29977 D CompatibilityChangeReporter: Compat change id reported: 160794467; UID 10999; state: ENABLED
05-30 08:36:14.211  1946  1946 W AccessibilityManagerService:  wait for adding window timeout: 9644
05-30 08:36:14.306 29948 29948 W .nbu.paisa.user: type=1400 audit(0.0:216950): avc: denied { read } for name="max_map_count" dev="proc" ino=49886057 scontext=u:r:untrusted_app:s0:c231,c259,c512,c768 tcontext=u:object_r:proc_max_map_count:s0 tclass=file permissive=0 app=com.whatsapp
05-30 08:36:14.324 29948 29948 I flutter : [IMPORTANT:flutter/shell/common/shell.cc(527)] [Action Required]: Impeller opt-out deprecated.
05-30 08:36:14.324 29948 29948 I flutter :     The application opted out of Impeller by either using the
05-30 08:36:14.324 29948 29948 I flutter :     `--no-enable-impeller` flag or the
05-30 08:36:14.324 29948 29948 I flutter :     `io.flutter.embedding.android.EnableImpeller` `AndroidManifest.xml` entry.
05-30 08:36:14.324 29948 29948 I flutter :     These options are going to go away in an upcoming Flutter release. Remove
05-30 08:36:14.324 29948 29948 I flutter :     the explicit opt-out. If you need to opt-out, please report a bug describing
05-30 08:36:14.324 29948 29948 I flutter :     the issue.
05-30 08:36:14.324 29948 29948 I flutter : 
05-30 08:36:14.324 29948 29948 I flutter :     https://github.com/flutter/flutter/issues/new?template=02_bug.yml
05-30 08:36:14.324 29948 29948 I flutter : 
05-30 08:36:14.326 29948 29948 I AdrenoGLES-0: QUALCOMM build                   : 43fc279f3a, I58833f8ed4
05-30 08:36:14.326 29948 29948 I AdrenoGLES-0: Build Date                       : 03/24/23
05-30 08:36:14.326 29948 29948 I AdrenoGLES-0: OpenGL ES Shader Compiler Version: EV031.32.02.17
05-30 08:36:14.326 29948 29948 I AdrenoGLES-0: Local Branch                     : 
05-30 08:36:14.326 29948 29948 I AdrenoGLES-0: Remote Branch                    : 
05-30 08:36:14.326 29948 29948 I AdrenoGLES-0: Remote Branch                    : 
05-30 08:36:14.326 29948 29948 I AdrenoGLES-0: Reconstruct Branch               : 
05-30 08:36:14.326 29948 29948 I AdrenoGLES-0: Build Config                     : S P 10.0.7 AArch64
05-30 08:36:14.326 29948 29948 I AdrenoGLES-0: Driver Path                      : /vendor/lib64/egl/libGLESv2_adreno.so
05-30 08:36:14.336 29948 29948 I AdrenoGLES-0: PFP: 0x016ee197, ME: 0x00000000
05-30 08:36:14.437 29948 29996 W .nbu.paisa.user: ClassLoaderContext classpath size mismatch. expected=1, found=0 (DLC[];PCL[base.apk*217194814]{PCL[/system/framework/org.apache.http.legacy.jar*3352508509]#PCL[/system/framework/com.android.location.provider.jar*3868789109]#PCL[/system/framework/com.android.media.remotedisplay.jar*3886290638]} | DLC[];PCL[])
05-30 08:36:14.468 27088 27088 D BoundBrokerSvc: onBind: Intent { act=com.google.android.gms.constellation.service.START pkg=com.google.android.gms }
05-30 08:36:14.468 27088 27088 D BoundBrokerSvc: Loading bound service for intent: Intent { act=com.google.android.gms.constellation.service.START pkg=com.google.android.gms }
05-30 08:36:14.487 27088 27088 D BoundBrokerSvc: onBind: Intent { act=com.google.android.gms.asterism.service.START pkg=com.google.android.gms }
05-30 08:36:14.487 27088 27088 D BoundBrokerSvc: Loading bound service for intent: Intent { act=com.google.android.gms.asterism.service.START pkg=com.google.android.gms }
05-30 08:36:14.509 29948 29993 W System  : ClassLoader referenced unknown path: 
05-30 08:36:14.518 29948 29993 D nativeloader: Configuring clns-6 for other apk . target_sdk_version=37, uses_libraries=, library_path=/data/app/~~9X0Xtfipzaxe4X1g3GaSxw==/com.google.android.gms-1vtETpiT4lfrvGqrN8a6og==/lib/arm64:/data/app/~~9X0Xtfipzaxe4X1g3GaSxw==/com.google.android.gms-1vtETpiT4lfrvGqrN8a6og==/base.apk!/lib/arm64-v8a, permitted_path=/data:/mnt/expand:/data/user/0/com.google.android.gms
05-30 08:36:14.553 29948 29996 W .nbu.paisa.user: ClassLoaderContext classpath element checksum mismatch. expected=217194814, found=4173469444 (DLC[];PCL[base.apk*217194814]{PCL[/system/framework/org.apache.http.legacy.jar*3352508509]#PCL[/system/framework/com.android.location.provider.jar*3868789109]#PCL[/system/framework/com.android.media.remotedisplay.jar*3886290638]} | DLC[];PCL[/data/app/~~yWCDRyEvDNqqO1yZuOW1_g==/com.google.android.apps.nbu.paisa.user-OPTYgcMzTx_u1wsUqD9p4g==/base.apk*4173469444]{PCL[/system/framework/org.apache.http.legacy.jar*3352508509]})
05-30 08:36:14.562 29948 29985 D CompatibilityChangeReporter: Compat change id reported: 194532703; UID 10999; state: ENABLED
05-30 08:36:14.563  1946  3168 D CompatibilityChangeReporter: Compat change id reported: 194532703; UID 10999; state: ENABLED
05-30 08:36:14.770  1059  3561 E ANDR-PERF-LM: VmRssMeter:: start() 453: Could not find pid, can not collect vmrss data
05-30 08:36:14.771  1059  3562 E ANDR-PERF-LM: VmRssMeter:: start() 453: Could not find pid, can not collect vmrss data
05-30 08:36:14.771  1059  3562 E ANDR-PERF-LM: AdaptiveLaunch: writeToDataBase() 64: Meter aborted or could not get meter data for this run
05-30 08:36:15.003  1112  1112 D HWComposer: setVsyncEnabled: 1
05-30 08:36:15.015  1112  1187 D VSyncReactor: VSR: period confirmed
05-30 08:36:15.071  1112  1112 D HWComposer: setVsyncEnabled: 0
05-30 08:36:15.139 27088 27098 I MdiSyncModule: (REDACTED) Receiving API connection from package '%s'...
05-30 08:36:15.140 27088 27098 I MdiSyncModule: API connection successful!
05-30 08:36:15.187  2655  2655 D CBR_SystemUI: CarrierLabel - : updateLabel cellMsg:  cellEnabled: true
05-30 08:36:15.187  2655  2655 D CBR_SystemUI: CarrierLabel - : updateLabel mCellBroadcastMessage Visibility: 8
05-30 08:36:15.187  2655  2655 D CBR_SystemUI: CarrierLabel - : updateLabel cellMsg:  cellEnabled: true
05-30 08:36:15.187  2655  2655 D CBR_SystemUI: CarrierLabel - : updateLabel mCellBroadcastMessage Visibility: 8
05-30 08:36:15.189 29948 29993 W .nbu.paisa.user: ClassLoaderContext classpath element checksum mismatch. expected=217194814, found=4173469444 (DLC[];PCL[base.apk*217194814]{PCL[/system/framework/org.apache.http.legacy.jar*3352508509]#PCL[/system/framework/com.android.location.provider.jar*3868789109]#PCL[/system/framework/com.android.media.remotedisplay.jar*3886290638]} | DLC[];PCL[/data/app/~~yWCDRyEvDNqqO1yZuOW1_g==/com.google.android.apps.nbu.paisa.user-OPTYgcMzTx_u1wsUqD9p4g==/base.apk*4173469444]{PCL[/system/framework/org.apache.http.legacy.jar*3352508509]})
05-30 08:36:15.198 30396 30396 D BoundBrokerSvc: onRebind: Intent { act=com.google.android.gms.auth.aang.events.services.START dat=chimera-action:/... cmp=com.google.android.gms/.chimera.PersistentApiService }
05-30 08:36:15.227 30396 30396 D BoundBrokerSvc: onRebind: Intent { act=com.google.android.gms.common.telemetry.service.START dat=chimera-action:/... cmp=com.google.android.gms/.chimera.PersistentApiService }
05-30 08:36:15.241 29948 29993 D nativeloader: Configuring clns-7 for other apk . target_sdk_version=36, uses_libraries=ALL, library_path=/data/app/~~9X0Xtfipzaxe4X1g3GaSxw==/com.google.android.gms-1vtETpiT4lfrvGqrN8a6og==/split_CronetDynamite_installtime.apk!/lib/arm64-v8a, permitted_path=/data:/mnt/expand
05-30 08:36:15.241 29948 29993 D nativeloader: Extending system_exposed_libraries: libbinauralrenderer_wrapper.qti.so:libhoaeffects.qti.so:libQOC.qti.so:libjni_helper.motocameradesktop.so:libupdateprof.qti.so:libQOC.qti.so:libdiag_system.qti.so:libqape.qti.so:libqesdk_ndk_platform.qti.so:liblistenjni.qti.so:libimgTuner_jni.motoimagetuner.so
05-30 08:36:15.265 29948 30021 I HttpFlagsLoader: HTTP flags log line (Impl): Using live production flag values from Google
05-30 08:36:15.270 29948 29993 D nativeloader: Load /data/app/~~9X0Xtfipzaxe4X1g3GaSxw==/com.google.android.gms-1vtETpiT4lfrvGqrN8a6og==/split_CronetDynamite_installtime.apk!/lib/arm64-v8a/libcronet.147.0.7727.49.so using isolated ns clns-7 (caller=/data/app/~~9X0Xtfipzaxe4X1g3GaSxw==/com.google.android.gms-1vtETpiT4lfrvGqrN8a6og==/split_CronetDynamite_installtime.apk!classes2.dex): ok
05-30 08:36:15.280  1946  4677 D ConnectivityService: requestNetwork for uid/pid:10999/29948 activeRequest: null callbackRequest: 80700 [NetworkRequest [ REQUEST id=80701, [ Capabilities: INTERNET&NOT_RESTRICTED&TRUSTED&NOT_VCN_MANAGED Uid: 10999 RequestorUid: 10999 RequestorPkg: com.google.android.apps.nbu.paisa.user UnderlyingNetworks: Null] ]] callback flags: 0 order: 2147483647 isUidTracked: false declaredMethods: AVAIL|LOST|NC|LP
05-30 08:36:15.283  1946  2562 D OemPaidWifiNetworkFactory: got request NetworkRequest [ REQUEST id=80701, [ Capabilities: INTERNET&NOT_RESTRICTED&TRUSTED&NOT_VCN_MANAGED Uid: 10999 RequestorUid: 10999 RequestorPkg: com.google.android.apps.nbu.paisa.user UnderlyingNetworks: Null] ]
05-30 08:36:15.284  1946  2562 D MultiInternetWifiNetworkFactory: got request NetworkRequest [ REQUEST id=80701, [ Capabilities: INTERNET&NOT_RESTRICTED&TRUSTED&NOT_VCN_MANAGED Uid: 10999 RequestorUid: 10999 RequestorPkg: com.google.android.apps.nbu.paisa.user UnderlyingNetworks: Null] ]
05-30 08:36:15.285  1946  2562 D WifiNetworkFactory: got request NetworkRequest [ REQUEST id=80701, [ Capabilities: INTERNET&NOT_RESTRICTED&TRUSTED&NOT_VCN_MANAGED Uid: 10999 RequestorUid: 10999 RequestorPkg: com.google.android.apps.nbu.paisa.user UnderlyingNetworks: Null] ]
05-30 08:36:15.285  1946  2562 D UntrustedWifiNetworkFactory: got request NetworkRequest [ REQUEST id=80701, [ Capabilities: INTERNET&NOT_RESTRICTED&TRUSTED&NOT_VCN_MANAGED Uid: 10999 RequestorUid: 10999 RequestorPkg: com.google.android.apps.nbu.paisa.user UnderlyingNetworks: Null] ]
05-30 08:36:15.286  1946  2573 D ConnectivityService: NetReassign [80701 : null → 844] [c 1] [a 0] [i 4]
05-30 08:36:15.286  1946  4677 D CompatibilityChangeReporter: Compat change id reported: 319212206; UID 10999; state: ENABLED
05-30 08:36:15.291  1946  2573 D ConnectivityService: NetReassign [no changes] [c 0] [a 1] [i 3]
05-30 08:36:15.298 29948 29993 I cn_CronetLibraryLoader: Cronet version: 147.0.7727.49, arch: aarch64
05-30 08:36:15.311 29948 30019 E .nbu.paisa.user: No package ID 6a found for ID 0x6a0b0013.
05-30 08:36:15.315 29948 30019 I FA      : App measurement initialized, version: 167000
05-30 08:36:15.315 29948 30019 I FA      : To enable debug logging run: adb shell setprop log.tag.FA VERBOSE
05-30 08:36:15.316 29948 30019 I FA      : To enable faster debug mode event logging run:
05-30 08:36:15.316 29948 30019 I FA      :   adb shell setprop debug.firebase.analytics.app com.google.android.apps.nbu.paisa.user
05-30 08:36:15.356 27088 27088 D BoundBrokerSvc: onBind: Intent { act=com.google.android.gms.measurement.START pkg=com.google.android.gms }
05-30 08:36:15.356 27088 27088 D BoundBrokerSvc: Loading bound service for intent: Intent { act=com.google.android.gms.measurement.START pkg=com.google.android.gms }
05-30 08:36:15.367 27088 27088 D BoundBrokerSvc: onBind: Intent { act=com.google.android.gms.auth.api.signin.service.START pkg=com.google.android.gms }
05-30 08:36:15.367 27088 27088 D BoundBrokerSvc: Loading bound service for intent: Intent { act=com.google.android.gms.auth.api.signin.service.START pkg=com.google.android.gms }
05-30 08:36:15.374 27088 32132 W Auth.Api.SignIn: [Service,SignInChimeraService] **************************** WARNING ***************************
05-30 08:36:15.374 27088 32132 W Auth.Api.SignIn: You are using the deprecated legacy Google Sign-In APIs from
05-30 08:36:15.374 27088 32132 W Auth.Api.SignIn: play-services-auth SDK. Please migrate to the Credential Manager
05-30 08:36:15.374 27088 32132 W Auth.Api.SignIn: APIs, see https://goo.gle/gsi-migration.
05-30 08:36:15.374 27088 32132 W Auth.Api.SignIn: ****************************************************************
05-30 08:36:15.392 27088 30045 D AdvertisingIdClient: AdvertisingIdClient already created.
05-30 08:36:15.392 27088 30045 D AdvertisingIdClient: AdvertisingIdClient is not bounded. Starting to bind it...
05-30 08:36:15.398 27088 30045 D AdvertisingIdClient: AdvertisingIdClient is bounded
05-30 08:36:15.402 27088 30045 I AdvertisingIdClient: shouldSendLog 735320658
05-30 08:36:15.402 27088 30045 I AdvertisingIdClient: GetInfoInternal elapse 10ms
05-30 08:36:15.578  1946  2219 E VerityUtils: Failed to measure fs-verity, errno 1: /data/app/~~yWCDRyEvDNqqO1yZuOW1_g==/com.google.android.apps.nbu.paisa.user-OPTYgcMzTx_u1wsUqD9p4g==/base.apk
05-30 08:36:15.584  1946  4687 D ConnectivityService: requestNetwork for uid/pid:10999/29948 activeRequest: null callbackRequest: 80703 [NetworkRequest [ REQUEST id=80704, [ Capabilities: INTERNET&NOT_RESTRICTED&TRUSTED&NOT_VCN_MANAGED Uid: 10999 RequestorUid: 10999 RequestorPkg: com.google.android.apps.nbu.paisa.user UnderlyingNetworks: Null] ]] callback flags: 0 order: 2147483647 isUidTracked: false declaredMethods: AVAIL|LOST|NC
05-30 08:36:15.586  1946  2562 D OemPaidWifiNetworkFactory: got request NetworkRequest [ REQUEST id=80704, [ Capabilities: INTERNET&NOT_RESTRICTED&TRUSTED&NOT_VCN_MANAGED Uid: 10999 RequestorUid: 10999 RequestorPkg: com.google.android.apps.nbu.paisa.user UnderlyingNetworks: Null] ]
05-30 08:36:15.586  1946  2562 D MultiInternetWifiNetworkFactory: got request NetworkRequest [ REQUEST id=80704, [ Capabilities: INTERNET&NOT_RESTRICTED&TRUSTED&NOT_VCN_MANAGED Uid: 10999 RequestorUid: 10999 RequestorPkg: com.google.android.apps.nbu.paisa.user UnderlyingNetworks: Null] ]
05-30 08:36:15.587  1946  2562 D WifiNetworkFactory: got request NetworkRequest [ REQUEST id=80704, [ Capabilities: INTERNET&NOT_RESTRICTED&TRUSTED&NOT_VCN_MANAGED Uid: 10999 RequestorUid: 10999 RequestorPkg: com.google.android.apps.nbu.paisa.user UnderlyingNetworks: Null] ]
05-30 08:36:15.587  1946  2562 D UntrustedWifiNetworkFactory: got request NetworkRequest [ REQUEST id=80704, [ Capabilities: INTERNET&NOT_RESTRICTED&TRUSTED&NOT_VCN_MANAGED Uid: 10999 RequestorUid: 10999 RequestorPkg: com.google.android.apps.nbu.paisa.user UnderlyingNetworks: Null] ]
05-30 08:36:15.587  1946  2573 D ConnectivityService: NetReassign [80704 : null → 844] [c 1] [a 0] [i 2]
05-30 08:36:15.591  1946  2053 D CompatibilityChangeReporter: Compat change id reported: 161252188; UID 10137; state: DISABLED
05-30 08:36:15.597  1946  4687 I ActivityManager: com.android.vending is exempt from freezer
05-30 08:36:15.597  1946  4687 D CompatibilityChangeReporter: Compat change id reported: 135634846; UID 10137; state: DISABLED
05-30 08:36:15.597  1946  4687 D CompatibilityChangeReporter: Compat change id reported: 177438394; UID 10137; state: DISABLED
05-30 08:36:15.597  1946  4687 D CompatibilityChangeReporter: Compat change id reported: 135772972; UID 10137; state: DISABLED
05-30 08:36:15.597  1946  4687 D CompatibilityChangeReporter: Compat change id reported: 135754954; UID 10137; state: ENABLED
05-30 08:36:15.597  1946  2131 D CompatibilityChangeReporter: Compat change id reported: 143937733; UID 10137; state: ENABLED
05-30 08:36:15.604 29948 29982 E .nbu.paisa.user: Attempt to load writable dex file: /data/user/0/com.google.android.apps.nbu.paisa.user/app_pccache2/5/7A613BD952B4C9A3464BD07DB3FDE8BF1644696C/pcam.jar
05-30 08:36:15.606   865   865 D Zygote  : Forked child process 30058
05-30 08:36:15.606  1946  2131 I ActivityManager: Start proc 30058:com.android.vending/u0a137 for service {com.android.vending/com.google.android.finsky.externalreferrer.GetInstallReferrerService}
05-30 08:36:15.622 30058 30058 I android.vending: Using CollectorTypeCC GC.
05-30 08:36:15.628 30058 30058 D nativeloader: Load libframework-connectivity-tiramisu-jni.so using APEX ns com_android_tethering for caller /apex/com.android.tethering/javalib/framework-connectivity-t.jar: ok
05-30 08:36:15.632 29948 29982 D nativeloader: Configuring clns-8 for other apk . target_sdk_version=36, uses_libraries=ALL, library_path=, permitted_path=/data:/mnt/expand
05-30 08:36:15.632 29948 29982 D nativeloader: Extending system_exposed_libraries: libbinauralrenderer_wrapper.qti.so:libhoaeffects.qti.so:libQOC.qti.so:libjni_helper.motocameradesktop.so:libupdateprof.qti.so:libQOC.qti.so:libdiag_system.qti.so:libqape.qti.so:libqesdk_ndk_platform.qti.so:liblistenjni.qti.so:libimgTuner_jni.motoimagetuner.so
05-30 08:36:15.633 29948 29948 W flutter-plugin-: type=1400 audit(0.0:216951): avc: granted { execute } for path="/data/data/com.google.android.apps.nbu.paisa.user/app_pccache2/5/7A613BD952B4C9A3464BD07DB3FDE8BF1644696C/pcam.jar" dev="dm-41" ino=2597328 scontext=u:r:untrusted_app:s0:c231,c259,c512,c768 tcontext=u:object_r:app_data_file:s0:c231,c259,c512,c768 tclass=file app=com.whatsapp
05-30 08:36:15.636 29948 29982 D nativeloader: Load /data/user/0/com.google.android.apps.nbu.paisa.user/app_pccache2/5/7A613BD952B4C9A3464BD07DB3FDE8BF1644696C/pcam.jar!/libd1B5CF1D877D1.so using isolated ns clns-8 (caller=/data/user/0/com.google.android.apps.nbu.paisa.user/app_pccache2/5/7A613BD952B4C9A3464BD07DB3FDE8BF1644696C/pcam.jar): ok
05-30 08:36:15.636  1946  3264 D CompatibilityChangeReporter: Compat change id reported: 168419799; UID 10137; state: DISABLED
05-30 08:36:15.637 27088   362 W SQLiteLog: (28) double-quoted string literal: "1779937575637"
05-30 08:36:15.637 27088   362 W SQLiteLog: (28) double-quoted string literal: "1"
05-30 08:36:15.642 30058 30058 D CompatibilityChangeReporter: Compat change id reported: 171979766; UID 10137; state: ENABLED
05-30 08:36:15.657 30058 30058 D nativeloader: Configuring clns-4 for other apk /system/framework/org.apache.http.legacy.jar. target_sdk_version=37, uses_libraries=ALL, library_path=/data/app/~~h4B3jol6uQFW9RAS4sIH1g==/com.android.vending-N4x55ipSSvko-z7pU5ESVQ==/lib/arm64:/data/app/~~h4B3jol6uQFW9RAS4sIH1g==/com.android.vending-N4x55ipSSvko-z7pU5ESVQ==/base.apk!/lib/arm64-v8a:/data/app/~~h4B3jol6uQFW9RAS4sIH1g==/com.android.vending-N4x55ipSSvko-z7pU5ESVQ==/split_config.arm64_v8a.apk!/lib/arm64-v8a:/data/app/~~h4B3jol6uQFW9RAS4sIH1g==/com.android.vending-N4x55ipSSvko-z7pU5ESVQ==/split_config.en.apk!/lib/arm64-v8a:/data/app/~~h4B3jol6uQFW9RAS4sIH1g==/com.android.vending-N4x55ipSSvko-z7pU5ESVQ==/split_phonesky_data_loader.apk!/lib/arm64-v8a:/data/app/~~h4B3jol6uQFW9RAS4sIH1g==/com.android.vending-N4x55ipSSvko-z7pU5ESVQ==/split_phonesky_data_loader.config.arm64_v8a.apk!/lib/arm64-v8a:/data/app/~~h4B3jol6uQFW9RAS4sIH1g==/com.android.vending-N4x55ipSSvko-z7pU5ESVQ==/split_phonesky_webrtc_native_lib.apk!/lib/arm64-v8a:/data/app/~~h4B3jol6uQFW9RAS4sIH1g==/com.a
05-30 08:36:15.657 30058 30058 D nativeloader: Extending system_exposed_libraries: libbinauralrenderer_wrapper.qti.so:libhoaeffects.qti.so:libQOC.qti.so:libjni_helper.motocameradesktop.so:libupdateprof.qti.so:libQOC.qti.so:libdiag_system.qti.so:libqape.qti.so:libqesdk_ndk_platform.qti.so:liblistenjni.qti.so:libimgTuner_jni.motoimagetuner.so
05-30 08:36:15.743 30058 30058 W android.vending: Failed to find entry 'classes.dex': Entry not found
05-30 08:36:15.744 30058 30058 W android.vending: Failed to find entry 'classes.dex': Entry not found
05-30 08:36:15.746 30058 30058 W android.vending: Failed to find entry 'classes.dex': Entry not found
05-30 08:36:15.747 30058 30058 W android.vending: Failed to find entry 'classes.dex': Entry not found
05-30 08:36:15.748 30058 30058 W android.vending: Failed to find entry 'classes.dex': Entry not found
05-30 08:36:15.749 30058 30058 W android.vending: Failed to find entry 'classes.dex': Entry not found
05-30 08:36:15.751 30058 30058 D nativeloader: Configuring clns-5 for other apk /data/app/~~h4B3jol6uQFW9RAS4sIH1g==/com.android.vending-N4x55ipSSvko-z7pU5ESVQ==/base.apk:/data/app/~~h4B3jol6uQFW9RAS4sIH1g==/com.android.vending-N4x55ipSSvko-z7pU5ESVQ==/split_config.arm64_v8a.apk:/data/app/~~h4B3jol6uQFW9RAS4sIH1g==/com.android.vending-N4x55ipSSvko-z7pU5ESVQ==/split_config.en.apk:/data/app/~~h4B3jol6uQFW9RAS4sIH1g==/com.android.vending-N4x55ipSSvko-z7pU5ESVQ==/split_phonesky_data_loader.apk:/data/app/~~h4B3jol6uQFW9RAS4sIH1g==/com.android.vending-N4x55ipSSvko-z7pU5ESVQ==/split_phonesky_data_loader.config.arm64_v8a.apk:/data/app/~~h4B3jol6uQFW9RAS4sIH1g==/com.android.vending-N4x55ipSSvko-z7pU5ESVQ==/split_phonesky_webrtc_native_lib.apk:/data/app/~~h4B3jol6uQFW9RAS4sIH1g==/com.android.vending-N4x55ipSSvko-z7pU5ESVQ==/split_phonesky_webrtc_native_lib.config.arm64_v8a.apk. target_sdk_version=37, uses_libraries=, library_path=/data/app/~~h4B3jol6uQFW9RAS4sIH1g==/com.android.vending-N4x55ipSSvko-z7pU5ESVQ==/lib/arm64:/data/app/~~h4B3jol6uQFW9RAS4sIH1g==/com.and
05-30 08:36:15.771 30058 30058 D nativeloader: Load libframework-connectivity-jni.so using APEX ns com_android_tethering for caller /apex/com.android.tethering/javalib/framework-connectivity.jar: ok
05-30 08:36:15.776 30058 30058 V GraphicsEnvironment: ANGLE Developer option for 'com.android.vending' set to: 'default'
05-30 08:36:15.777 30058 30058 V GraphicsEnvironment: ANGLE GameManagerService for com.android.vending: false
05-30 08:36:15.777 30058 30058 V GraphicsEnvironment: Neither updatable production driver nor prerelease driver is supported.
05-30 08:36:15.781 30058 30058 D NetworkSecurityConfig: No Network Security Config specified, using platform default
05-30 08:36:15.781 30058 30058 D NetworkSecurityConfig: No Network Security Config specified, using platform default
05-30 08:36:15.809 30058 30058 I Finsky  : [2] Process created at version: 51.5.21-31 [0] [PR] 916190111
05-30 08:36:15.829 30058 30078 I Finsky  : [6073] Finished reading experiment flags from file [0tGUNCGIkbk4o6-fQ335kUYSKwVj4lusnHT-A5Dsy08] numFlags=2349.
05-30 08:36:15.831 30058 30081 W Finsky  : [6076] Failed to get the task info for cold start.
05-30 08:36:15.831 30058 30081 I Finsky  : [6076] Process started for unknown session.
05-30 08:36:15.831 30058 30080 I Finsky  : [6075] Finished reading experiment flags from file [Se-xCc4LzNyh3UrKMIU2sUf-PUKz4oQEbpKZDMuaFno] numFlags=1998.
05-30 08:36:15.833 30058 30079 I Finsky  : [6074] Finished reading experiment flags from file [rN3Ql0iTluVio-zbNOodwir_IhL6fxjC3JTi0uztPVw] numFlags=2009.
05-30 08:36:15.837  1946  3264 D CompatibilityChangeReporter: Compat change id reported: 161145287; UID 10137; state: DISABLED
05-30 08:36:15.853 30058 30089 D nativeloader: Load /data/app/~~h4B3jol6uQFW9RAS4sIH1g==/com.android.vending-N4x55ipSSvko-z7pU5ESVQ==/split_config.arm64_v8a.apk!/lib/arm64-v8a/libmappedcountercacheversionjni.so using class loader ns clns-5 (caller=/data/app/~~h4B3jol6uQFW9RAS4sIH1g==/com.android.vending-N4x55ipSSvko-z7pU5ESVQ==/base.apk): ok
05-30 08:36:15.874 30396  1804 W GetConfigSnapshotOp: Succeeded but not registered: com.google.android.libraries.performance.primes#com.android.vending [CONTEXT service_id=51 ]
05-30 08:36:15.884 30058 30058 I Finsky  : [2] Profiling: Starting up (3)
05-30 08:36:15.900 30058 30081 I Finsky  : [6076] ajwt - Registering in memory receiver for android.intent.action.PACKAGE_ADDED and android.intent.action.PACKAGE_REMOVED
05-30 08:36:15.911 30058 30058 I Typeface: updateThemeFont new=Rookery-Regular;old=sans-serif;new=Rookery-Stacked;old=
05-30 08:36:15.927 30058 30079 D CompatibilityChangeReporter: Compat change id reported: 183155436; UID 10137; state: ENABLED
05-30 08:36:15.944 30396  1804 W GetConfigSnapshotOp: Succeeded but not registered: com.google.android.gms.gmscompliance_client#com.android.vending [CONTEXT service_id=51 ]
05-30 08:36:15.950 30058 30058 I Finsky  : [2] This process start was not selected for Play memory metrics collection.
05-30 08:36:15.953  1946  2053 I ActivityManager: Killing 29326:com.google.android.apps.wellbeing/u0a140 (adj 925, setSvc -10000): empty #13
05-30 08:36:15.959  1946  2152 I libprocessgroup: Successfully killed process cgroup uid 10140 pid 29326 in 5ms
05-30 08:36:15.995  1946  2053 I ActivityManager: appDiedLocked: app=ProcessRecord{35df2a6 29326:com.google.android.apps.wellbeing/u0a140} thread=android.os.BinderProxy@63326b4 fromBinderDied=true isKilledByAm=true reason=null
05-30 08:36:15.995   865   865 I Zygote  : Process 29326 exited due to signal 9 (Killed)
05-30 08:36:15.996  1946  2053 W ActivityManager: Scheduling restart of crashed service com.google.android.apps.wellbeing/.screen.ui.GrayscaleTileService in 1000ms for connection
05-30 08:36:15.996  1946  2053 D RestartModeController: markWaitRestartAppIsSuicided null processName=com.google.android.apps.wellbeing
05-30 08:36:15.997  1946  2053 D ActivityTaskManager: handleAppDied: uid=10140,diedCount=1,lastDiedTime=466627486,forceStopUids=false
05-30 08:36:15.997  1946  2109 D DisplayManagerService: Drop pending events for gone uid 10140
05-30 08:36:16.175 30058 30073 I Finsky  : [6069] Subscription detail: DataSubscriptionInfo{groupIdLevel1=FF, serviceProviderName=[KUg_OXGEV6BiyJOygiTaXUp_-RLBvm2SfXwihai6m4c], simCarrierId=1963}
05-30 08:36:16.178 30058 30058 I Finsky  : [2] onSubscriptionsChanged
05-30 08:36:16.179 30058 30073 I Finsky  : [6069] playLoggingServerUrl: https://play.googleapis.com/play/log
05-30 08:36:16.180 30058 30073 I Finsky  : [6069] playLoggingServerTimestampUrl: https://play.googleapis.com/play/log/timestamp
05-30 08:36:16.320 30058 30094 I Finsky  : [6089] SysUA: Set SystemUpdateActivity enabled state to 1
05-30 08:36:16.323 30058 30094 I Finsky  : [6089] Set UnhibernateActivity enabled state to 1
05-30 08:36:16.330 30058 30079 I Finsky  : [6074] VerifyApps: Setup app restrictions monitor
05-30 08:36:16.333 30058 30079 I Finsky  : [6074] VerifyApps: Device wide unknown source restriction updated
05-30 08:36:16.336 30058 30096 I Finsky  : [6091] SysCUA: Set {com.android.vending/com.google.android.finsky.systemcomponentupdateui.common.SystemComponentUpdateActivity} enabled state to 0
05-30 08:36:16.338 30058 30079 I Finsky  : [6074] VerifyApps: Updating ADI Warn Mode activity enabled state
05-30 08:36:16.339 30058 30093 I Finsky  : [6088] VerifyApps: Resolving target for ADI Warn Mode activity
05-30 08:36:16.340 30058 30093 I Finsky  : [6088] VerifyApps: Feature flag disabled, ADI Warn Mode activity target not resolved
05-30 08:36:16.341 30058 30093 I Finsky  : [6088] VerifyApps: Successfully updated the ADI Warn Mode activity to disabled
05-30 08:36:16.345 30058 30082 I Finsky  : [6077] Enqueuing libraries load for 1254743385
05-30 08:36:16.345 30058 30094 I Finsky  : [6089] Starting libraries load for 1254743385
05-30 08:36:16.349 30058 30078 I Finsky  : [6073] RECEIVER_SINGLE_USER_SETTINGS#logWorkEndAndFinishGoAsync: SUCCESS
05-30 08:36:16.410 29948 30039 W Firebase-Installations: Error when communicating with the Firebase Installations server API. HTTP response: [403 Forbidden: {
05-30 08:36:16.410 29948 30039 W Firebase-Installations:   "error": {
05-30 08:36:16.410 29948 30039 W Firebase-Installations:     "code": 403,
05-30 08:36:16.410 29948 30039 W Firebase-Installations:     "message": "Requests to this API firebaseinstallations.googleapis.com method google.firebase.installations.v1.FirebaseInstallationsService.CreateInstallation are blocked.",
05-30 08:36:16.410 29948 30039 W Firebase-Installations:     "status": "PERMISSION_DENIED",
05-30 08:36:16.410 29948 30039 W Firebase-Installations:     "details": [
05-30 08:36:16.410 29948 30039 W Firebase-Installations:       {
05-30 08:36:16.410 29948 30039 W Firebase-Installations:         "@type": "type.googleapis.com/google.rpc.ErrorInfo",
05-30 08:36:16.410 29948 30039 W Firebase-Installations:         "reason": "API_KEY_SERVICE_BLOCKED",
05-30 08:36:16.410 29948 30039 W Firebase-Installations:         "domain": "googleapis.com",
05-30 08:36:16.410 29948 30039 W Firebase-Installations:         "metadata": {
05-30 08:36:16.410 29948 30039 W Firebase-Installations:           "service": "firebaseinstallations.googleapis.com",
05-30 08:36:16.410 29948 30039 W Firebase-Installations:           "methodName": "google.firebase.installations.v1.FirebaseInstallationsService.CreateInstallation",
05-30 08:36:16.410 29948 30039 W Firebase-Installations:           "apiName": "firebaseinstallations.googleapis.com",
05-30 08:36:16.410 29948 30039 W Firebase-Installations:           "consumer": "projects/821562894021"
05-30 08:36:16.410 29948 30039 W Firebase-Installations:         }
05-30 08:36:16.410 29948 30039 W Firebase-Installations:       },
05-30 08:36:16.410 29948 30039 W Firebase-Installations:       {
05-30 08:36:16.410 29948 30039 W Firebase-Installations:         "@type": "type.googleapis.com/google.rpc.LocalizedMessage",
05-30 08:36:16.410 29948 30039 W Firebase-Installations:         "locale": "en-US",
05-30 08:36:16.410 29948 30039 W Firebase-Installations:         "message": "Requests to this API firebaseinstallations.googleapis.com method google.firebase.installations.v1.FirebaseInstallationsService.CreateInstallation are blocked."
05-30 08:36:16.410 29948 30039 W Firebase-Installations:       }
05-30 08:36:16.410 29948 30039 W Firebase-Installations:     ]
05-30 08:36:16.410 29948 30039 W Firebase-Installations:   }
05-30 08:36:16.410 29948 30039 W Firebase-Installations: }
05-30 08:36:16.410 29948 30039 W Firebase-Installations: ]
05-30 08:36:16.410 29948 30039 W Firebase-Installations: Firebase options used while communicating with Firebase server APIs: AIzaSyB8uQD6i7b6T5sdX4eTKmh_jfuxqGQg5jU, google.com:paisa-android-client, 1:821562894021:android:8dda0809f50bbe5b
05-30 08:36:16.410 29948 30039 E Firebase-Installations: Firebase Installations can not communicate with Firebase server APIs due to invalid configuration. Please update your Firebase initialization process and set valid Firebase options (API key, Project ID, Application ID) when initializing Firebase.
05-30 08:36:16.461 30058 30094 I Finsky  : [6089] Loaded library for account: [YZ4o6nb7g1nvhjaRCYfumzdgaHmkQfj2g2sVcB5_v0k]
05-30 08:36:16.461 30058 30094 I Finsky  : [6089] Finished loading 1 libraries.
05-30 08:36:16.575  1946  2162 W BatteryExternalStatsWorker: error reading Bluetooth stats: 9
05-30 08:36:16.579  1946  2130 I ActivityManager: Killing 29228:com.android.vending:background/u0a137 (adj 955, setSvc -10000): cached idle & background restricted
05-30 08:36:16.583  1946  2053 D TelephonyManager: requestModemActivityInfo: Sending result to app: ModemActivityInfo{ mTimestamp=736114458 mSleepTimeMs=337399761 mIdleTimeMs=47019071 mActivityStatsTechSpecificInfo=[{mRat=UNKNOWN,mFrequencyRange=UNKNOWN,mTxTimeMs[]=[41361439, 14, 16577011, 6967199, 627587],mRxTimeMs=269512654}]}
05-30 08:36:16.591  1946  2152 I libprocessgroup: Successfully killed process cgroup uid 10137 pid 29228 in 10ms
05-30 08:36:16.647  1946 11408 I ActivityManager: appDiedLocked: app=ProcessRecord{a8cb25f 29228:com.android.vending:background/u0a137} thread=android.os.BinderProxy@966a31e fromBinderDied=true isKilledByAm=true reason=null
05-30 08:36:16.648  1946  2573 D ConnectivityService: releasing NetworkRequest [ REQUEST id=80683, [ Capabilities: INTERNET&NOT_RESTRICTED&TRUSTED&NOT_VCN_MANAGED Uid: 10137 RequestorUid: 10137 RequestorPkg: com.android.vending UnderlyingNetworks: Null] ] (release request)
05-30 08:36:16.648   865   865 I Zygote  : Process 29228 exited due to signal 9 (Killed)
05-30 08:36:16.648  1946  2573 D ConnectivityService: releasing NetworkRequest [ REQUEST id=80676, [ Capabilities: INTERNET&NOT_RESTRICTED&TRUSTED&NOT_VCN_MANAGED Uid: 10137 RequestorUid: 10137 RequestorPkg: com.android.vending UnderlyingNetworks: Null] ] (release request)
05-30 08:36:16.648  1946 11408 D RestartModeController: markWaitRestartAppIsSuicided null processName=com.android.vending:background
05-30 08:36:16.648  1946  2573 D ConnectivityService: releasing NetworkRequest [ REQUEST id=80678, [ Capabilities: INTERNET&NOT_RESTRICTED&TRUSTED&NOT_VCN_MANAGED Uid: 10137 RequestorUid: 10137 RequestorPkg: com.android.vending UnderlyingNetworks: Null] ] (release request)
05-30 08:36:16.648  1946 11408 D ActivityTaskManager: handleAppDied: uid=10137,diedCount=1,lastDiedTime=466663927,forceStopUids=false
05-30 08:36:16.998  1946  2130 D CompatibilityChangeReporter: Compat change id reported: 135634846; UID 10140; state: DISABLED
05-30 08:36:16.998  1946  2130 D CompatibilityChangeReporter: Compat change id reported: 177438394; UID 10140; state: DISABLED
05-30 08:36:16.999  1946  2130 D CompatibilityChangeReporter: Compat change id reported: 135772972; UID 10140; state: DISABLED
05-30 08:36:16.999  1946  2130 D CompatibilityChangeReporter: Compat change id reported: 135754954; UID 10140; state: ENABLED
05-30 08:36:16.999  1946  2131 D CompatibilityChangeReporter: Compat change id reported: 143937733; UID 10140; state: ENABLED
05-30 08:36:17.003  1112  1112 D HWComposer: setVsyncEnabled: 1
05-30 08:36:17.009  1112  1187 D VSyncReactor: VSR: period confirmed
05-30 08:36:17.011   865   865 D Zygote  : Forked child process 30110
05-30 08:36:17.012  1946  2131 I ActivityManager: Start proc 30110:com.google.android.apps.wellbeing/u0a140 for service {com.google.android.apps.wellbeing/com.google.android.apps.wellbeing.screen.ui.GrayscaleTileService}
05-30 08:36:17.026 30110 30110 I .apps.wellbeing: Using CollectorTypeCC GC.
05-30 08:36:17.032 30110 30110 D nativeloader: Load libframework-connectivity-tiramisu-jni.so using APEX ns com_android_tethering for caller /apex/com.android.tethering/javalib/framework-connectivity-t.jar: ok
05-30 08:36:17.039  1946  3163 D CompatibilityChangeReporter: Compat change id reported: 168419799; UID 10140; state: DISABLED
05-30 08:36:17.043 30110 30110 D CompatibilityChangeReporter: Compat change id reported: 171979766; UID 10140; state: ENABLED
05-30 08:36:17.065  1112  1112 D HWComposer: setVsyncEnabled: 0
05-30 08:36:17.090 30110 30110 W .apps.wellbeing: Failed to find entry 'classes.dex': Entry not found
05-30 08:36:17.092 30110 30110 D nativeloader: Configuring clns-4 for other apk /data/app/~~cKUWaro8h6e0ZExHBVaYzg==/com.google.android.apps.wellbeing-IONnIAT-lmnUIAAZRRvEZg==/base.apk:/data/app/~~cKUWaro8h6e0ZExHBVaYzg==/com.google.android.apps.wellbeing-IONnIAT-lmnUIAAZRRvEZg==/split_config.xxhdpi.apk. target_sdk_version=36, uses_libraries=, library_path=/data/app/~~cKUWaro8h6e0ZExHBVaYzg==/com.google.android.apps.wellbeing-IONnIAT-lmnUIAAZRRvEZg==/lib/arm64:/data/app/~~cKUWaro8h6e0ZExHBVaYzg==/com.google.android.apps.wellbeing-IONnIAT-lmnUIAAZRRvEZg==/base.apk!/lib/arm64-v8a:/data/app/~~cKUWaro8h6e0ZExHBVaYzg==/com.google.android.apps.wellbeing-IONnIAT-lmnUIAAZRRvEZg==/split_config.xxhdpi.apk!/lib/arm64-v8a, permitted_path=/data:/mnt/expand:/data/user/0/com.google.android.apps.wellbeing
05-30 08:36:17.112 30110 30110 D nativeloader: Load libframework-connectivity-jni.so using APEX ns com_android_tethering for caller /apex/com.android.tethering/javalib/framework-connectivity.jar: ok
05-30 08:36:17.117 30110 30110 V GraphicsEnvironment: ANGLE Developer option for 'com.google.android.apps.wellbeing' set to: 'default'
05-30 08:36:17.117 30110 30110 V GraphicsEnvironment: ANGLE GameManagerService for com.google.android.apps.wellbeing: false
05-30 08:36:17.117 30110 30110 V GraphicsEnvironment: Neither updatable production driver nor prerelease driver is supported.
05-30 08:36:17.123 30110 30110 D NetworkSecurityConfig: No Network Security Config specified, using platform default
05-30 08:36:17.123 30110 30110 D NetworkSecurityConfig: No Network Security Config specified, using platform default
05-30 08:36:17.157 30110 30110 I lvp     : SslGuard completed installation.
05-30 08:36:17.173 30110 30110 I Typeface: updateThemeFont new=Rookery-Regular;old=sans-serif;new=Rookery-Stacked;old=
05-30 08:36:17.206  1946  3227 D CompatibilityChangeReporter: Compat change id reported: 161145287; UID 10140; state: DISABLED
05-30 08:36:17.294 30110 30110 D CompatibilityChangeReporter: Compat change id reported: 183155436; UID 10140; state: ENABLED
05-30 08:36:17.915  1112  1112 D HWComposer: setVsyncEnabled: 1
05-30 08:36:17.921  1112  1187 D VSyncReactor: VSR: period confirmed
05-30 08:36:17.980  1112  1112 D HWComposer: setVsyncEnabled: 0
05-30 08:36:19.006  1112  1112 D HWComposer: setVsyncEnabled: 1
05-30 08:36:19.013  1112  1187 D VSyncReactor: VSR: period confirmed
05-30 08:36:19.070  1112  1112 D HWComposer: setVsyncEnabled: 0
05-30 08:36:19.571 29936 30130 D ProfileInstaller: Skipping profile installation for com.motorola.personalize
05-30 08:36:19.948  1112  1112 D HWComposer: setVsyncEnabled: 1
05-30 08:36:19.959  1112  1187 D VSyncReactor: VSR: period confirmed
05-30 08:36:20.016  1112  1112 D HWComposer: setVsyncEnabled: 0
05-30 08:36:20.237 30396 30396 D BoundBrokerSvc: onUnbind: Intent { act=com.google.android.gms.common.telemetry.service.START dat=chimera-action:/... cmp=com.google.android.gms/.chimera.PersistentApiService }
05-30 08:36:20.958  1112  1112 D HWComposer: setVsyncEnabled: 1
05-30 08:36:20.961  1112  1187 D VSyncReactor: VSR: period confirmed
05-30 08:36:21.018  1112  1112 D HWComposer: setVsyncEnabled: 0
05-30 08:36:21.262   999  2336 I slpi    : mn78_get_data_dri_befor: gpio_state=0 
05-30 08:36:21.263   999  2336 I slpi    : mn78_sensor_read_als ag_stage=0, REG0x69=0x7, cmp h = 0x10, l = 0x0, int_flag = 0x4,cmp_rstn = 0x2, lock = 0x1,als_sat = 0x0,als channel 0 = 28,als channel 1 = 32,als channel 2= 4
05-30 08:36:21.263   999  2336 I slpi    : mn78_get_data_dri_befor als: int_flag = 0x4  ps: int_flag = 0x0
05-30 08:36:21.263   999  2336 I slpi    : mn78_set_lsensor_intr_threshold - rc=0, low_thd = 26, high_thd = 38
05-30 08:36:21.264   999  2336 I slpi    : [lux_convert_to_lux]: lux_per_lux=851, new_lpc=272, lux=8 
05-30 08:36:21.264   999  2336 I slpi    : mn78_sensor_als_report: lux=8, ch1=32, state->als_info.scale =851 
05-30 08:36:21.265   999  2336 I slpi    : mn78_sensor_ps_report:state->ps_info.ps_last_report  = far , state->ps_info.pdata=5618,state->ps_info.cover_raw=1568,state->ps_info.uncover_raw=317,low_threshold=5816,high_threshold=6191
05-30 08:36:21.265   999  2336 I slpi    : mn78_sensor_ps_report: fac_max_ct=5055, dynk_min_pdata=5541, 
05-30 08:36:21.266   999  2336 I slpi    : mn78_sensor_read_als ag_stage=0, REG0x69=0x7, cmp h = 0x0, l = 0x0, int_flag = 0x0,cmp_rstn = 0x2, lock = 0x0,als_sat = 0x0,als channel 0 = 28,als channel 1 = 32,als channel 2= 4
05-30 08:36:21.266   999  2336 I slpi    : mn78_get_data_dri_after als: int_flag = 0x0  ps: int_flag = 0x0
05-30 08:36:21.267   999  2336 I slpi    : mn78_get_data_dri_after: gpio_state=1 
05-30 08:36:21.551  2655  2655 D CBR_SystemUI: CarrierLabel - : updateLabel cellMsg:  cellEnabled: true
05-30 08:36:21.552  2655  2655 D CBR_SystemUI: CarrierLabel - : updateLabel mCellBroadcastMessage Visibility: 8
05-30 08:36:21.552  2655  2655 D CBR_SystemUI: CarrierLabel - : updateLabel cellMsg:  cellEnabled: true
05-30 08:36:21.552  2655  2655 D CBR_SystemUI: CarrierLabel - : updateLabel mCellBroadcastMessage Visibility: 8
05-30 08:36:21.556  2655  2655 D CBR_SystemUI: CarrierLabel - : updateLabel cellMsg:  cellEnabled: true
05-30 08:36:21.556  2655  2655 D CBR_SystemUI: CarrierLabel - : updateLabel mCellBroadcastMessage Visibility: 8
05-30 08:36:21.556  2655  2655 D CBR_SystemUI: CarrierLabel - : updateLabel cellMsg:  cellEnabled: true
05-30 08:36:21.556  2655  2655 D CBR_SystemUI: CarrierLabel - : updateLabel mCellBroadcastMessage Visibility: 8
05-30 08:36:21.747 14753 30393 V ClearcutMetricXmitter: Transmission is done.
05-30 08:36:22.004  1112  1112 D HWComposer: setVsyncEnabled: 1
05-30 08:36:22.007  1112  1187 D VSyncReactor: VSR: period confirmed
05-30 08:36:22.064  1112  1112 D HWComposer: setVsyncEnabled: 0
05-30 08:36:23.004  1112  1112 D HWComposer: setVsyncEnabled: 1
05-30 08:36:23.009  1112  1187 D VSyncReactor: VSR: period confirmed
05-30 08:36:23.068  1112  1112 D HWComposer: setVsyncEnabled: 0
05-30 08:36:24.005  1112  1112 D HWComposer: setVsyncEnabled: 1
05-30 08:36:24.012  1112  1187 D VSyncReactor: VSR: period confirmed
05-30 08:36:24.072  1112  1112 D HWComposer: setVsyncEnabled: 0
05-30 08:36:24.148  2655  2655 D CBR_SystemUI: CarrierLabel - : updateLabel cellMsg:  cellEnabled: true
05-30 08:36:24.148  2655  2655 D CBR_SystemUI: CarrierLabel - : updateLabel mCellBroadcastMessage Visibility: 8
05-30 08:36:24.148  2655  2655 D CBR_SystemUI: CarrierLabel - : updateLabel cellMsg:  cellEnabled: true
05-30 08:36:24.148  2655  2655 D CBR_SystemUI: CarrierLabel - : updateLabel mCellBroadcastMessage Visibility: 8
05-30 08:36:25.004  1112  1112 D HWComposer: setVsyncEnabled: 1
05-30 08:36:25.014  1112  1187 D VSyncReactor: VSR: period confirmed
05-30 08:36:25.071  1112  1112 D HWComposer: setVsyncEnabled: 0
05-30 08:36:25.574 27088 27088 D BoundBrokerSvc: onUnbind: Intent { act=com.google.android.gms.measurement.START pkg=com.google.android.gms }
05-30 08:36:25.786  1946  1946 V PowerManager: userActivity when=466733136 event=0 flags=0 by (android) callers=android.os.PowerManager.userActivity:1425 com.android.server.accessibility.AccessibilityInputFilter.handleMotionEvent:366 com.android.server.accessibility.AccessibilityInputFilter.processMotionEvent:342 
