05-30 08:36:29.241 30155 30220 I ExecutionPlan: ExecutionPlan::SimpleBody::finish: compilation finished successfully on nnapi-reference
05-30 08:36:29.241 30155 30220 I ExecutionPlan: ExecutionPlan::SimpleBody::finish: compilation finished successfully on nnapi-reference
05-30 08:36:29.242 30155 30220 I ExecutionPlan: ExecutionPlan::SimpleBody::finish: compilation finished successfully on nnapi-reference
05-30 08:36:29.242 30155 30220 I ExecutionPlan: ExecutionPlan::SimpleBody::finish: compilation finished successfully on nnapi-reference
05-30 08:36:29.242 30155 30220 I ExecutionPlan: ExecutionPlan::SimpleBody::finish: compilation finished successfully on nnapi-reference
05-30 08:36:29.243 30155 30220 I ExecutionPlan: ExecutionPlan::SimpleBody::finish: compilation finished successfully on nnapi-reference
05-30 08:36:29.243 30155 30220 I ExecutionPlan: ExecutionPlan::SimpleBody::finish: compilation finished successfully on nnapi-reference
05-30 08:36:29.243 30155 30220 I ExecutionPlan: ExecutionPlan::SimpleBody::finish: compilation finished successfully on nnapi-reference
05-30 08:36:29.243 30155 30220 I ExecutionPlan: ExecutionPlan::SimpleBody::finish: compilation finished successfully on nnapi-reference
05-30 08:36:29.244 30155 30220 I ExecutionPlan: ExecutionPlan::SimpleBody::finish: compilation finished successfully on nnapi-reference
05-30 08:36:29.244 30155 30220 I ExecutionPlan: ExecutionPlan::SimpleBody::finish: compilation finished successfully on nnapi-reference
05-30 08:36:29.244 30155 30220 I ExecutionPlan: ExecutionPlan::SimpleBody::finish: compilation finished successfully on nnapi-reference
05-30 08:36:29.245 30155 30220 I ExecutionPlan: ExecutionPlan::SimpleBody::finish: compilation finished successfully on nnapi-reference
05-30 08:36:29.245 30155 30220 I ExecutionPlan: ExecutionPlan::SimpleBody::finish: compilation finished successfully on nnapi-reference
05-30 08:36:29.245 30155 30220 I ExecutionPlan: ExecutionPlan::SimpleBody::finish: compilation finished successfully on nnapi-reference
05-30 08:36:29.246 30155 30220 I ExecutionPlan: ExecutionPlan::SimpleBody::finish: compilation finished successfully on nnapi-reference
05-30 08:36:29.246 30155 30220 I ExecutionPlan: ExecutionPlan::SimpleBody::finish: compilation finished successfully on nnapi-reference
05-30 08:36:29.246 30155 30220 I ExecutionPlan: ExecutionPlan::SimpleBody::finish: compilation finished successfully on nnapi-reference
05-30 08:36:29.247 30155 30220 I ExecutionPlan: ExecutionPlan::SimpleBody::finish: compilation finished successfully on nnapi-reference
05-30 08:36:29.247 30155 30220 I ExecutionPlan: ExecutionPlan::SimpleBody::finish: compilation finished successfully on nnapi-reference
05-30 08:36:29.247 30155 30220 I ExecutionPlan: ExecutionPlan::SimpleBody::finish: compilation finished successfully on nnapi-reference
05-30 08:36:29.247 30155 30220 I ExecutionPlan: ExecutionPlan::SimpleBody::finish: compilation finished successfully on nnapi-reference
05-30 08:36:29.248 30155 30220 I ExecutionPlan: ExecutionPlan::SimpleBody::finish: compilation finished successfully on nnapi-reference
05-30 08:36:29.248 30155 30220 I ExecutionPlan: ExecutionPlan::SimpleBody::finish: compilation finished successfully on nnapi-reference
05-30 08:36:29.248 30155 30220 I ExecutionPlan: ExecutionPlan::SimpleBody::finish: compilation finished successfully on nnapi-reference
05-30 08:36:29.249 30155 30220 I ExecutionPlan: ExecutionPlan::SimpleBody::finish: compilation finished successfully on nnapi-reference
05-30 08:36:29.249 30155 30220 I ExecutionPlan: ExecutionPlan::SimpleBody::finish: compilation finished successfully on nnapi-reference
05-30 08:36:29.249 30155 30220 I ExecutionPlan: ExecutionPlan::SimpleBody::finish: compilation finished successfully on nnapi-reference
05-30 08:36:29.250 30155 30220 I ExecutionPlan: ExecutionPlan::SimpleBody::finish: compilation finished successfully on nnapi-reference
05-30 08:36:29.250 30155 30220 I ExecutionPlan: ExecutionPlan::SimpleBody::finish: compilation finished successfully on nnapi-reference
05-30 08:36:29.250 30155 30220 I ExecutionPlan: ExecutionPlan::SimpleBody::finish: compilation finished successfully on nnapi-reference
05-30 08:36:29.251 30155 30220 I ExecutionPlan: ExecutionPlan::SimpleBody::finish: compilation finished successfully on nnapi-reference
05-30 08:36:29.251 30155 30220 I ExecutionPlan: ExecutionPlan::SimpleBody::finish: compilation finished successfully on nnapi-reference
05-30 08:36:29.450 30225 30255 I Finsky:background: [6077] WM::SCH: Logging work initialize for 3-142356
05-30 08:36:29.450 30225 30255 I Finsky:background: [6077] WM::SCH: Logging work initialize for 3-142357
05-30 08:36:29.457 30225 30267 I Finsky:background: [6089] SCH: Scheduling phonesky job Id: 3-142356, CT: 1780110387354, Constraints: [{ L: 0, D: 86400000, C: CHARGING_REQUIRED, I: IDLE_REQUIRED, N: NET_ANY, B: BATTERY_ANY }]
05-30 08:36:29.458 30225 30267 I Finsky:background: [6089] SCH: Scheduling phonesky job Id: 3-142357, CT: 1780110387392, Constraints: [{ L: 0, D: 86400000, C: CHARGING_REQUIRED, I: IDLE_REQUIRED, N: NET_ANY, B: BATTERY_ANY }]
05-30 08:36:29.463 30225 30259 I Finsky:background: [6081] SCH: Scheduling 0 system job(s)
05-30 08:36:29.543 30155 30220 W onnxruntime:  [W:onnxruntime:, session_state.cc:1166 VerifyEachNodeIsAssignedToAnEp] Some nodes were not assigned to the preferred execution providers which may or may not have an negative impact on performance. e.g. ORT explicitly assigns shape related ops to CPU to improve perf.
05-30 08:36:29.543 30155 30220 W onnxruntime:  [W:onnxruntime:, session_state.cc:1168 VerifyEachNodeIsAssignedToAnEp] Rerunning with verbose output on a non-minimal build will show node assignments.
05-30 08:36:29.717 30155 30220 D CLIP    : Text model inputs: [input_ids]
05-30 08:36:29.717 30155 30220 D CLIP    : Text model outputs: [text_embeds]
05-30 08:36:29.977  1112  1112 D HWComposer: setVsyncEnabled: 1
05-30 08:36:29.979  1112  1187 D VSyncReactor: VSR: period confirmed
05-30 08:36:30.036  1112  1112 D HWComposer: setVsyncEnabled: 0
05-30 08:36:30.160 27088 27088 D BoundBrokerSvc: onUnbind: Intent { act=com.google.android.gms.constellation.service.START pkg=com.google.android.gms }
05-30 08:36:30.163 27088 27088 D BoundBrokerSvc: onUnbind: Intent { act=com.google.android.gms.asterism.service.START pkg=com.google.android.gms }
05-30 08:36:30.212 30396 30396 D BoundBrokerSvc: onUnbind: Intent { act=com.google.android.gms.auth.aang.events.services.START dat=chimera-action:/... cmp=com.google.android.gms/.chimera.PersistentApiService }
05-30 08:36:30.382 27088 27088 D BoundBrokerSvc: onUnbind: Intent { act=com.google.android.gms.auth.api.signin.service.START pkg=com.google.android.gms }
05-30 08:36:30.424 30155 30155 W Glide   : Failed to find GeneratedAppGlideModule. You should include an annotationProcessor compile dependency on com.github.bumptech.glide:compiler in your application and a @GlideModule annotated AppGlideModule implementation or LibraryGlideModules will be silently ignored
05-30 08:36:30.445  1946  4688 D ConnectivityService: requestNetwork for uid/pid:11559/30155 activeRequest: null callbackRequest: 80713 [NetworkRequest [ REQUEST id=80714, [ Capabilities: INTERNET&NOT_RESTRICTED&TRUSTED&NOT_VCN_MANAGED Uid: 11559 RequestorUid: 11559 RequestorPkg: com.devomind.gallerysearch UnderlyingNetworks: Null] ]] callback flags: 0 order: 2147483647 isUidTracked: false declaredMethods: AVAIL|LOST
05-30 08:36:30.447  1946  2562 D OemPaidWifiNetworkFactory: got request NetworkRequest [ REQUEST id=80714, [ Capabilities: INTERNET&NOT_RESTRICTED&TRUSTED&NOT_VCN_MANAGED Uid: 11559 RequestorUid: 11559 RequestorPkg: com.devomind.gallerysearch UnderlyingNetworks: Null] ]
05-30 08:36:30.447  1946  2562 D MultiInternetWifiNetworkFactory: got request NetworkRequest [ REQUEST id=80714, [ Capabilities: INTERNET&NOT_RESTRICTED&TRUSTED&NOT_VCN_MANAGED Uid: 11559 RequestorUid: 11559 RequestorPkg: com.devomind.gallerysearch UnderlyingNetworks: Null] ]
05-30 08:36:30.448  1946  2562 D WifiNetworkFactory: got request NetworkRequest [ REQUEST id=80714, [ Capabilities: INTERNET&NOT_RESTRICTED&TRUSTED&NOT_VCN_MANAGED Uid: 11559 RequestorUid: 11559 RequestorPkg: com.devomind.gallerysearch UnderlyingNetworks: Null] ]
05-30 08:36:30.448  1946  2562 D UntrustedWifiNetworkFactory: got request NetworkRequest [ REQUEST id=80714, [ Capabilities: INTERNET&NOT_RESTRICTED&TRUSTED&NOT_VCN_MANAGED Uid: 11559 RequestorUid: 11559 RequestorPkg: com.devomind.gallerysearch UnderlyingNetworks: Null] ]
05-30 08:36:30.450  1946  2573 D ConnectivityService: NetReassign [80714 : null → 844] [c 0] [a 0] [i 4]
05-30 08:36:30.545  2655  2655 D CBR_SystemUI: CarrierLabel - : updateLabel cellMsg:  cellEnabled: true
05-30 08:36:30.546  2655  2655 D CBR_SystemUI: CarrierLabel - : updateLabel mCellBroadcastMessage Visibility: 8
05-30 08:36:30.546  2655  2655 D CBR_SystemUI: CarrierLabel - : updateLabel cellMsg:  cellEnabled: true
05-30 08:36:30.546  2655  2655 D CBR_SystemUI: CarrierLabel - : updateLabel mCellBroadcastMessage Visibility: 8
05-30 08:36:31.947 30155 30329 D ProfileInstaller: Installing profile for com.devomind.gallerysearch
05-30 08:36:32.819  1946  1946 V UiModeManager: updateLocked: null action, mDockState=0, category=null
05-30 08:36:32.822  2655  3428 D PowerUI : can't show warning due to - plugged: true status unknown: false
05-30 08:36:32.827  1946  1946 D UiModeManager: updateConfigurationLocked: mDockState=0; mCarMode=false; mNightMode=2; mNightModeCustomType=-1; uiMode=97
05-30 08:36:33.110  2655  2655 D CBR_SystemUI: CarrierLabel - : updateLabel cellMsg:  cellEnabled: true
05-30 08:36:33.110  2655  2655 D CBR_SystemUI: CarrierLabel - : updateLabel mCellBroadcastMessage Visibility: 8
05-30 08:36:33.110  2655  2655 D CBR_SystemUI: CarrierLabel - : updateLabel cellMsg:  cellEnabled: true
05-30 08:36:33.110  2655  2655 D CBR_SystemUI: CarrierLabel - : updateLabel mCellBroadcastMessage Visibility: 8
05-30 08:36:33.306 30309 30330 D ProfileInstaller: Skipping profile installation for com.asdoi.quicktiles
05-30 08:36:33.966 30225 30256 I Finsky:background: [6078] playLoggingServerUrl: https://play.googleapis.com/play/log
05-30 08:36:33.966 30225 30256 I Finsky:background: [6078] playLoggingServerTimestampUrl: https://play.googleapis.com/play/log/timestamp
05-30 08:36:35.930 30058 30094 I Finsky  : [6089] Initializing the instant apps module.
05-30 08:36:35.978  1112  1112 D HWComposer: setVsyncEnabled: 1
05-30 08:36:35.992  1112  1187 D VSyncReactor: VSR: period confirmed
05-30 08:36:36.049  1112  1112 D HWComposer: setVsyncEnabled: 0
05-30 08:36:36.410   680 30216 I keystore2: keystore2::watchdog: Watchdog thread idle -> terminating. Have a great day.
05-30 08:36:36.776  1112  1112 D HWComposer: setVsyncEnabled: 1
05-30 08:36:36.783  1112  1187 D VSyncReactor: VSR: period confirmed
05-30 08:36:36.840  1112  1112 D HWComposer: setVsyncEnabled: 0
05-30 08:36:37.028 30058 30058 I Finsky  : [2] setup::RES: shouldRecoverRestoredPackages: versionCodeSystem 83501510
05-30 08:36:37.041 30058 30058 I Finsky  : [2] Detected restoreservicev2://recovery not needed, will not run
05-30 08:36:37.063 30058 30340 I Finsky  : [6139] registerListener
05-30 08:36:37.064 30058 30340 I Finsky  : [6139] DSC: reviveDownloads()
05-30 08:36:37.067 30058 30340 I Finsky  : [6139] Initialized AssetModuleDownloader.
05-30 08:36:37.074 30225 30277 I Finsky:background: [6096] DS: reviveDownloads()
05-30 08:36:37.107  1946 11408 D ConnectivityService: requestNetwork for uid/pid:10137/30225 activeRequest: null callbackRequest: 80715 [NetworkRequest [ REQUEST id=80716, [ Capabilities: INTERNET&NOT_RESTRICTED&TRUSTED&NOT_VCN_MANAGED Uid: 10137 RequestorUid: 10137 RequestorPkg: com.android.vending UnderlyingNetworks: Null] ]] callback flags: 0 order: 2147483647 isUidTracked: false declaredMethods: AVAIL|LOST
05-30 08:36:37.108 30225 30344 I Finsky:background: [6116] DS::IDC: updateWith: <2007:SUCCEEDED>
05-30 08:36:37.109 30225 30344 I Finsky:background: [6116] DS::IDC: All invisible downloads are finished.
05-30 08:36:37.109 30225 30344 I Finsky:background: [6116] DS::ISM: Stopping invisible download job
05-30 08:36:37.110  1946  2562 D OemPaidWifiNetworkFactory: got request NetworkRequest [ REQUEST id=80716, [ Capabilities: INTERNET&NOT_RESTRICTED&TRUSTED&NOT_VCN_MANAGED Uid: 10137 RequestorUid: 10137 RequestorPkg: com.android.vending UnderlyingNetworks: Null] ]
05-30 08:36:37.110  1946  2562 D MultiInternetWifiNetworkFactory: got request NetworkRequest [ REQUEST id=80716, [ Capabilities: INTERNET&NOT_RESTRICTED&TRUSTED&NOT_VCN_MANAGED Uid: 10137 RequestorUid: 10137 RequestorPkg: com.android.vending UnderlyingNetworks: Null] ]
05-30 08:36:37.110 30225 30272 I Finsky:background: [6094] DS: Network is available [NetworkState{connected=false, wifi=false, metered=false, roaming=false}].
05-30 08:36:37.110 30225 30272 I Finsky:background: [6094] DS: Updating downloads for network change
05-30 08:36:37.111  1946  2562 D WifiNetworkFactory: got request NetworkRequest [ REQUEST id=80716, [ Capabilities: INTERNET&NOT_RESTRICTED&TRUSTED&NOT_VCN_MANAGED Uid: 10137 RequestorUid: 10137 RequestorPkg: com.android.vending UnderlyingNetworks: Null] ]
05-30 08:36:37.112  1946  2562 D UntrustedWifiNetworkFactory: got request NetworkRequest [ REQUEST id=80716, [ Capabilities: INTERNET&NOT_RESTRICTED&TRUSTED&NOT_VCN_MANAGED Uid: 10137 RequestorUid: 10137 RequestorPkg: com.android.vending UnderlyingNetworks: Null] ]
05-30 08:36:37.112  1946  2573 D ConnectivityService: NetReassign [80716 : null → 844] [c 0] [a 0] [i 4]
05-30 08:36:37.117 30225 30344 I Finsky:background: [6116] DS: downloadState filtering results: {2007=false}
