05-30 08:35:43.111 29568 29568 D nativeloader: Load /data/data/com.whatsapp/files/decompressed/libs.spo/libsimplejni.so using class loader ns clns-5 (caller=/data/app/~~MnmzdGA31MnDArfLceKVPA==/com.whatsapp-SZQ-mUNPW7dF41hobS_HLw==/base.apk): ok
05-30 08:35:43.113 29568 29568 D nativeloader: Load /data/data/com.whatsapp/files/decompressed/libs.spo/libgraphutil.so using class loader ns clns-5 (caller=/data/app/~~MnmzdGA31MnDArfLceKVPA==/com.whatsapp-SZQ-mUNPW7dF41hobS_HLw==/base.apk): ok
05-30 08:35:43.117 29568 29568 D nativeloader: Load /data/data/com.whatsapp/files/decompressed/libs.spo/libgraphstorecerealutil.so using class loader ns clns-5 (caller=/data/app/~~MnmzdGA31MnDArfLceKVPA==/com.whatsapp-SZQ-mUNPW7dF41hobS_HLw==/base.apk): ok
05-30 08:35:43.130 29568 29568 D nativeloader: Load /data/data/com.whatsapp/files/decompressed/libs.spo/libwhatsappmerged.so using class loader ns clns-5 (caller=/data/app/~~MnmzdGA31MnDArfLceKVPA==/com.whatsapp-SZQ-mUNPW7dF41hobS_HLw==/base.apk): ok
05-30 08:35:43.134 29568 29568 D nativeloader: Load /data/data/com.whatsapp/files/decompressed/libs.spo/libessential.so using class loader ns clns-5 (caller=/data/app/~~MnmzdGA31MnDArfLceKVPA==/com.whatsapp-SZQ-mUNPW7dF41hobS_HLw==/base.apk): ok
05-30 08:35:43.134 29568 29568 I essential-jni: JNI_OnLoad start
05-30 08:35:43.134 29568 29568 I essential-jni: fbjni lambda running
05-30 08:35:43.134 29568 29568 D SigquitBasedANRDetector: Registered
05-30 08:35:43.140 29568 29568 I essential-jni: JNI_OnLoad lambda complete
05-30 08:35:43.149 29568 29568 D SigquitBasedANRDetector: Initialized
05-30 08:35:43.150 29568 29568 I SigquitBasedANRDetector: Function PaletteWriteCrashThreadStacks hooked with result=0
05-30 08:35:43.150 29568 29568 D SigquitBasedANRDetector: Detector started
05-30 08:35:43.150 29568 29568 W SoLoader: Loading rtvip on the main thread
05-30 08:35:43.152 29568 29568 D nativeloader: Load /data/data/com.whatsapp/files/decompressed/libs.spo/librtvip.so using class loader ns clns-5 (caller=/data/app/~~MnmzdGA31MnDArfLceKVPA==/com.whatsapp-SZQ-mUNPW7dF41hobS_HLw==/base.apk): ok
05-30 08:35:43.153 29568 29568 W SoLoader: Loading rtvip on the main thread
05-30 08:35:43.153 29568 29568 I rtvip   : done
05-30 08:35:43.153 29568 29568 W SoLoader: Loading vlc on the main thread
05-30 08:35:43.155 29568 29568 D nativeloader: Load /data/data/com.whatsapp/files/decompressed/libs.spo/libvlc.so using class loader ns clns-5 (caller=/data/app/~~MnmzdGA31MnDArfLceKVPA==/com.whatsapp-SZQ-mUNPW7dF41hobS_HLw==/base.apk): ok
05-30 08:35:43.155 29568 29568 W SoLoader: Loading native_utils on the main thread
05-30 08:35:43.160 29568 29568 D nativeloader: Load /data/data/com.whatsapp/files/decompressed/libs.spo/libnative_utils.so using class loader ns clns-5 (caller=/data/app/~~MnmzdGA31MnDArfLceKVPA==/com.whatsapp-SZQ-mUNPW7dF41hobS_HLw==/base.apk): ok
05-30 08:35:43.160 29568 29568 W SoLoader: Loading curve25519 on the main thread
05-30 08:35:43.163 29568 29568 D nativeloader: Load /data/data/com.whatsapp/files/decompressed/libs.spo/libcurve25519.so using class loader ns clns-5 (caller=/data/app/~~MnmzdGA31MnDArfLceKVPA==/com.whatsapp-SZQ-mUNPW7dF41hobS_HLw==/base.apk): ok
05-30 08:35:43.172  1946  1946 W AccessibilityManagerService:  wait for adding window timeout: 9516
05-30 08:35:43.173 29568 29568 I Typeface: updateThemeFont new=Rookery-Regular;old=sans-serif;new=Rookery-Stacked;old=
05-30 08:35:43.185 29593 29611 I cr_LibraryLoader: Loading monochrome_64 from within /data/app/~~3yWDR1Sfmv-9g7UJDdekxg==/com.android.chrome-JsZiyQOP1rDIfXbPbe2KHw==/base.apk
05-30 08:35:43.189  1946  4686 D CompatibilityChangeReporter: Compat change id reported: 161145287; UID 10199; state: DISABLED
05-30 08:35:43.200 29593 29611 D nativeloader: Load /data/app/~~3yWDR1Sfmv-9g7UJDdekxg==/com.android.chrome-JsZiyQOP1rDIfXbPbe2KHw==/base.apk!/lib/arm64-v8a/libchromium_android_linker.so using class loader ns clns-5 (caller=/data/app/~~3yWDR1Sfmv-9g7UJDdekxg==/com.android.chrome-JsZiyQOP1rDIfXbPbe2KHw==/base.apk): ok
05-30 08:35:43.200 29593 29611 I cr_Linker: loadLibraryImplLocked: monochrome_64, relroMode=1
05-30 08:35:43.203 29593 29593 I Typeface: updateThemeFont new=Rookery-Regular;old=sans-serif;new=Rookery-Stacked;old=
05-30 08:35:43.245 29568 29615 D nativeloader: Load /data/data/com.whatsapp/files/decompressed/libs.spo/libfortify.so using class loader ns clns-5 (caller=/data/app/~~MnmzdGA31MnDArfLceKVPA==/com.whatsapp-SZQ-mUNPW7dF41hobS_HLw==/base.apk): ok
05-30 08:35:43.263 29593 29611 D nativeloader: Load /data/app/~~o1SXD3RMXhwaDGDMK5K1IA==/com.google.android.trichromelibrary_749914633-_ilPvuReMjdQNoCq5NniHw==/base.apk!/lib/arm64-v8a/libmonochrome_64.so using class loader ns clns-5 (caller=/data/app/~~3yWDR1Sfmv-9g7UJDdekxg==/com.android.chrome-JsZiyQOP1rDIfXbPbe2KHw==/base.apk): ok
05-30 08:35:43.269 29593 29611 I cr_LibraryLoader: Successfully loaded native library
05-30 08:35:43.272 29593 29611 I cr_CachingUmaRecorder: Flushed 13 samples from 12 histograms, 0 samples were dropped.
05-30 08:35:43.281 29568 29615 D nativeloader: Load /data/data/com.whatsapp/files/decompressed/libs.spo/libpytorch.so using class loader ns clns-5 (caller=/data/app/~~MnmzdGA31MnDArfLceKVPA==/com.whatsapp-SZQ-mUNPW7dF41hobS_HLw==/base.apk): ok
05-30 08:35:43.289 29568 29615 W libc    : Access denied finding property "ro.hardware.chipname"
05-30 08:35:43.297 29568 29615 D nativeloader: Load /data/data/com.whatsapp/files/decompressed/libs.spo/libexecutorch.so using class loader ns clns-5 (caller=/data/app/~~MnmzdGA31MnDArfLceKVPA==/com.whatsapp-SZQ-mUNPW7dF41hobS_HLw==/base.apk): ok
05-30 08:35:43.302 29568 29615 D nativeloader: Load /data/data/com.whatsapp/files/decompressed/libs.spo/libpyspeech.so using class loader ns clns-5 (caller=/data/app/~~MnmzdGA31MnDArfLceKVPA==/com.whatsapp-SZQ-mUNPW7dF41hobS_HLw==/base.apk): ok
05-30 08:35:43.326 29568 29615 D nativeloader: Load /data/data/com.whatsapp/files/decompressed/libs.spo/libwhatsapp.so using class loader ns clns-5 (caller=/data/app/~~MnmzdGA31MnDArfLceKVPA==/com.whatsapp-SZQ-mUNPW7dF41hobS_HLw==/base.apk): ok
05-30 08:35:43.341 29568 29629 I WhatsAppJni: EnsureThreadAttached: attached current thread to JVM
05-30 08:35:43.358 29568 29630 I WhatsAppJni: EnsureThreadAttached: attached current thread to JVM
05-30 08:35:43.358 29568 29631 I WhatsAppJni: EnsureThreadAttached: attached current thread to JVM
05-30 08:35:43.415 29568 29619 D CompatibilityChangeReporter: Compat change id reported: 160794467; UID 10295; state: ENABLED
05-30 08:35:43.424  1946 13261 D CompatibilityChangeReporter: Compat change id reported: 171306433; UID 10295; state: ENABLED
05-30 08:35:43.424  1946 13261 D CompatibilityChangeReporter: Compat change id reported: 226439802; UID 10295; state: DISABLED
05-30 08:35:43.426  1946  4686 D CompatibilityChangeReporter: Compat change id reported: 218533173; UID 10295; state: ENABLED
05-30 08:35:43.453 29568 29619 D WM-PackageManagerHelper: Skipping component enablement for androidx.work.impl.background.systemjob.SystemJobService
05-30 08:35:43.453 29568 29619 D WM-Schedulers: Created SystemJobScheduler and enabled SystemJobService
05-30 08:35:43.455 29568 29638 D WM-ForceStopRunnable: Is default app process = true
05-30 08:35:43.455 29568 29638 D WM-ForceStopRunnable: Performing cleanup operations.
05-30 08:35:43.461 29568 29619 E WakeLockMetricsCollector: Unknown wakelock modified
05-30 08:35:43.464 29568 29619 E WakeLockMetricsCollector: Unknown wakelock modified
05-30 08:35:43.486 29568 29638 D WM-SystemJobScheduler: Reconciling jobs
05-30 08:35:43.488 29568 29619 E msys    : E[ADNSUCTIMH WAJMNSRuntime]WAJContextInitMNSRuntime(446)=>[LogLevel:I] Secondary DNS resolver enabled
05-30 08:35:43.489 29568 29644 E msys    : E[ADNSUCTIMH WAJMNSDNSResolver]_MNSDNSResolutionSuccess(35)=>[LogLevel:I] DNS Resolution Successful with 8 IPs, Persistent Cache Hit: 1, secondary resolver used: 0
05-30 08:35:43.490 29568 29644 E msys    : E[ADNSUCTIMH WAJMNSDNSResolver]_MNSDNSResolutionSuccess(55)=>[LogLevel:I] Resolved IP Address: 2001:4860:4806:8::
05-30 08:35:43.490 29568 29644 E msys    : E[ADNSUCTIMH WAJMNSDNSResolver]_MNSDNSResolutionSuccess(55)=>[LogLevel:I] Resolved IP Address: 2001:4860:4806:4::
05-30 08:35:43.490 29568 29644 E msys    : E[ADNSUCTIMH WAJMNSDNSResolver]_MNSDNSResolutionSuccess(55)=>[LogLevel:I] Resolved IP Address: 2001:4860:4806::
05-30 08:35:43.490 29568 29644 E msys    : E[ADNSUCTIMH WAJMNSDNSResolver]_MNSDNSResolutionSuccess(55)=>[LogLevel:I] Resolved IP Address: 2001:4860:4806:c::
05-30 08:35:43.490 29568 29644 E msys    : E[ADNSUCTIMH WAJMNSDNSResolver]_MNSDNSResolutionSuccess(55)=>[LogLevel:I] Resolved IP Address: 216.239.35.12
05-30 08:35:43.490 29568 29644 E msys    : E[ADNSUCTIMH WAJMNSDNSResolver]_MNSDNSResolutionSuccess(55)=>[LogLevel:I] Resolved IP Address: 216.239.35.0
05-30 08:35:43.490 29568 29644 E msys    : E[ADNSUCTIMH WAJMNSDNSResolver]_MNSDNSResolutionSuccess(55)=>[LogLevel:I] Resolved IP Address: 216.239.35.4
05-30 08:35:43.490 29568 29644 E msys    : E[ADNSUCTIMH WAJMNSDNSResolver]_MNSDNSResolutionSuccess(55)=>[LogLevel:I] Resolved IP Address: 216.239.35.8
05-30 08:35:43.494 29568 29644 E msys    : E[N mns]_OnResolverSuccess(308)=>Cache refresh succeeded with system DNS resolver. IP count: 8
05-30 08:35:43.548 29568 29638 D WM-ForceStopRunnable: Found unfinished work, scheduling it.
05-30 08:35:43.567 29568 29638 D CompatibilityChangeReporter: Compat change id reported: 194532703; UID 10295; state: ENABLED
05-30 08:35:43.567 29568 29638 D WM-SystemJobScheduler: Scheduling work ID af2ba2ea-ba2a-41fa-a715-807ae4688fbfJob ID 249129
05-30 08:35:43.568  1946  3168 D CompatibilityChangeReporter: Compat change id reported: 194532703; UID 10295; state: ENABLED
05-30 08:35:43.571 29568 29638 D WM-SystemJobScheduler: Scheduling work ID 551830da-071c-4d38-a197-8c658baa9a53Job ID 249228
05-30 08:35:43.573  1946  1946 D CompatibilityChangeReporter: Compat change id reported: 135634846; UID 10164; state: DISABLED
05-30 08:35:43.573  1946  1946 D CompatibilityChangeReporter: Compat change id reported: 177438394; UID 10164; state: DISABLED
05-30 08:35:43.573  1946  1946 D CompatibilityChangeReporter: Compat change id reported: 135772972; UID 10164; state: DISABLED
05-30 08:35:43.574  1946  1946 D CompatibilityChangeReporter: Compat change id reported: 135754954; UID 10164; state: ENABLED
05-30 08:35:43.574  1946  2131 D CompatibilityChangeReporter: Compat change id reported: 143937733; UID 10164; state: ENABLED
05-30 08:35:43.586 29568 29638 D WM-SystemJobScheduler: Scheduling work ID 1fdff09a-b948-4598-bf29-b184e887ece5Job ID 249292
05-30 08:35:43.586   865   865 D Zygote  : Forked child process 29648
05-30 08:35:43.586  1946  2131 I ActivityManager: Start proc 29648:com.google.android.apps.turbo:aab/u0a164 for service {com.google.android.apps.turbo/com.google.android.libraries.smartbattery.appusage.library.InferAppBucketsJob}
05-30 08:35:43.591 29568 29638 D WM-SystemJobScheduler: Scheduling work ID b953294e-7a47-4914-907c-f8bfd2cf1407Job ID 249336
05-30 08:35:43.595 29568 29638 D WM-SystemJobScheduler: Scheduling work ID 2804f203-fd7c-4399-a3d4-51b5bc305b9cJob ID 249342
05-30 08:35:43.598 29568 29638 D WM-GreedyScheduler: Starting tracking for b953294e-7a47-4914-907c-f8bfd2cf1407,551830da-071c-4d38-a197-8c658baa9a53
05-30 08:35:43.604 29648 29648 I .apps.turbo:aab: Using CollectorTypeCC GC.
05-30 08:35:43.608 29568 29650 D WM-GreedyScheduler: Starting tracking for b953294e-7a47-4914-907c-f8bfd2cf1407,551830da-071c-4d38-a197-8c658baa9a53
05-30 08:35:43.610 29648 29648 D nativeloader: Load libframework-connectivity-tiramisu-jni.so using APEX ns com_android_tethering for caller /apex/com.android.tethering/javalib/framework-connectivity-t.jar: ok
05-30 08:35:43.615 29568 29659 D WM-GreedyScheduler: Starting tracking for b953294e-7a47-4914-907c-f8bfd2cf1407,551830da-071c-4d38-a197-8c658baa9a53
05-30 08:35:43.616  1946  3168 D CompatibilityChangeReporter: Compat change id reported: 168419799; UID 10164; state: DISABLED
05-30 08:35:43.620 29648 29648 D CompatibilityChangeReporter: Compat change id reported: 171979766; UID 10164; state: ENABLED
05-30 08:35:43.622 29568 29619 E WakeLockMetricsCollector: Unknown wakelock modified
05-30 08:35:43.629 29648 29648 D nativeloader: Configuring clns-4 for other apk /system/framework/org.apache.http.legacy.jar. target_sdk_version=33, uses_libraries=ALL, library_path=/product/priv-app/Turbo/lib/arm64:/product/priv-app/Turbo/Turbo.apk!/lib/arm64-v8a, permitted_path=/data:/mnt/expand:/data/user/0/com.google.android.apps.turbo
05-30 08:35:43.629 29648 29648 D nativeloader: Extending system_exposed_libraries: libbinauralrenderer_wrapper.qti.so:libhoaeffects.qti.so:libQOC.qti.so:libjni_helper.motocameradesktop.so:libupdateprof.qti.so:libQOC.qti.so:libdiag_system.qti.so:libqape.qti.so:libqesdk_ndk_platform.qti.so:liblistenjni.qti.so:libimgTuner_jni.motoimagetuner.so
05-30 08:35:43.634 29568 29650 D WM-ConstraintTracker: B1R: initial state = NetworkState(isConnected=true, isValidated=true, isMetered=true, isNotRoaming=true)
05-30 08:35:43.634 29568 29650 D WM-NetworkStateTracker: Registering network callback
05-30 08:35:43.636  1946  3168 D ConnectivityService: requestNetwork for uid/pid:10295/29568 activeRequest: null callbackRequest: 80688 [NetworkRequest [ REQUEST id=80689, [ Capabilities: INTERNET&NOT_RESTRICTED&TRUSTED&NOT_VCN_MANAGED Uid: 10295 RequestorUid: 10295 RequestorPkg: com.whatsapp UnderlyingNetworks: Null] ]] callback flags: 0 order: 2147483647 isUidTracked: false declaredMethods: AVAIL|LOST|NC
05-30 08:35:43.638  1946  2562 D OemPaidWifiNetworkFactory: got request NetworkRequest [ REQUEST id=80689, [ Capabilities: INTERNET&NOT_RESTRICTED&TRUSTED&NOT_VCN_MANAGED Uid: 10295 RequestorUid: 10295 RequestorPkg: com.whatsapp UnderlyingNetworks: Null] ]
05-30 08:35:43.638  1946  2562 D MultiInternetWifiNetworkFactory: got request NetworkRequest [ REQUEST id=80689, [ Capabilities: INTERNET&NOT_RESTRICTED&TRUSTED&NOT_VCN_MANAGED Uid: 10295 RequestorUid: 10295 RequestorPkg: com.whatsapp UnderlyingNetworks: Null] ]
05-30 08:35:43.639  1946  2562 D WifiNetworkFactory: got request NetworkRequest [ REQUEST id=80689, [ Capabilities: INTERNET&NOT_RESTRICTED&TRUSTED&NOT_VCN_MANAGED Uid: 10295 RequestorUid: 10295 RequestorPkg: com.whatsapp UnderlyingNetworks: Null] ]
05-30 08:35:43.639  1946  2562 D UntrustedWifiNetworkFactory: got request NetworkRequest [ REQUEST id=80689, [ Capabilities: INTERNET&NOT_RESTRICTED&TRUSTED&NOT_VCN_MANAGED Uid: 10295 RequestorUid: 10295 RequestorPkg: com.whatsapp UnderlyingNetworks: Null] ]
05-30 08:35:43.640  1946  2573 D ConnectivityService: NetReassign [80689 : null → 844] [c 0] [a 0] [i 3]
05-30 08:35:43.640 29568 29663 D WM-NetworkStateTracker: Network capabilities changed: [ Transports: CELLULAR Capabilities: SUPL&DUN&FOTA&INTERNET&NOT_RESTRICTED&TRUSTED&NOT_VPN&VALIDATED&NOT_ROAMING&FOREGROUND&NOT_CONGESTED&NOT_SUSPENDED&NOT_VCN_MANAGED LinkUpBandwidth>=14Kbps LinkDnBandwidth>=14Kbps Specifier: <TelephonyNetworkSpecifier [mSubId = 5]> SubscriptionIds: {5} UnderlyingNetworks: Null]
05-30 08:35:43.643  1946  4686 D CompatibilityChangeReporter: Compat change id reported: 161145287; UID 10295; state: DISABLED
05-30 08:35:43.643 29568 29650 D WM-ConstraintTracker: B1O: initial state = true
05-30 08:35:43.645  1946  9101 I ActivityManager: Killing 28623:com.motorola.gamemode/u0a176 (adj 985, setSvc -10000): empty #13
05-30 08:35:43.646 29568 29650 D WM-BrdcstRcvrCnstrntTrc: B1O: registering receiver
05-30 08:35:43.651  1946  2152 I libprocessgroup: Successfully killed process cgroup uid 10176 pid 28623 in 5ms
05-30 08:35:43.655 29568 29650 D WM-PackageManagerHelper: Skipping component enablement for androidx.work.impl.background.systemalarm.RescheduleReceiver
05-30 08:35:43.655 29568 29650 D WM-GreedyScheduler: Constraints met: Scheduling work ID WorkGenerationalId(workSpecId=b953294e-7a47-4914-907c-f8bfd2cf1407, generation=0)
05-30 08:35:43.656 29568 29650 D WM-GreedyScheduler: Constraints not met: Cancelling work ID WorkGenerationalId(workSpecId=551830da-071c-4d38-a197-8c658baa9a53, generation=0)
05-30 08:35:43.657 29648 29648 D nativeloader: InitLlndkLibrariesProduct: libEGL.so:libGLESv1_CM.so:libGLESv2.so:libGLESv3.so:libRS.so:libandroid_net.so:libbinder_ndk.so:libc.so:libcgrouprc.so:libclang_rt.asan-aarch64-android.so:libclang_rt.asan-arm-android.so:libclang_rt.hwasan-aarch64-android.so:libdl.so:libft2.so:liblog.so:libm.so:libmediandk.so:libnativewindow.so:libneuralnetworks.so:libselinux.so:libsync.so:libvndksupport.so:libvulkan.so
05-30 08:35:43.657 29648 29648 D nativeloader: Configuring product-clns-5 for unbundled product apk /product/priv-app/Turbo/Turbo.apk. target_sdk_version=33, uses_libraries=, library_path=/product/priv-app/Turbo/lib/arm64:/product/priv-app/Turbo/Turbo.apk!/lib/arm64-v8a:/product/lib64:/system/product/lib64, permitted_path=/data:/mnt/expand:/data/user/0/com.google.android.apps.turbo:/product/lib64:/system/product/lib64
05-30 08:35:43.659 29648 29648 D nativeloader: InitVndkspLibrariesProduct: android.hardware.common-V2-ndk.so:android.hardware.common-V2-ndk_platform.so:android.hardware.common.fmq-V1-ndk.so:android.hardware.common.fmq-V1-ndk_platform.so:android.hardware.graphics.allocator-V1-ndk.so:android.hardware.graphics.allocator-V1-ndk_platform.so:android.hardware.graphics.common-V3-ndk.so:android.hardware.graphics.common-V3-ndk_platform.so:android.hardware.graphics.common@1.0.so:android.hardware.graphics.common@1.1.so:android.hardware.graphics.common@1.2.so:android.hardware.graphics.composer3-V1-ndk.so:android.hardware.graphics.composer3-V1-ndk_platform.so:android.hardware.graphics.mapper@2.0.so:android.hardware.graphics.mapper@2.1.so:android.hardware.graphics.mapper@3.0.so:android.hardware.graphics.mapper@4.0.so:android.hardware.renderscript@1.0.so:android.hidl.memory.token@1.0.so:android.hidl.memory@1.0-impl.so:android.hidl.memory@1.0.so:android.hidl.safe_union@1.0.so:libRSCpuRef.so:libRSDriver.so:libRS_internal.so:libbacktrace.so:libbase.so:libbcinfo.so:libblas.
05-30 08:35:43.664  1059  3561 E ANDR-PERF-LM: VmRssMeter:: start() 453: Could not find pid, can not collect vmrss data
05-30 08:35:43.664  1059  3562 E ANDR-PERF-LM: VmRssMeter:: start() 453: Could not find pid, can not collect vmrss data
05-30 08:35:43.664  1059  3562 E ANDR-PERF-LM: AdaptiveLaunch: writeToDataBase() 64: Meter aborted or could not get meter data for this run
05-30 08:35:43.665 29568 29650 D WM-Processor: Cpz: processing WorkGenerationalId(workSpecId=b953294e-7a47-4914-907c-f8bfd2cf1407, generation=0)
05-30 08:35:43.669 29648 29648 D nativeloader: Load libframework-connectivity-jni.so using APEX ns com_android_tethering for caller /apex/com.android.tethering/javalib/framework-connectivity.jar: ok
05-30 08:35:43.672 29648 29648 V GraphicsEnvironment: ANGLE Developer option for 'com.google.android.apps.turbo' set to: 'default'
05-30 08:35:43.672 29648 29648 V GraphicsEnvironment: ANGLE GameManagerService for com.google.android.apps.turbo: false
05-30 08:35:43.672 29648 29648 V GraphicsEnvironment: Neither updatable production driver nor prerelease driver is supported.
05-30 08:35:43.673 29648 29648 D NetworkSecurityConfig: No Network Security Config specified, using platform default
05-30 08:35:43.674 29648 29648 D NetworkSecurityConfig: No Network Security Config specified, using platform default
05-30 08:35:43.677 29568 29568 D WM-WorkerWrapper: Starting work for com.whatsapp.wamo.rai.WamoRequestAccountInfoNotificationScheduler$WamoRequestAccountInfoNotificationWorker
05-30 08:35:43.690 29648 29665 D CompatibilityChangeReporter: Compat change id reported: 183155436; UID 10164; state: ENABLED
05-30 08:35:43.706 29648 29648 I Typeface: updateThemeFont new=Rookery-Regular;old=sans-serif;new=Rookery-Stacked;old=
05-30 08:35:43.707  1946  9101 I ActivityManager: appDiedLocked: app=ProcessRecord{c3db5f9 28623:com.motorola.gamemode/u0a176} thread=android.os.BinderProxy@2a650bd fromBinderDied=true isKilledByAm=true reason=null
05-30 08:35:43.707 14856 14856 I adbd    : Remote process closed the socket (on MSG_PEEK)
05-30 08:35:43.708   865   865 I Zygote  : Process 28623 exited due to signal 9 (Killed)
05-30 08:35:43.708  1946  9101 D RestartModeController: markWaitRestartAppIsSuicided null processName=com.motorola.gamemode
05-30 08:35:43.709  1946  2109 D DisplayManagerService: Drop pending events for gone uid 10176
05-30 08:35:43.709  1946  9101 D ActivityTaskManager: handleAppDied: uid=10176,diedCount=1,lastDiedTime=466225635,forceStopUids=false
05-30 08:35:43.721  1946  2559 D CompatibilityChangeReporter: Compat change id reported: 218533173; UID 10176; state: ENABLED
05-30 08:35:43.762 29648 29669 W Turbo.InferAppBucketsJob: Models given by config: 1
05-30 08:35:43.764 29648 29669 W Turbo.AppUsageStatsCache: Cache empty or doesn't contain stats for the requested range.
05-30 08:35:43.795  1946  4681 D IntervalStats: Unable to parse usage stats packages: [5298, 5300]
05-30 08:35:43.797  1946  4681 D IntervalStats: Unable to parse event packages: [5298]
05-30 08:35:43.798  1112  1112 D HWComposer: setVsyncEnabled: 1
05-30 08:35:43.804  1112  1187 D VSyncReactor: VSR: period confirmed
05-30 08:35:43.832  1946  4681 D IntervalStats: Unable to parse usage stats packages: [5298, 5300, 5307, 5309]
05-30 08:35:43.834  1946  4681 D IntervalStats: Unable to parse event packages: [5298]
05-30 08:35:43.860  1112  1112 D HWComposer: setVsyncEnabled: 0
05-30 08:35:43.875  1946  4681 D IntervalStats: Unable to parse usage stats packages: [5311]
05-30 08:35:43.902  1946  4681 D IntervalStats: Unable to parse usage stats packages: [5311, 5312, 5313, 5314, 5315, 5316, 5317, 5318]
05-30 08:35:43.921  1946  4681 D IntervalStats: Unable to parse usage stats packages: [5298, 5311, 5313, 5319, 5320, 5323]
05-30 08:35:43.924  1946  4681 D IntervalStats: Unable to parse event packages: [5298]
05-30 08:35:43.936  1946  2050 W System  : A resource failed to call release. 
05-30 08:35:43.937  1946  2050 W System  : A resource failed to call HardwareBuffer.close. 
05-30 08:35:44.029 29568 29675 I PlayCore: UID: [10295]  PID: [29568] SplitInstallListenerRegistry : registerListener
05-30 08:35:44.044  1946  9101 D ConnectivityService: requestNetwork for uid/pid:10295/29568 activeRequest: null callbackRequest: 80690 [NetworkRequest [ REQUEST id=80691, [ Capabilities: INTERNET&NOT_RESTRICTED&TRUSTED&NOT_VCN_MANAGED Uid: 10295 RequestorUid: 10295 RequestorPkg: com.whatsapp UnderlyingNetworks: Null] ]] callback flags: 0 order: 2147483647 isUidTracked: false declaredMethods: AVAIL|LOST|UNAVAIL|BLK
05-30 08:35:44.046  1946  2562 D OemPaidWifiNetworkFactory: got request NetworkRequest [ REQUEST id=80691, [ Capabilities: INTERNET&NOT_RESTRICTED&TRUSTED&NOT_VCN_MANAGED Uid: 10295 RequestorUid: 10295 RequestorPkg: com.whatsapp UnderlyingNetworks: Null] ]
05-30 08:35:44.046  1946  2562 D MultiInternetWifiNetworkFactory: got request NetworkRequest [ REQUEST id=80691, [ Capabilities: INTERNET&NOT_RESTRICTED&TRUSTED&NOT_VCN_MANAGED Uid: 10295 RequestorUid: 10295 RequestorPkg: com.whatsapp UnderlyingNetworks: Null] ]
05-30 08:35:44.047  1946  2562 D WifiNetworkFactory: got request NetworkRequest [ REQUEST id=80691, [ Capabilities: INTERNET&NOT_RESTRICTED&TRUSTED&NOT_VCN_MANAGED Uid: 10295 RequestorUid: 10295 RequestorPkg: com.whatsapp UnderlyingNetworks: Null] ]
05-30 08:35:44.047  1946  2562 D UntrustedWifiNetworkFactory: got request NetworkRequest [ REQUEST id=80691, [ Capabilities: INTERNET&NOT_RESTRICTED&TRUSTED&NOT_VCN_MANAGED Uid: 10295 RequestorUid: 10295 RequestorPkg: com.whatsapp UnderlyingNetworks: Null] ]
05-30 08:35:44.047  1946  2573 D ConnectivityService: NetReassign [80691 : null → 844] [c 1] [a 0] [i 2]
05-30 08:35:44.063 29568 29677 E msys    : E[N WA]_WAJMNSStreamImplMNSTCPStreamCreate(352)=>[LogLevel:I] WAJMNSStream/impl/tcpStreamCreate/MNSStreamRaw/p=0xb400007079d43200
05-30 08:35:44.063 29568 29677 E msys    : E[N WA]WAJMNSStreamImplCreate(412)=>[LogLevel:I] WAJMNSStream/impl/create/p=0xb400007079d43200 (mnsConn=0xb400007079ac9f00)
05-30 08:35:44.063 29568 29677 E msys    : E[N WA]_WAJMNSStreamCreateMnsIpsFromIpAddressStrings(87)=>[LogLevel:I] no ip addresses provided, using DNS resolution
05-30 08:35:44.063 29568 29677 E msys    : E[N WA]WAJMNSStreamImplConnect(441)=>[LogLevel:I] WAJMNSStream/impl/connect/p=0xb400007079d43200 (endpoint=g.whatsapp.net:443)(ipAddressCount=0)
05-30 08:35:44.064 29568 29677 E msys    : E[N WA]_WAJMNSStreamImplUpdateStreamState(230)=>[LogLevel:I] WAJMNSStream/impl/state-changed/p=0xb400007079d43200 (initial=>connecting)
05-30 08:35:44.066 29568 29649 I WM-WorkerWrapper: Worker result SUCCESS for Work [ id=b953294e-7a47-4914-907c-f8bfd2cf1407, tags={ com.whatsapp.wamo.rai.WamoRequestAccountInfoNotificationScheduler$WamoRequestAccountInfoNotificationWorker } ]
05-30 08:35:44.071 29568 29644 E msys    : E[N mns]_OnResolverSuccess(308)=>Cache refresh succeeded with system DNS resolver. IP count: 2
05-30 08:35:44.078 29568 29568 D WM-Processor: Cpz b953294e-7a47-4914-907c-f8bfd2cf1407 executed; reschedule = false
05-30 08:35:44.078 29568 29568 D WM-GreedyScheduler: Stopping tracking for WorkGenerationalId(workSpecId=b953294e-7a47-4914-907c-f8bfd2cf1407, generation=0)
05-30 08:35:44.084 29568 29649 D WM-GreedyScheduler: Cancelling work ID b953294e-7a47-4914-907c-f8bfd2cf1407
05-30 08:35:44.090 29648 29669 D nativeloader: Load /product/priv-app/Turbo/Turbo.apk!/lib/arm64-v8a/libtensorflowlite_jni.so using class loader ns product-clns-5 (caller=/product/priv-app/Turbo/Turbo.apk): ok
05-30 08:35:44.091 29648 29669 I ctj     : Loaded native library: tensorflowlite_jni
05-30 08:35:44.094 29648 29669 D nativeloader: Load libtensorflowlite_jni_gms_client.so using class loader ns product-clns-5 (caller=/product/priv-app/Turbo/Turbo.apk): dlopen failed: library "libtensorflowlite_jni_gms_client.so" not found
05-30 08:35:44.095 29648 29669 I ctj     : Didn't load native library: tensorflowlite_jni_gms_client
05-30 08:35:44.096 29568 29649 D WM-SystemJobScheduler: Scheduling work ID b953294e-7a47-4914-907c-f8bfd2cf1407Job ID 249344
05-30 08:35:44.101 29568 29649 D WM-GreedyScheduler: Starting tracking for 551830da-071c-4d38-a197-8c658baa9a53
05-30 08:35:44.110 29648 29669 I tflite  : Initialized TensorFlow Lite runtime.
05-30 08:35:44.121 29648 29669 W libc    : Access denied finding property "ro.hardware.chipname"
05-30 08:35:44.142  1946  9101 D CompatibilityChangeReporter: Compat change id reported: 218533173; UID 10715; state: ENABLED
05-30 08:35:44.144  1946  9101 D CompatibilityChangeReporter: Compat change id reported: 218533173; UID 10948; state: ENABLED
05-30 08:35:44.144  1946  9101 D CompatibilityChangeReporter: Compat change id reported: 171306433; UID 10811; state: ENABLED
05-30 08:35:44.144  1946  9101 D CompatibilityChangeReporter: Compat change id reported: 226439802; UID 10811; state: DISABLED
05-30 08:35:44.145  1946  9101 D CompatibilityChangeReporter: Compat change id reported: 218533173; UID 11559; state: ENABLED
05-30 08:35:44.145  1946  9101 D CompatibilityChangeReporter: Compat change id reported: 218533173; UID 10662; state: ENABLED
05-30 08:35:44.145  1946  9101 D CompatibilityChangeReporter: Compat change id reported: 218533173; UID 10148; state: ENABLED
05-30 08:35:44.146  1946  9101 D CompatibilityChangeReporter: Compat change id reported: 218533173; UID 10269; state: ENABLED
05-30 08:35:44.147  1946  9101 D CompatibilityChangeReporter: Compat change id reported: 218533173; UID 10154; state: ENABLED
05-30 08:35:44.148  1946  9101 D CompatibilityChangeReporter: Compat change id reported: 218533173; UID 10199; state: ENABLED
05-30 08:35:44.149  1946  9101 D CompatibilityChangeReporter: Compat change id reported: 218533173; UID 11555; state: ENABLED
05-30 08:35:44.150  1946  9101 D CompatibilityChangeReporter: Compat change id reported: 218533173; UID 10096; state: ENABLED
05-30 08:35:44.150  1946  9101 D CompatibilityChangeReporter: Compat change id reported: 171306433; UID 10325; state: ENABLED
05-30 08:35:44.150  1946  9101 D CompatibilityChangeReporter: Compat change id reported: 226439802; UID 10325; state: DISABLED
05-30 08:35:44.151  1946  9101 D CompatibilityChangeReporter: Compat change id reported: 218533173; UID 10280; state: ENABLED
05-30 08:35:44.152 29648 29669 W Turbo.AppStandbyBucketManager: Successfully pushed app buckets to the platform using model 9
05-30 08:35:44.190 29648 29669 D CompatibilityChangeReporter: Compat change id reported: 194532703; UID 10164; state: ENABLED
05-30 08:35:44.191  1946  4681 D CompatibilityChangeReporter: Compat change id reported: 194532703; UID 10164; state: ENABLED
05-30 08:35:44.201  1946  4681 I ActivityManager: Killing 29049:android.process.acore/u0a85 (adj 955, setSvc -10000): empty #13
05-30 08:35:44.207  1946  2152 I libprocessgroup: Successfully killed process cgroup uid 10085 pid 29049 in 5ms
05-30 08:35:44.238   865   865 I Zygote  : Process 29049 exited due to signal 9 (Killed)
05-30 08:35:44.239  1946  4686 I ActivityManager: appDiedLocked: app=ProcessRecord{f499cb6 29049:android.process.acore/u0a85} thread=android.os.BinderProxy@d69edc8 fromBinderDied=true isKilledByAm=true reason=null
05-30 08:35:44.239  1946  4686 D RestartModeController: markWaitRestartAppIsSuicided null processName=android.process.acore
05-30 08:35:44.240  1946  4686 D ActivityTaskManager: handleAppDied: uid=10085,diedCount=1,lastDiedTime=466314057,forceStopUids=false
05-30 08:35:44.240  1946  2109 D DisplayManagerService: Drop pending events for gone uid 10085
05-30 08:35:44.281 29568 29644 E msys    : E[N WA]_WAJMNSStreamImplOnMNSReady(259)=>[LogLevel:I] WAJMNSStream/impl/callback/onMNSReady/p=0xb400007079d43200
05-30 08:35:44.281 29568 29644 E msys    : E[N WA]_WAJMNSStreamImplCreateConnectionReport(194)=>[LogLevel:I] WAJMNSStream/impl/report port=443, connectedIPVersion=4, resolvedIPAddressCount=2, dnsResolutionStartTimeMS=466691416, dnsResolutionEndTimeMS=466691416, dnsCacheHit=Yes, connectStartTimeMS=466691416, connectEndTimeMS=466691633, proxyConnectStartTimeMS=0, proxyConnectEndTimeMS=0
05-30 08:35:44.281 29568 29644 E msys    : E[N WA]_WAJMNSStreamImplUpdateStreamState(230)=>[LogLevel:I] WAJMNSStream/impl/state-changed/p=0xb400007079d43200 (connecting=>connected)
05-30 08:35:44.643  1946  3264 W ActivityManager: Background start not allowed: service Intent { act=com.whatsapp.messageservice.messaging.MessageService.START cmp=com.whatsapp/.messageservice.messaging.MessageService } to com.whatsapp/.messageservice.messaging.MessageService from pid=29568 uid=10295 pkg=com.whatsapp startFg?=false
05-30 08:35:44.927  1946  3264 D JobScheduler: Enqueueing job: (job:4/com.whatsapp/.infra.push.RegistrationIntentService) work: JobWorkItem{id=0 intent=Intent { act=com.whatsapp.action.VERIFY cmp=com.whatsapp/.infra.push.RegistrationIntentService (has extras) }}
05-30 08:35:45.325 29568 29659 D WM-SystemJobScheduler: Scheduling work ID 0011f354-4eef-4fdf-9747-3082c6302758Job ID 249345
05-30 08:35:45.327 29568 29693 D BluetoothHeadset: Binding service...
05-30 08:35:45.328  1946  3264 W BluetoothManagerService: bindBluetoothProfileService:Trying to bind to profile: 1, while Bluetooth is disabled
05-30 08:35:45.339 29568 29659 D WM-GreedyScheduler: Starting tracking for 551830da-071c-4d38-a197-8c658baa9a53
05-30 08:35:45.466  1946  3264 D JobScheduler: Enqueueing job: (job:3/com.whatsapp/.alarmservice.AlarmService) work: JobWorkItem{id=0 intent=Intent { act=com.whatsapp.action.SETUP cmp=com.whatsapp/.alarmservice.AlarmService }}
05-30 08:35:45.480 29568 29568 W com.whatsapp: type=1400 audit(0.0:216939): avc: granted { execute } for comm=576861747341707020576F726B6572 path="/data/data/com.whatsapp/files/decompressed/libs.spo/libhiddenapis2.so" dev="dm-41" ino=833075 scontext=u:r:untrusted_app:s0:c39,c257,c512,c768 tcontext=u:object_r:app_data_file:s0:c39,c257,c512,c768 tclass=file app=com.whatsapp
05-30 08:35:45.483 29568 29693 D nativeloader: Load /data/data/com.whatsapp/files/decompressed/libs.spo/libhiddenapis2.so using class loader ns clns-5 (caller=/data/app/~~MnmzdGA31MnDArfLceKVPA==/com.whatsapp-SZQ-mUNPW7dF41hobS_HLw==/base.apk): ok
05-30 08:35:45.480 29568 29568 W com.whatsapp: type=1400 audit(0.0:216940): avc: denied { execmod } for comm=576861747341707020576F726B6572 path="/apex/com.android.runtime/lib64/bionic/libc.so" dev="loop10" ino=38 scontext=u:r:untrusted_app:s0:c39,c257,c512,c768 tcontext=u:object_r:system_lib_file:s0 tclass=file permissive=0 app=com.whatsapp
05-30 08:35:45.486 29568 29693 E HiddenApis2: Failed to init DecodeJObjectFuncPtr
05-30 08:35:45.621 29568 29693 E com.whatsapp: No implementation found for void com.facebook.quicklog.QuickPerformanceLoggerNativeProvider.nativeUpdateQPLInstance() (tried Java_com_facebook_quicklog_QuickPerformanceLoggerNativeProvider_nativeUpdateQPLInstance and Java_com_facebook_quicklog_QuickPerformanceLoggerNativeProvider_nativeUpdateQPLInstance__) - is the library loaded, e.g. System.loadLibrary?
05-30 08:35:45.622 29568 29693 W QPLProvider: QuickPerformanceLoggerProvider failed to update native QPL instance, native library. This is expected during early app initialization
05-30 08:35:45.622  1946  3264 D JobScheduler: Enqueueing job: (job:1/com.whatsapp/.infra.crash.upload.ExceptionsUploadService) work: JobWorkItem{id=0 intent=Intent { cmp=com.whatsapp/.infra.crash.upload.ExceptionsUploadService (has extras) }}
05-30 08:35:45.667 29568 29616 E QPLProvider: QuickPerformanceLogger instance replaced at runtime, this leads to data loss and incorrect telemetry. Initial QPL instance X.Dg2@a8cd2bc, replacing by X.Dg2@a8cd2bc
05-30 08:35:45.667 29568 29616 E QPLProvider: java.lang.RuntimeException: QPL instance is replaced in runtime
05-30 08:35:45.667 29568 29616 E QPLProvider: 	at X.19K.A01(:77)
05-30 08:35:45.667 29568 29616 E QPLProvider: 	at X.JCp.run(:3062)
05-30 08:35:45.667 29568 29616 E QPLProvider: 	at X.DhI.run(:2)
05-30 08:35:45.667 29568 29616 E QPLProvider: 	at X.1lh.run(:47)
05-30 08:35:45.667 29568 29616 E QPLProvider: 	at java.util.concurrent.ThreadPoolExecutor.runWorker(ThreadPoolExecutor.java:1154)
05-30 08:35:45.667 29568 29616 E QPLProvider: 	at java.util.concurrent.ThreadPoolExecutor$Worker.run(ThreadPoolExecutor.java:652)
05-30 08:35:45.667 29568 29616 E QPLProvider: 	at X.1mt.run(:1656)
05-30 08:35:45.667 29568 29616 E QPLProvider: 	at java.lang.Thread.run(Thread.java:1564)
05-30 08:35:45.672 29568 29616 E com.whatsapp: No implementation found for void com.facebook.quicklog.QuickPerformanceLoggerNativeProvider.nativeUpdateQPLInstance() (tried Java_com_facebook_quicklog_QuickPerformanceLoggerNativeProvider_nativeUpdateQPLInstance and Java_com_facebook_quicklog_QuickPerformanceLoggerNativeProvider_nativeUpdateQPLInstance__) - is the library loaded, e.g. System.loadLibrary?
05-30 08:35:45.672 29568 29616 W QPLProvider: QuickPerformanceLoggerProvider failed to update native QPL instance, native library. This is expected during early app initialization
05-30 08:35:45.682 29568 29616 E msys    : E[N mns:TigonMNS]MNSHTTPClientCreateWithThreadName(239)=>AESCE: MBEDTLS_AESCE_C is NOT enabled.
05-30 08:35:45.689 29568 29616 W SoLoader: SoLoader already initialized
05-30 08:35:45.693 29568 29568 W com.whatsapp: type=1400 audit(0.0:216941): avc: granted { execute } for comm=576861747341707020576F726B6572 path="/data/data/com.whatsapp/files/decompressed/libs.spo/libfbsocketthreadlocalscope.so" dev="dm-41" ino=1403859 scontext=u:r:untrusted_app:s0:c39,c257,c512,c768 tcontext=u:object_r:app_data_file:s0:c39,c257,c512,c768 tclass=file app=com.whatsapp
05-30 08:35:45.697 29568 29616 D nativeloader: Load /data/data/com.whatsapp/files/decompressed/libs.spo/libfbsocketthreadlocalscope.so using class loader ns clns-5 (caller=/data/app/~~MnmzdGA31MnDArfLceKVPA==/com.whatsapp-SZQ-mUNPW7dF41hobS_HLw==/base.apk): ok
05-30 08:35:45.703 29568 29568 W com.whatsapp: type=1400 audit(0.0:216942): avc: granted { execute } for comm=576861747341707020576F726B6572 path="/data/data/com.whatsapp/files/decompressed/libs.spo/libfb_sqlite_3500300.so" dev="dm-41" ino=2048415 scontext=u:r:untrusted_app:s0:c39,c257,c512,c768 tcontext=u:object_r:app_data_file:s0:c39,c257,c512,c768 tclass=file app=com.whatsapp
05-30 08:35:45.708 29568 29616 D nativeloader: Load /data/data/com.whatsapp/files/decompressed/libs.spo/libfb_sqlite_3500300.so using class loader ns clns-5 (caller=/data/app/~~MnmzdGA31MnDArfLceKVPA==/com.whatsapp-SZQ-mUNPW7dF41hobS_HLw==/base.apk): ok
05-30 08:35:45.713 29568 29568 W com.whatsapp: type=1400 audit(0.0:216943): avc: granted { execute } for comm=576861747341707020576F726B6572 path="/data/data/com.whatsapp/files/decompressed/libs.spo/libffsingletonmerged.so" dev="dm-41" ino=2107151 scontext=u:r:untrusted_app:s0:c39,c257,c512,c768 tcontext=u:object_r:app_data_file:s0:c39,c257,c512,c768 tclass=file app=com.whatsapp
05-30 08:35:45.717 29568 29616 D nativeloader: Load /data/data/com.whatsapp/files/decompressed/libs.spo/libffsingletonmerged.so using class loader ns clns-5 (caller=/data/app/~~MnmzdGA31MnDArfLceKVPA==/com.whatsapp-SZQ-mUNPW7dF41hobS_HLw==/base.apk): ok
05-30 08:35:45.721 29568 29616 W EndToEnd-Test: Cannot find E2E config file `/data/user/0/com.whatsapp/files/config.json`.
05-30 08:35:45.787  1946  3264 D CompatibilityChangeReporter: Compat change id reported: 135634846; UID 10085; state: DISABLED
05-30 08:35:45.787  1946  3264 D CompatibilityChangeReporter: Compat change id reported: 177438394; UID 10085; state: DISABLED
05-30 08:35:45.787  1946  3264 D CompatibilityChangeReporter: Compat change id reported: 135772972; UID 10085; state: DISABLED
05-30 08:35:45.788  1946  3264 D CompatibilityChangeReporter: Compat change id reported: 135754954; UID 10085; state: ENABLED
05-30 08:35:45.788  1946  2131 D CompatibilityChangeReporter: Compat change id reported: 143937733; UID 10085; state: ENABLED
05-30 08:35:45.799   865   865 D Zygote  : Forked child process 29716
05-30 08:35:45.800  1946  2131 I ActivityManager: Start proc 29716:android.process.acore/u0a85 for content provider {com.android.providers.contacts/com.android.providers.contacts.ContactsProvider2}
05-30 08:35:45.803 29568 29621 D CompatibilityChangeReporter: Compat change id reported: 147600208; UID 10295; state: ENABLED
05-30 08:35:45.804  1946  9101 D CompatibilityChangeReporter: Compat change id reported: 157233955; UID 10295; state: ENABLED
05-30 08:35:45.814 29568 29637 E msys    : E[N WCIHTTPImplNetworkSession]WCIHTTPTaskImplCreateRegular(556)=>[I] http/task/regular/create/start
05-30 08:35:45.815 29568 29637 E msys    : E[N WCIHTTPImplNetworkSession]WCIHTTPTaskImplCreateRegular(591)=>[I] http/task/regular/create/execute
05-30 08:35:45.816 29568 29637 E msys    : E[N WCIHTTPImplNetworkSession]WCIHTTPTaskImplCreateRegular(614)=>[I] http/task/regular/create/success
05-30 08:35:45.817 29716 29716 I d.process.acore: Using CollectorTypeCC GC.
05-30 08:35:45.823 29716 29716 D nativeloader: Load libframework-connectivity-tiramisu-jni.so using APEX ns com_android_tethering for caller /apex/com.android.tethering/javalib/framework-connectivity-t.jar: ok
05-30 08:35:45.829  1946  9101 D CompatibilityChangeReporter: Compat change id reported: 168419799; UID 10085; state: DISABLED
05-30 08:35:45.833 29716 29716 D CompatibilityChangeReporter: Compat change id reported: 171979766; UID 10085; state: ENABLED
05-30 08:35:45.848 29716 29716 D nativeloader: Configuring clns-shared-4 for other apk /system/priv-app/ContactsProvider/ContactsProvider.apk. target_sdk_version=33, uses_libraries=, library_path=/system/priv-app/ContactsProvider/lib/arm64:/system/lib64:/system_ext/lib64, permitted_path=/data:/mnt/expand:/data/user/0/com.android.providers.contacts:/system/priv-app/ContactsProvider:/system/lib64:/system_ext/lib64
05-30 08:35:45.860 29716 29716 D nativeloader: Load libframework-connectivity-jni.so using APEX ns com_android_tethering for caller /apex/com.android.tethering/javalib/framework-connectivity.jar: ok
05-30 08:35:45.865 29716 29716 V GraphicsEnvironment: ANGLE Developer option for 'com.android.providers.contacts' set to: 'default'
05-30 08:35:45.866 29716 29716 V GraphicsEnvironment: ANGLE GameManagerService for com.android.providers.contacts: false
05-30 08:35:45.866 29716 29716 V GraphicsEnvironment: Neither updatable production driver nor prerelease driver is supported.
05-30 08:35:45.869 29716 29716 D NetworkSecurityConfig: No Network Security Config specified, using platform default
05-30 08:35:45.870 29716 29716 D NetworkSecurityConfig: No Network Security Config specified, using platform default
05-30 08:35:45.880 29716 29716 D nativeloader: Configuring clns-shared-5 for other apk /system/priv-app/UserDictionaryProvider/UserDictionaryProvider.apk. target_sdk_version=33, uses_libraries=, library_path=/system/priv-app/UserDictionaryProvider/lib/arm64:/system/lib64:/system_ext/lib64, permitted_path=/data:/mnt/expand:/data/user/0/com.android.providers.userdictionary:/system/priv-app/UserDictionaryProvider:/system/lib64:/system_ext/lib64
05-30 08:35:45.899 29716 29716 D nativeloader: Configuring clns-shared-6 for other apk /system/priv-app/BlockedNumberProvider/BlockedNumberProvider.apk. target_sdk_version=33, uses_libraries=, library_path=/system/priv-app/BlockedNumberProvider/lib/arm64:/system/lib64:/system_ext/lib64, permitted_path=/data:/mnt/expand:/data/user_de/0/com.android.providers.blockednumber:/system/priv-app/BlockedNumberProvider:/system/lib64:/system_ext/lib64
05-30 08:35:45.906 29568 29733 W System.err: SLF4J(W): No SLF4J providers were found.
05-30 08:35:45.906 29568 29733 W System.err: SLF4J(W): Defaulting to no-operation (NOP) logger implementation
05-30 08:35:45.906 29716 29716 I ContactsPerf: VoicemailContentProvider.onCreate start
05-30 08:35:45.907 29568 29733 W System.err: SLF4J(W): See https://www.slf4j.org/codes.html#noProviders for further details.
05-30 08:35:45.913  1946  9101 D CompatibilityChangeReporter: Compat change id reported: 161145287; UID 10085; state: DISABLED
05-30 08:35:45.920 29716 29716 I ContactsPerf: VoicemailContentProvider.onCreate finish
05-30 08:35:45.939 29716 29739 I PhoneAccountHandleMigrationUtils_CallLogDatabaseHelper: updatePhoneAccountHandleMigrationPendingStatus false
05-30 08:35:45.945 29716 29716 I ContactsDatabaseHelper: updateUseStrictPhoneNumberComparison: IN
05-30 08:35:45.948 29568 29711 E msys    : E[N mns:TigonMNS]_OnResolverSuccess(308)=>Cache refresh succeeded with system DNS resolver. IP count: 2
05-30 08:35:45.949 29716 29737 I PhoneAccountHandleMigrationUtils_CallLogDatabaseHelper: updatePhoneAccountHandleMigrationPendingStatus false
05-30 08:35:45.949 29716 29716 I ContactsDatabaseHelper: context.isDeviceProtectedStorage: false
05-30 08:35:45.950 29716 29737 D CompatibilityChangeReporter: Compat change id reported: 183155436; UID 10085; state: ENABLED
05-30 08:35:45.951 29716 29716 I ContactsDatabaseHelper: context.isDeviceProtectedStorage: false
05-30 08:35:45.957 29716 29716 I Typeface: updateThemeFont new=Rookery-Regular;old=sans-serif;new=Rookery-Stacked;old=
05-30 08:35:45.968 29716 29737 I CallLogProvider: Syncing call composer pics -- source user=0, isShadow=true, forAllUser=false
05-30 08:35:45.968 29716 29737 I CallLogProvider: Fetching list of Uris to sync
05-30 08:35:45.970 29716 29737 I CallLogProvider: Will sync following Uris:[]
05-30 08:35:45.970 29716 29737 I CallLogProvider: Syncing call composer pics -- got []
05-30 08:35:45.982 29716 29746 D ContactsDatabaseHelper: WAL enabled for contacts2.db: true
05-30 08:35:46.048 29568 29638 D WM-GreedyScheduler: Starting tracking for 551830da-071c-4d38-a197-8c658baa9a53
05-30 08:35:46.066 29568 29693 D nativeloader: Load /data/data/com.whatsapp/files/decompressed/libs.spo/libdav1d.so using class loader ns clns-5 (caller=/data/app/~~MnmzdGA31MnDArfLceKVPA==/com.whatsapp-SZQ-mUNPW7dF41hobS_HLw==/base.apk): ok
05-30 08:35:46.073 29568 29693 D nativeloader: Load /data/data/com.whatsapp/files/decompressed/libs.spo/libwzav1.so using class loader ns clns-5 (caller=/data/app/~~MnmzdGA31MnDArfLceKVPA==/com.whatsapp-SZQ-mUNPW7dF41hobS_HLw==/base.apk): ok
05-30 08:35:46.079 29568 29693 D nativeloader: Load /data/data/com.whatsapp/files/decompressed/libs.spo/libwzav1_v2.so using class loader ns clns-5 (caller=/data/app/~~MnmzdGA31MnDArfLceKVPA==/com.whatsapp-SZQ-mUNPW7dF41hobS_HLw==/base.apk): ok
05-30 08:35:46.165 29716 29746 I PhoneAccountHandleMigrationUtils_ContactsDatabaseHelper: updatePhoneAccountHandleMigrationPendingStatus false
05-30 08:35:46.222 29716 29746 I ContactLocale: AddressBook Labels [[en_IN]]: […, A, B, C, D, E, F, G, H, I, J, K, L, M, N, O, P, Q, R, S, T, U, V, W, X, Y, Z, Α, Β, Γ, Δ, Ε, Ζ, Η, Θ, Ι, Κ, Λ, Μ, Ν, Ξ, Ο, Π, Ρ, Σ, Τ, Υ, Φ, Χ, Ψ, Ω, …, А, Б, В, Г, Д, Ђ, Е, Є, Ж, З, И, І, Й, Ј, К, Л, Љ, М, Н, Њ, О, П, Р, С, Т, Ћ, У, Ф, Х, Ц, Ч, Џ, Ш, Щ, Ю, Я, …, א, ב, ג, ד, ה, ו, ז, ח, ט, י, כ, ל, מ, נ, ס, ע, פ, צ, ק, ר, ש, ת, …, ا, ب, ت, ث, ج, ح, خ, د, ذ, ر, ز, س, ش, ص, ض, ط, ظ, ع, غ, ف, ق, ك, ل, م, ن, ه, و, ي, …, ก, ข, ฃ, ค, ฅ, ฆ, ง, จ, ฉ, ช, ซ, ฌ, ญ, ฎ, ฏ, ฐ, ฑ, ฒ, ณ, ด, ต, ถ, ท, ธ, น, บ, ป, ผ, ฝ, พ, ฟ, ภ, ม, ย, ร, ฤ, ล, ฦ, ว, ศ, ษ, ส, ห, ฬ, อ, ฮ, …, ㄱ, ㄴ, ㄷ, ㄹ, ㅁ, ㅂ, ㅅ, ㅇ, ㅈ, ㅊ, ㅋ, ㅌ, ㅍ, ㅎ, …, あ, か, さ, た, な, は, ま, や, ら, わ, #, …]
05-30 08:35:46.249 29716 29746 D ContactsDatabaseHelper: WAL enabled for profile.db: false
05-30 08:35:46.298  1946  4686 D CompatibilityChangeReporter: Compat change id reported: 201794303; UID 10085; state: ENABLED
05-30 08:35:46.367 29716 29746 V ContactsProvider: 0 Dangling Contacts have been cleaned up.
05-30 08:35:46.421 29568 29637 E msys    : E[N WCIHTTPImplNetworkSession]WCIHTTPTaskImplCreateRegular(556)=>[I] http/task/regular/create/start
05-30 08:35:46.421 29568 29637 E msys    : E[N WCIHTTPImplNetworkSession]WCIHTTPTaskImplCreateRegular(591)=>[I] http/task/regular/create/execute
05-30 08:35:46.421 29568 29637 E msys    : E[N WCIHTTPImplNetworkSession]WCIHTTPTaskImplCreateRegular(614)=>[I] http/task/regular/create/success
05-30 08:35:47.090  1112  1112 D HWComposer: setVsyncEnabled: 1
05-30 08:35:47.102  1112  1187 D VSyncReactor: VSR: period confirmed
05-30 08:35:47.158  1112  1112 D HWComposer: setVsyncEnabled: 0
05-30 08:35:47.169  1946  2492 W InputDispatcher: Window 399c2f0 com.devomind.gallerysearch/com.devomind.gallerysearch.MainActivity (server) is unresponsive: 399c2f0 com.devomind.gallerysearch/com.devomind.gallerysearch.MainActivity (server) is not responding. Waited 5002ms for FocusEvent(hasFocus=false)
05-30 08:35:47.169  1946  2492 W InputDispatcher: Canceling events for 399c2f0 com.devomind.gallerysearch/com.devomind.gallerysearch.MainActivity (server) because it is unresponsive
05-30 08:35:47.170  1946  2492 I WindowManager: ANR at Window{399c2f0 u0 com.devomind.gallerysearch/com.devomind.gallerysearch.MainActivity}. Reason:399c2f0 com.devomind.gallerysearch/com.devomind.gallerysearch.MainActivity (server) is not responding. Waited 5002ms for FocusEvent(hasFocus=false)
05-30 08:35:47.234  1946  2492 D CompatibilityChangeReporter: Compat change id reported: 174042980; UID 11559; state: DISABLED
05-30 08:35:47.234  1946  2492 D CompatibilityChangeReporter: Compat change id reported: 181136395; UID 11559; state: DISABLED
05-30 08:35:47.235  1946  2492 D CompatibilityChangeReporter: Compat change id reported: 174042936; UID 11559; state: DISABLED
05-30 08:35:47.235  1946  2492 D CompatibilityChangeReporter: Compat change id reported: 184838306; UID 11559; state: DISABLED
05-30 08:35:47.235  1946  2492 D CompatibilityChangeReporter: Compat change id reported: 185004937; UID 11559; state: DISABLED
05-30 08:35:47.279  1946 29750 I ActivityManager: Crashing app skipping ANR: com.android.server.am.ProcessErrorStateRecord@9402f63 Input dispatching timed out (399c2f0 com.devomind.gallerysearch/com.devomind.gallerysearch.MainActivity (server) is not responding. Waited 5002ms for FocusEvent(hasFocus=false))
05-30 08:35:47.279  1946 29750 D ActivityManager: Completed ANR of com.devomind.gallerysearch in 40ms, latency 0ms
05-30 08:35:48.829  1112  1112 D HWComposer: setVsyncEnabled: 1
05-30 08:35:48.837  1112  1187 D VSyncReactor: VSR: period confirmed
05-30 08:35:48.895  1112  1112 D HWComposer: setVsyncEnabled: 0
05-30 08:35:49.385 29537 29556 D CompatibilityChangeReporter: Compat change id reported: 183155436; UID 10123; state: ENABLED
05-30 08:35:49.400  1946  4686 D CompatibilityChangeReporter: Compat change id reported: 161145287; UID 10123; state: DISABLED
05-30 08:35:49.479  1946  4686 I ActivityManager: Killing 27301:app.revanced.android.gms:persistent/u0a429 (adj 955, setSvc -10000): empty #13
05-30 08:35:49.486  1946  2152 I libprocessgroup: Successfully killed process cgroup uid 10429 pid 27301 in 5ms
05-30 08:35:49.490 29537 29546 V ClearcutMetricXmitter: Transmission is done.
05-30 08:35:49.516  1946  2761 I ActivityManager: appDiedLocked: app=ProcessRecord{28f09ce 27301:app.revanced.android.gms:persistent/u0a429} thread=android.os.BinderProxy@cca68ea fromBinderDied=true isKilledByAm=true reason=null
05-30 08:35:49.517  1946  2761 D RestartModeController: markWaitRestartAppIsSuicided null processName=app.revanced.android.gms:persistent
05-30 08:35:49.517   865   865 I Zygote  : Process 27301 exited due to signal 9 (Killed)
05-30 08:35:49.517  1946  2761 D ActivityTaskManager: handleAppDied: uid=10429,diedCount=1,lastDiedTime=466633928,forceStopUids=false
05-30 08:35:49.518  1946  2109 D DisplayManagerService: Drop pending events for gone uid 10429
05-30 08:35:49.551 29537 29556 V ClearcutMetricXmitter: Transmission is done.
05-30 08:35:49.840  1112  1112 D HWComposer: setVsyncEnabled: 1
05-30 08:35:49.851  1112  1187 D VSyncReactor: VSR: period confirmed
05-30 08:35:49.908  1112  1112 D HWComposer: setVsyncEnabled: 0
