05-30 08:36:25.860  1946  1946 V PowerManager: userActivity when=466733212 event=0 flags=0 by (android) callers=android.os.PowerManager.userActivity:1425 com.android.server.accessibility.AccessibilityInputFilter.handleMotionEvent:366 com.android.server.accessibility.AccessibilityInputFilter.processMotionEvent:342 
05-30 08:36:25.862 30058 30080 I Finsky  : [6075] Device is eligible for platform Cronet and will attempt to use it.
05-30 08:36:25.864  1112  1112 D HWComposer: setVsyncEnabled: 1
05-30 08:36:25.870  1112  1187 D VSyncReactor: VSR: period confirmed
05-30 08:36:25.876  1946  2759 D CompatibilityChangeReporter: Compat change id reported: 161252188; UID 11559; state: DISABLED
05-30 08:36:25.877  1946  2759 I ActivityTaskManager: START u0 {act=android.intent.action.MAIN cat=[android.intent.category.LAUNCHER] flg=0x10200000 cmp=com.devomind.gallerysearch/.MainActivity bnds=[436,552][644,944]} from uid 10233
05-30 08:36:25.878  1946  2759 D CompatibilityChangeReporter: Compat change id reported: 194480991; UID 11559; state: ENABLED
05-30 08:36:25.878  1946  2759 D ActivityTaskManager: getPreferredLaunchDisplay userset_displayid true user set display id 0, current focus display 0
05-30 08:36:25.878  1946  2759 D ActivityTaskManager: getPreferredLaunchDisplay userset_displayid true user set display id 0, current focus display 0
05-30 08:36:25.881  1059  1093 E ANDR-PERF-LM: MetaMeter: handleAsync() 166: AdaptLaunch Invalid Async
05-30 08:36:25.881  1946  2759 D ActivityTaskManager: getPreferredLaunchDisplay userset_displayid true user set display id 0, current focus display 0
05-30 08:36:25.881  1946  2759 D ActivityTaskManager: getPreferredLaunchDisplay userset_displayid true user set display id 0, current focus display 0
05-30 08:36:25.882  1059  1093 E ANDR-PERF-LM: MetaMeter: handleAsync() 166: AdaptLaunch Invalid Async
05-30 08:36:25.884  1946  2759 D ActivityTaskManager: getPreferredLaunchDisplay userset_displayid true user set display id 0, current focus display 0
05-30 08:36:25.884  1946  2759 D ActivityTaskManager: getPreferredLaunchDisplay userset_displayid true user set display id 0, current focus display 0
05-30 08:36:25.885  1946  2759 D CompatibilityChangeReporter: Compat change id reported: 174042980; UID 11559; state: DISABLED
05-30 08:36:25.885  1946  2759 D CompatibilityChangeReporter: Compat change id reported: 184838306; UID 11559; state: DISABLED
05-30 08:36:25.885  1946  2759 D CompatibilityChangeReporter: Compat change id reported: 185004937; UID 11559; state: DISABLED
05-30 08:36:25.885  1946  2759 D CompatibilityChangeReporter: Compat change id reported: 181136395; UID 11559; state: DISABLED
05-30 08:36:25.885  1946  2759 D CompatibilityChangeReporter: Compat change id reported: 174042936; UID 11559; state: DISABLED
05-30 08:36:25.883 30058 30143 D HttpFlagsLoader: Not loading HTTP flags because they are disabled in the manifest
05-30 08:36:25.886  1946  2759 D CompatibilityChangeReporter: Compat change id reported: 197654537; UID 11559; state: ENABLED
05-30 08:36:25.888  1946  2759 D CompatibilityChangeReporter: Compat change id reported: 205907456; UID 11559; state: ENABLED
05-30 08:36:25.889  1946  2759 D ActivityTrigger: ActivityTrigger activityPauseTrigger 
05-30 08:36:25.889 30058 30106 I Finsky  : [6099] ApplicationRestrictions: {}
05-30 08:36:25.898  2655  2720 D ViewRootImpl: update {(0,0)(fillxfill) ty=APPLICATION_STARTING fmt=TRANSLUCENT wanim=0x10302fd
05-30 08:36:25.898  2655  2720 D ViewRootImpl:   fl=NOT_FOCUSABLE NOT_TOUCHABLE LAYOUT_IN_SCREEN LAYOUT_INSET_DECOR ALT_FOCUSABLE_IM HARDWARE_ACCELERATED DRAWS_SYSTEM_BAR_BACKGROUNDS
05-30 08:36:25.898  2655  2720 D ViewRootImpl:   pfl=SHOW_FOR_ALL_USERS FIT_INSETS_CONTROLLED
05-30 08:36:25.898  2655  2720 D ViewRootImpl:   bhv=DEFAULT
05-30 08:36:25.898  2655  2720 D ViewRootImpl:   fitSides=} by setView
05-30 08:36:25.899 30058 30080 I cn_CronetLibraryLoader: Cronet version: 144.0.7500.8, arch: aarch64
05-30 08:36:25.899  1946  2759 D CompatibilityChangeReporter: Compat change id reported: 194833441; UID 11559; state: ENABLED
05-30 08:36:25.905  1946  2111 D CompatibilityChangeReporter: Compat change id reported: 135634846; UID 11559; state: DISABLED
05-30 08:36:25.905  1946  2111 D CompatibilityChangeReporter: Compat change id reported: 177438394; UID 11559; state: DISABLED
05-30 08:36:25.905  1946  2111 D CompatibilityChangeReporter: Compat change id reported: 135772972; UID 11559; state: DISABLED
05-30 08:36:25.905  1946  2111 D CompatibilityChangeReporter: Compat change id reported: 135754954; UID 11559; state: ENABLED
05-30 08:36:25.905  2967  3027 D QuickstepModelDelegate: notifyAppTargetEvent action=1 launchLocation=workspace/9/[2,1]/[1,1]
05-30 08:36:25.906  1946  2131 D CompatibilityChangeReporter: Compat change id reported: 143937733; UID 11559; state: ENABLED
05-30 08:36:25.906  1946  2058 D CompatibilityChangeReporter: Compat change id reported: 168419799; UID 11559; state: DISABLED
05-30 08:36:25.910 30058 30096 I Finsky  : [6091] CronetEngine is present. Using Cronet for the networking stack.
05-30 08:36:25.913  1059  1093 W ANDR-PERF-LM: MetaMeter: handlePrimaryAsync() 118: AdaptLaunch MetaMeter. No MeterMgr Available to handle this Primary Async. !!!!
05-30 08:36:25.913  1059  1093 W ANDR-PERF-LM: MetaMeter: handlePrimaryAsync() 118: AdaptLaunch MetaMeter. No MeterMgr Available to handle this Primary Async. !!!!
05-30 08:36:25.917  1946  3227 D CoreBackPreview: Window{c80b30 u0 Splash Screen com.devomind.gallerysearch}: Setting back callback OnBackInvokedCallbackInfo{mCallback=android.window.IOnBackInvokedCallback$Stub$Proxy@31b50cf, mPriority=0}
05-30 08:36:25.917   865   865 D Zygote  : Forked child process 30155
05-30 08:36:25.917  1946  2131 I ActivityManager: Start proc 30155:com.devomind.gallerysearch/u0a1559 for next-top-activity {com.devomind.gallerysearch/com.devomind.gallerysearch.MainActivity}
05-30 08:36:25.923 30058 30081 W Settings: Setting download_manager_max_bytes_over_mobile has moved from android.provider.Settings.Secure to android.provider.Settings.Global.
05-30 08:36:25.924  2655  2863 E OpenGLRenderer: Unable to match the desired swap behavior.
05-30 08:36:25.927  1112  1112 D HWComposer: setVsyncEnabled: 0
05-30 08:36:25.932 30058 30081 I Finsky  : [6076] SettingNotFoundException, fall through to G.downloadBytesOverMobileMaximum
05-30 08:36:25.932 30058 30081 W Settings: Setting download_manager_recommended_max_bytes_over_mobile has moved from android.provider.Settings.Secure to android.provider.Settings.Global.
05-30 08:36:25.935 30058 30081 I Finsky  : [6076] SettingNotFoundException, fall through to G.downloadBytesOverMobileRecommended
05-30 08:36:25.939 30155 30155 I d.gallerysearch: Late-enabling -Xcheck:jni
05-30 08:36:25.939 30058 30081 I Finsky  : [6076] registerListener
05-30 08:36:25.941  2655  2863 W Parcel  : Expecting binder but got null!
05-30 08:36:25.943 30058 30081 I Finsky  : [6076] DFS: Listener added for srl@42b13fe
05-30 08:36:25.943 30058 30081 I Finsky  : [6076] registerListener
05-30 08:36:25.960  1946 11408 D ConnectivityService: requestNetwork for uid/pid:10137/30058 activeRequest: null callbackRequest: 80705 [NetworkRequest [ REQUEST id=80706, [ Capabilities: INTERNET&NOT_RESTRICTED&TRUSTED&NOT_VCN_MANAGED Uid: 10137 RequestorUid: 10137 RequestorPkg: com.android.vending UnderlyingNetworks: Null] ]] callback flags: 0 order: 2147483647 isUidTracked: false declaredMethods: AVAIL|LOST|NC|LP
05-30 08:36:25.963  1946  2562 D OemPaidWifiNetworkFactory: got request NetworkRequest [ REQUEST id=80706, [ Capabilities: INTERNET&NOT_RESTRICTED&TRUSTED&NOT_VCN_MANAGED Uid: 10137 RequestorUid: 10137 RequestorPkg: com.android.vending UnderlyingNetworks: Null] ]
05-30 08:36:25.963  1946  2562 D MultiInternetWifiNetworkFactory: got request NetworkRequest [ REQUEST id=80706, [ Capabilities: INTERNET&NOT_RESTRICTED&TRUSTED&NOT_VCN_MANAGED Uid: 10137 RequestorUid: 10137 RequestorPkg: com.android.vending UnderlyingNetworks: Null] ]
05-30 08:36:25.964  1946  2562 D WifiNetworkFactory: got request NetworkRequest [ REQUEST id=80706, [ Capabilities: INTERNET&NOT_RESTRICTED&TRUSTED&NOT_VCN_MANAGED Uid: 10137 RequestorUid: 10137 RequestorPkg: com.android.vending UnderlyingNetworks: Null] ]
05-30 08:36:25.964  1946  2562 D UntrustedWifiNetworkFactory: got request NetworkRequest [ REQUEST id=80706, [ Capabilities: INTERNET&NOT_RESTRICTED&TRUSTED&NOT_VCN_MANAGED Uid: 10137 RequestorUid: 10137 RequestorPkg: com.android.vending UnderlyingNetworks: Null] ]
05-30 08:36:25.964  1946  2573 D ConnectivityService: NetReassign [80706 : null → 844] [c 0] [a 1] [i 2]
05-30 08:36:25.974 30155 30155 I d.gallerysearch: Using CollectorTypeCC GC.
05-30 08:36:25.976  1946 11408 D CompatibilityChangeReporter: Compat change id reported: 319212206; UID 10137; state: ENABLED
05-30 08:36:25.977 23356 23410 D Surface : Surface::disconnect
05-30 08:36:25.977 23356 23410 D BufferQueueProducer: [VRI[CustomizationPanelLauncher]#9(BLAST Consumer)9](id:5b3c00000009,api:1,p:23356,c:23356) disconnect: api 1
05-30 08:36:25.980  1946  2573 D ConnectivityService: NetReassign [no changes] [c 1] [a 0] [i 4]
05-30 08:36:25.989 14856 14871 I adbd    : jdwp connection from 30155
05-30 08:36:25.996  2967  4913 D Surface : Surface::disconnect
05-30 08:36:25.996  2967  4913 D BufferQueueProducer: [VRI[CustomizationPanelLauncher]#2735(BLAST Consumer)2735](id:b9700000b02,api:1,p:2967,c:2967) disconnect: api 1
05-30 08:36:26.010 23356 23356 I bpbk    : onPause
05-30 08:36:26.010 30155 30155 D nativeloader: Load libframework-connectivity-tiramisu-jni.so using APEX ns com_android_tethering for caller /apex/com.android.tethering/javalib/framework-connectivity-t.jar: ok
05-30 08:36:26.020  1059  1093 E ANDR-PERF-LM: MetaMeter: handleAsync() 166: AdaptLaunch Invalid Async
05-30 08:36:26.022 30396  1804 W GetConfigSnapshotOp: Succeeded but not registered: com.google.android.libraries.onegoogle#com.android.vending [CONTEXT service_id=51 ]
05-30 08:36:26.026 30058 30151 W chromium: [0530/083626.017153:WARNING:external/cronet/stable/net/dns/dns_config_service_android.cc:69] Failed to read DnsConfig.
05-30 08:36:26.033  4930 25329 W DynamicVolume: DynamicVolumeService: onForegroundActivitiesChanged, record latest volume: AppStartVolume(packageUid=11559, packageName=com.devomind.gallerysearch, timeInMillis=1780110386032, date=Sat May 30 08:36:26 GMT+05:30 2026, startVolume=11, deviceType=2)
05-30 08:36:26.035 30155 30155 D CompatibilityChangeReporter: Compat change id reported: 171979766; UID 11559; state: ENABLED
05-30 08:36:26.046 27088 27088 D BoundBrokerSvc: onRebind: Intent { act=com.google.android.gms.potokens.service.START dat=chimera-action:/... cmp=com.google.android.gms/.chimera.GmsApiService }
05-30 08:36:26.064 30058 30096 I Finsky  : [6091] Component class com.google.android.finsky.wearsupport.WearSupportService disabled via PackageManager.
05-30 08:36:26.066 30058 30096 I Finsky  : [6091] Component class com.google.android.finsky.wearsupport.WearChangeListenerService disabled via PackageManager.
05-30 08:36:26.067 30058 30096 I Finsky  : [6091] CronetEngine is present. Using Cronet for the networking stack.
05-30 08:36:26.085 30058 30082 I Finsky  : [6077] Triggered update for experiment package com.google.android.finsky.stable.
05-30 08:36:26.099 30058 30149 W chromium: [0530/083626.099339:WARNING:external/cronet/stable/net/dns/dns_config_service_android.cc:69] Failed to read DnsConfig.
05-30 08:36:26.145   680 30060 I keystore2: keystore2::watchdog: Watchdog thread idle -> terminating. Have a great day.
05-30 08:36:26.233 30155 30155 D nativeloader: Configuring clns-4 for other apk /data/app/~~dV-pDMRPoA1wY8Sj48RFLw==/com.devomind.gallerysearch-z8Qa6HO9l0niY97tZ1XlUg==/base.apk. target_sdk_version=35, uses_libraries=, library_path=/data/app/~~dV-pDMRPoA1wY8Sj48RFLw==/com.devomind.gallerysearch-z8Qa6HO9l0niY97tZ1XlUg==/lib/arm64:/data/app/~~dV-pDMRPoA1wY8Sj48RFLw==/com.devomind.gallerysearch-z8Qa6HO9l0niY97tZ1XlUg==/base.apk!/lib/arm64-v8a, permitted_path=/data:/mnt/expand:/data/user/0/com.devomind.gallerysearch
05-30 08:36:26.244 30155 30155 D nativeloader: Load libframework-connectivity-jni.so using APEX ns com_android_tethering for caller /apex/com.android.tethering/javalib/framework-connectivity.jar: ok
05-30 08:36:26.247 30155 30155 V GraphicsEnvironment: ANGLE Developer option for 'com.devomind.gallerysearch' set to: 'default'
05-30 08:36:26.248 30155 30155 V GraphicsEnvironment: ANGLE GameManagerService for com.devomind.gallerysearch: false
05-30 08:36:26.248 30155 30155 V GraphicsEnvironment: Neither updatable production driver nor prerelease driver is supported.
05-30 08:36:26.249 30058 30082 I Finsky  : [6077] Already at the latest configurations for experiment package com.google.android.finsky.stable.
05-30 08:36:26.250 30058 30200 I Finsky  : [6128] Triggered update for experiment package com.google.android.finsky.stable_new.
05-30 08:36:26.252 30155 30155 D NetworkSecurityConfig: No Network Security Config specified, using platform default
05-30 08:36:26.253 30155 30155 D NetworkSecurityConfig: No Network Security Config specified, using platform default
05-30 08:36:26.261 30155 30155 D WM-WrkMgrInitializer: Initializing WorkManager with default configuration.
05-30 08:36:26.273  1946  2050 W System  : A resource failed to call release. 
05-30 08:36:26.274  1946  2050 W System  : A resource failed to call HardwareBuffer.close. 
05-30 08:36:26.300 30155 30155 D WM-PackageManagerHelper: Skipping component enablement for androidx.work.impl.background.systemjob.SystemJobService
05-30 08:36:26.300 30155 30155 D WM-Schedulers: Created SystemJobScheduler and enabled SystemJobService
05-30 08:36:26.319 30155 30155 I Typeface: updateThemeFont new=Rookery-Regular;old=sans-serif;new=Rookery-Stacked;old=
05-30 08:36:26.344 30155 30211 D CompatibilityChangeReporter: Compat change id reported: 160794467; UID 11559; state: ENABLED
05-30 08:36:26.357 30058 30200 I Finsky  : [6128] Already at the latest configurations for experiment package com.google.android.finsky.stable_new.
05-30 08:36:26.358 30058 30082 I Finsky  : [6077] Triggered update for experiment package com.google.android.finsky.regular.
05-30 08:36:26.361 30155 30155 D AppCompatDelegate: Checking for metadata for AppLocalesMetadataHolderService : Service not found
05-30 08:36:26.401 30058 30082 I Finsky  : [6077] Already at the latest configurations for experiment package com.google.android.finsky.regular.
05-30 08:36:26.402 30058 30082 I Finsky  : [6077] Triggered update for experiment package com.google.android.finsky.regular.
05-30 08:36:26.402 30155 30155 D CompatibilityChangeReporter: Compat change id reported: 210923482; UID 11559; state: ENABLED
05-30 08:36:26.434  1946  1946 W AccessibilityManagerService:  wait for adding window timeout: 9665
05-30 08:36:26.442 30058 30082 I Finsky  : [6077] Already at the latest configurations for experiment package com.google.android.finsky.regular.
05-30 08:36:26.496 30155 30155 I d.gallerysearch: hiddenapi: Accessing hidden method Landroid/view/ViewGroup;->makeOptionalFitsSystemWindows()V (runtime_flags=0, domain=platform, api=unsupported) from Landroidx/appcompat/widget/ViewUtils; (domain=app, TargetSdkVersion=35) using reflection: allowed
05-30 08:36:26.510 30058 30150 I cn_CronetUrlRequestContext: destroyNativeStreamLocked android.net.http.internal.org.chromium.net.impl.CronetBidirectionalStream@aba820d
05-30 08:36:26.532 30155 30220 D nativeloader: Load /data/app/~~dV-pDMRPoA1wY8Sj48RFLw==/com.devomind.gallerysearch-z8Qa6HO9l0niY97tZ1XlUg==/lib/arm64/libonnxruntime4j_jni.so using class loader ns clns-4 (caller=/data/app/~~dV-pDMRPoA1wY8Sj48RFLw==/com.devomind.gallerysearch-z8Qa6HO9l0niY97tZ1XlUg==/base.apk): ok
05-30 08:36:26.539 30058 30177 I Finsky  : [6119] Initializing pausers from value store.
05-30 08:36:26.541 30058 30177 I Finsky  : [6119] IQ::HLD: Callers (Pausers) in PauseUpdatesCallersValueStore: []
05-30 08:36:26.547  1946  2058 I ActivityManager: com.android.vending is exempt from freezer
05-30 08:36:26.548  1946  2058 D CompatibilityChangeReporter: Compat change id reported: 135634846; UID 10137; state: DISABLED
05-30 08:36:26.548  1946  2058 D CompatibilityChangeReporter: Compat change id reported: 177438394; UID 10137; state: DISABLED
05-30 08:36:26.548  1946  2058 D CompatibilityChangeReporter: Compat change id reported: 135772972; UID 10137; state: DISABLED
05-30 08:36:26.548  1946  2058 D CompatibilityChangeReporter: Compat change id reported: 135754954; UID 10137; state: ENABLED
05-30 08:36:26.549  1946  2131 D CompatibilityChangeReporter: Compat change id reported: 143937733; UID 10137; state: ENABLED
05-30 08:36:26.554 30155 30155 D ViewRootImpl: update {(0,0)(fillxfill) sim={forwardNavigation} ty=BASE_APPLICATION wanim=0x10302fd
05-30 08:36:26.554 30155 30155 D ViewRootImpl:   fl=LAYOUT_IN_SCREEN LAYOUT_INSET_DECOR SPLIT_TOUCH HARDWARE_ACCELERATED DRAWS_SYSTEM_BAR_BACKGROUNDS
05-30 08:36:26.554 30155 30155 D ViewRootImpl:   pfl=NO_MOVE_ANIMATION FORCE_DRAW_STATUS_BAR_BACKGROUND FIT_INSETS_CONTROLLED
05-30 08:36:26.554 30155 30155 D ViewRootImpl:   bhv=DEFAULT
05-30 08:36:26.554 30155 30155 D ViewRootImpl:   fitSides=} by setView
05-30 08:36:26.559   865   865 D Zygote  : Forked child process 30225
05-30 08:36:26.560  1946  2131 I ActivityManager: Start proc 30225:com.android.vending:background/u0a137 for service {com.android.vending/com.google.frameworks.client.data.android.server.play.BackgroundProcessEndpointService}
05-30 08:36:26.565  1946  2058 D CoreBackPreview: Window{77e2638 u0 com.devomind.gallerysearch/com.devomind.gallerysearch.MainActivity}: Setting back callback OnBackInvokedCallbackInfo{mCallback=android.window.IOnBackInvokedCallback$Stub$Proxy@9077376, mPriority=0}
05-30 08:36:26.589 30225 30225 I ding:background: Using CollectorTypeCC GC.
05-30 08:36:26.600 30225 30225 D nativeloader: Load libframework-connectivity-tiramisu-jni.so using APEX ns com_android_tethering for caller /apex/com.android.tethering/javalib/framework-connectivity-t.jar: ok
05-30 08:36:26.620 30225 30225 D CompatibilityChangeReporter: Compat change id reported: 171979766; UID 10137; state: ENABLED
05-30 08:36:26.620 30155 30212 I AdrenoGLES-0: QUALCOMM build                   : 43fc279f3a, I58833f8ed4
05-30 08:36:26.620 30155 30212 I AdrenoGLES-0: Build Date                       : 03/24/23
05-30 08:36:26.620 30155 30212 I AdrenoGLES-0: OpenGL ES Shader Compiler Version: EV031.32.02.17
05-30 08:36:26.620 30155 30212 I AdrenoGLES-0: Local Branch                     : 
05-30 08:36:26.620 30155 30212 I AdrenoGLES-0: Remote Branch                    : 
05-30 08:36:26.620 30155 30212 I AdrenoGLES-0: Remote Branch                    : 
05-30 08:36:26.620 30155 30212 I AdrenoGLES-0: Reconstruct Branch               : 
05-30 08:36:26.620 30155 30212 I AdrenoGLES-0: Build Config                     : S P 10.0.7 AArch64
05-30 08:36:26.620 30155 30212 I AdrenoGLES-0: Driver Path                      : /vendor/lib64/egl/libGLESv2_adreno.so
05-30 08:36:26.633 30155 30212 I AdrenoGLES-0: PFP: 0x016ee197, ME: 0x00000000
05-30 08:36:26.638 30225 30225 D nativeloader: Configuring clns-4 for other apk /system/framework/org.apache.http.legacy.jar. target_sdk_version=37, uses_libraries=ALL, library_path=/data/app/~~h4B3jol6uQFW9RAS4sIH1g==/com.android.vending-N4x55ipSSvko-z7pU5ESVQ==/lib/arm64:/data/app/~~h4B3jol6uQFW9RAS4sIH1g==/com.android.vending-N4x55ipSSvko-z7pU5ESVQ==/base.apk!/lib/arm64-v8a:/data/app/~~h4B3jol6uQFW9RAS4sIH1g==/com.android.vending-N4x55ipSSvko-z7pU5ESVQ==/split_config.arm64_v8a.apk!/lib/arm64-v8a:/data/app/~~h4B3jol6uQFW9RAS4sIH1g==/com.android.vending-N4x55ipSSvko-z7pU5ESVQ==/split_config.en.apk!/lib/arm64-v8a:/data/app/~~h4B3jol6uQFW9RAS4sIH1g==/com.android.vending-N4x55ipSSvko-z7pU5ESVQ==/split_phonesky_data_loader.apk!/lib/arm64-v8a:/data/app/~~h4B3jol6uQFW9RAS4sIH1g==/com.android.vending-N4x55ipSSvko-z7pU5ESVQ==/split_phonesky_data_loader.config.arm64_v8a.apk!/lib/arm64-v8a:/data/app/~~h4B3jol6uQFW9RAS4sIH1g==/com.android.vending-N4x55ipSSvko-z7pU5ESVQ==/split_phonesky_webrtc_native_lib.apk!/lib/arm64-v8a:/data/app/~~h4B3jol6uQFW9RAS4sIH1g==/com.a
05-30 08:36:26.638 30225 30225 D nativeloader: Extending system_exposed_libraries: libbinauralrenderer_wrapper.qti.so:libhoaeffects.qti.so:libQOC.qti.so:libjni_helper.motocameradesktop.so:libupdateprof.qti.so:libQOC.qti.so:libdiag_system.qti.so:libqape.qti.so:libqesdk_ndk_platform.qti.so:liblistenjni.qti.so:libimgTuner_jni.motoimagetuner.so
05-30 08:36:26.642 30058 30150 I cn_CronetUrlRequestContext: destroyNativeStreamLocked android.net.http.internal.org.chromium.net.impl.CronetBidirectionalStream@ba60aed
05-30 08:36:26.653 30155 30212 I OpenGLRenderer: setGrContext nullptr-->validptr
05-30 08:36:26.654  1052  5760 I SDM     : HWCDisplay::GetColorModeCount: Supported color mode count = 3
05-30 08:36:26.654  1052  5760 I SDM     : HWCDisplay::GetColorModes: Color mode = 0 is supported
05-30 08:36:26.654  1052  5760 I SDM     : HWCDisplay::GetColorModes: Color mode = 7 is supported
05-30 08:36:26.654  1052  5760 I SDM     : HWCDisplay::GetColorModes: Color mode = 9 is supported
05-30 08:36:26.655 30058 30164 I Finsky  : [6116] Prod hostname prewarm endpoint failed: UNAVAILABLE
05-30 08:36:26.656 30155 30212 E OpenGLRenderer: Unable to match the desired swap behavior.
05-30 08:36:26.664   587   587 I servicemanager: Could not find android.hardware.graphics.allocator.IAllocator/default in the VINTF manifest.
05-30 08:36:26.705 30155 30212 W Parcel  : Expecting binder but got null!
05-30 08:36:26.720  1946  2112 I LaunchCheckinHandler: MotoDisplayed com.devomind.gallerysearch/.MainActivity,cp,ca,806
05-30 08:36:26.730  1946  2108 I ActivityTaskManager: Displayed com.devomind.gallerysearch/.MainActivity: +843ms
05-30 08:36:26.732  2655  2863 D Surface : Surface::disconnect
05-30 08:36:26.733  2655  2863 D BufferQueueProducer: [VRI[gallerysearch]#9781(BLAST Consumer)9781](id:a5f00002635,api:1,p:2655,c:2655) disconnect: api 1
05-30 08:36:26.743 30225 30225 W ding:background: Failed to find entry 'classes.dex': Entry not found
05-30 08:36:26.745 30225 30225 W ding:background: Failed to find entry 'classes.dex': Entry not found
05-30 08:36:26.746 30225 30225 W ding:background: Failed to find entry 'classes.dex': Entry not found
05-30 08:36:26.748 30225 30225 W ding:background: Failed to find entry 'classes.dex': Entry not found
05-30 08:36:26.750 30225 30225 W ding:background: Failed to find entry 'classes.dex': Entry not found
05-30 08:36:26.752 30225 30225 W ding:background: Failed to find entry 'classes.dex': Entry not found
05-30 08:36:26.754 30225 30225 D nativeloader: Configuring clns-5 for other apk /data/app/~~h4B3jol6uQFW9RAS4sIH1g==/com.android.vending-N4x55ipSSvko-z7pU5ESVQ==/base.apk:/data/app/~~h4B3jol6uQFW9RAS4sIH1g==/com.android.vending-N4x55ipSSvko-z7pU5ESVQ==/split_config.arm64_v8a.apk:/data/app/~~h4B3jol6uQFW9RAS4sIH1g==/com.android.vending-N4x55ipSSvko-z7pU5ESVQ==/split_config.en.apk:/data/app/~~h4B3jol6uQFW9RAS4sIH1g==/com.android.vending-N4x55ipSSvko-z7pU5ESVQ==/split_phonesky_data_loader.apk:/data/app/~~h4B3jol6uQFW9RAS4sIH1g==/com.android.vending-N4x55ipSSvko-z7pU5ESVQ==/split_phonesky_data_loader.config.arm64_v8a.apk:/data/app/~~h4B3jol6uQFW9RAS4sIH1g==/com.android.vending-N4x55ipSSvko-z7pU5ESVQ==/split_phonesky_webrtc_native_lib.apk:/data/app/~~h4B3jol6uQFW9RAS4sIH1g==/com.android.vending-N4x55ipSSvko-z7pU5ESVQ==/split_phonesky_webrtc_native_lib.config.arm64_v8a.apk. target_sdk_version=37, uses_libraries=, library_path=/data/app/~~h4B3jol6uQFW9RAS4sIH1g==/com.android.vending-N4x55ipSSvko-z7pU5ESVQ==/lib/arm64:/data/app/~~h4B3jol6uQFW9RAS4sIH1g==/com.and
05-30 08:36:26.761  1946  3227 D CoreBackPreview: Window{c80b30 u0 Splash Screen com.devomind.gallerysearch}: Setting back callback null
05-30 08:36:26.763  1946  2759 W InputManager-JNI: Input channel object 'c80b30 Splash Screen com.devomind.gallerysearch (client)' was disposed without first being removed with the input manager!
05-30 08:36:26.768  1946 11408 D CompatibilityChangeReporter: Compat change id reported: 214016041; UID 11559; state: ENABLED
05-30 08:36:26.777  1946  3163 I ActivityManager: Killing 26639:com.asdoi.quicktiles/u0a292 (adj 955, setSvc -10000): empty #13
05-30 08:36:26.778 30225 30225 D nativeloader: Load libframework-connectivity-jni.so using APEX ns com_android_tethering for caller /apex/com.android.tethering/javalib/framework-connectivity.jar: ok
05-30 08:36:26.786 23134 23134 I GoogleInputMethodService: GoogleInputMethodService.onFinishInput():2259 
05-30 08:36:26.788 30225 30225 V GraphicsEnvironment: ANGLE Developer option for 'com.android.vending' set to: 'default'
05-30 08:36:26.790  1946  2152 I libprocessgroup: Successfully killed process cgroup uid 10292 pid 26639 in 10ms
05-30 08:36:26.790 30225 30225 V GraphicsEnvironment: ANGLE GameManagerService for com.android.vending: false
05-30 08:36:26.790 30225 30225 V GraphicsEnvironment: Neither updatable production driver nor prerelease driver is supported.
05-30 08:36:26.792 23134 23134 I Module  : DeviceLockedStatusModuleProvider$Module.updateDeviceLockedStatus():103 repeatCheckTimes = 0, locked = false
05-30 08:36:26.797 23356 23356 I bpbk    : onStop
05-30 08:36:26.799 30225 30225 D NetworkSecurityConfig: No Network Security Config specified, using platform default
05-30 08:36:26.800 30225 30225 D NetworkSecurityConfig: No Network Security Config specified, using platform default
05-30 08:36:26.800 23134 23134 I GoogleInputMethodService: GoogleInputMethodService.onStartInput():1446 onStartInput(EditorInfo{EditorInfo{packageName=com.devomind.gallerysearch, inputType=0, inputTypeString=NULL, enableLearning=false, autoCorrection=false, autoComplete=false, imeOptions=0, privateImeOptions=null, actionName=UNSPECIFIED, actionLabel=null, initialSelStart=-1, initialSelEnd=-1, initialCapsMode=0, label=null, fieldId=-1, fieldName=null, extras=null, hintText=null, hintLocales=[]}}, false)
05-30 08:36:26.800 23134 23134 I AndroidIME: LatinIMEBase.updateInputViewCoverNavigation():322 Update input view padding, isNavbarOverInputWindow=false, bottom inset=0
05-30 08:36:26.805 23134 23134 I Module  : DeviceLockedStatusModuleProvider$Module.updateDeviceLockedStatus():103 repeatCheckTimes = 1, locked = false
05-30 08:36:26.825 30225 30225 I Finsky:background: [2] Process created at version: 51.5.21-31 [0] [PR] 916190111
05-30 08:36:26.838 30225 30225 I Finsky:background: [2] [BGP] Initializing early flags...
05-30 08:36:26.838 30225 30225 I Finsky:background: [2] [BGP] Initializing Gservices...
05-30 08:36:26.841 30225 30225 I Finsky:background: [2] [BGP] Initializing flags...
05-30 08:36:26.844 30155 30220 D AssetUtils: Loaded vision_model_fp16.onnx: 71710175 bytes
05-30 08:36:26.852  1946  2759 I ActivityManager: appDiedLocked: app=ProcessRecord{718ef2b 26639:com.asdoi.quicktiles/u0a292} thread=android.os.BinderProxy@1950a7b fromBinderDied=true isKilledByAm=true reason=null
05-30 08:36:26.852 30155 30220 D CLIP    : NNAPI flags-based setup not available: ai.onnxruntime.NNAPIFlags
05-30 08:36:26.853   865   865 I Zygote  : Process 26639 exited due to signal 9 (Killed)
05-30 08:36:26.854 30155 30220 D CLIP    : NNAPI enabled (no flags)
05-30 08:36:26.854  1946  2759 D ActivityManager: app is cached, not scheduling restart of crashed service com.asdoi.quicktiles/com.flxholle.quicktiles.tiles.AdaptiveBrightnessTileService
05-30 08:36:26.855  1946  2759 D RestartModeController: markWaitRestartAppIsSuicided null processName=com.asdoi.quicktiles
05-30 08:36:26.857  1946  2759 D ActivityTaskManager: handleAppDied: uid=10292,diedCount=1,lastDiedTime=466336483,forceStopUids=false
05-30 08:36:26.857  1946  2109 D DisplayManagerService: Drop pending events for gone uid 10292
05-30 08:36:26.888 30225 30225 I Finsky:background: [2] Finished reading experiment flags from file [0tGUNCGIkbk4o6-fQ335kUYSKwVj4lusnHT-A5Dsy08] numFlags=2349.
05-30 08:36:26.893  1946  2559 D CompatibilityChangeReporter: Compat change id reported: 218533173; UID 10292; state: ENABLED
05-30 08:36:26.909  1059  3562 E ANDR-PERF-LM: VmRssMeter:: start() 453: Could not find pid, can not collect vmrss data
05-30 08:36:26.910  1059  3562 E ANDR-PERF-LM: AdaptiveLaunch: writeToDataBase() 64: Meter aborted or could not get meter data for this run
05-30 08:36:26.910  1059  3561 E ANDR-PERF-LM: VmRssMeter:: start() 453: Could not find pid, can not collect vmrss data
05-30 08:36:26.911 30225 30252 D nativeloader: Load /data/app/~~h4B3jol6uQFW9RAS4sIH1g==/com.android.vending-N4x55ipSSvko-z7pU5ESVQ==/split_config.arm64_v8a.apk!/lib/arm64-v8a/libmappedcountercacheversionjni.so using class loader ns clns-5 (caller=/data/app/~~h4B3jol6uQFW9RAS4sIH1g==/com.android.vending-N4x55ipSSvko-z7pU5ESVQ==/base.apk): ok
05-30 08:36:26.939 30225 30225 I Finsky:background: [2] Finished reading experiment flags from file [rN3Ql0iTluVio-zbNOodwir_IhL6fxjC3JTi0uztPVw] numFlags=2009.
05-30 08:36:26.945 30225 30225 I Finsky:background: [2] [BGP] Initializing crash detector...
05-30 08:36:26.953 30225 30225 I Finsky:background: [2] ajwj - Registering in memory receiver for android.intent.action.PACKAGE_ADDED and android.intent.action.PACKAGE_REMOVED
05-30 08:36:26.959 30225 30225 I Typeface: updateThemeFont new=Rookery-Regular;old=sans-serif;new=Rookery-Stacked;old=
05-30 08:36:26.967 30396  1804 W GetConfigSnapshotOp: Succeeded but not registered: com.google.android.libraries.performance.primes#com.android.vending [CONTEXT service_id=51 ]
05-30 08:36:26.975 30225 30225 I Finsky:background: [2] This process start was not selected for Play memory metrics collection.
05-30 08:36:26.979  1946 11408 I ActivityManager: Killing 28869:com.google.process.gapps/u0a160 (adj 955, setSvc -10000): empty #13
05-30 08:36:26.984 30155 30220 I Manager : DeviceManager::DeviceManager
05-30 08:36:26.984 30155 30220 W ServerFlag: Failed to parse result of GetServerConfigurableFlag, errno=34
05-30 08:36:26.984 30155 30220 I Manager : findAvailableDevices
05-30 08:36:26.985  1946  2152 I libprocessgroup: Successfully killed process cgroup uid 10160 pid 28869 in 5ms
05-30 08:36:26.991 30225 30264 W Settings: Setting download_manager_max_bytes_over_mobile has moved from android.provider.Settings.Secure to android.provider.Settings.Global.
05-30 08:36:26.992 30155 30220 W libc    : Access denied finding property "ro.hardware.chipname"
05-30 08:36:26.992 30225 30264 I Finsky:background: [6086] SettingNotFoundException, fall through to G.downloadBytesOverMobileMaximum
05-30 08:36:26.992 30225 30264 W Settings: Setting download_manager_recommended_max_bytes_over_mobile has moved from android.provider.Settings.Secure to android.provider.Settings.Global.
05-30 08:36:26.993 30225 30264 I Finsky:background: [6086] SettingNotFoundException, fall through to G.downloadBytesOverMobileRecommended
05-30 08:36:26.993 30225 30264 I Finsky:background: [6086] registerListener
05-30 08:36:26.996 30225 30264 I Finsky:background: [6086] DFS: Listener added for srl@2d149c5
05-30 08:36:26.996 30225 30264 I Finsky:background: [6086] registerListener
05-30 08:36:26.997 30225 30264 I Finsky:background: [6086] registerListener
05-30 08:36:26.997 30225 30264 I Finsky:background: [6086] DFS: Listener added for aohl@caff772
05-30 08:36:27.008 30225 30266 D CompatibilityChangeReporter: Compat change id reported: 183155436; UID 10137; state: ENABLED
05-30 08:36:27.016  1946 11408 D ConnectivityService: requestNetwork for uid/pid:10137/30225 activeRequest: null callbackRequest: 80708 [NetworkRequest [ REQUEST id=80709, [ Capabilities: INTERNET&NOT_RESTRICTED&TRUSTED&NOT_VCN_MANAGED Uid: 10137 RequestorUid: 10137 RequestorPkg: com.android.vending UnderlyingNetworks: Null] ]] callback flags: 0 order: 2147483647 isUidTracked: false declaredMethods: AVAIL|LOST
05-30 08:36:27.017  1946  2562 D OemPaidWifiNetworkFactory: got request NetworkRequest [ REQUEST id=80709, [ Capabilities: INTERNET&NOT_RESTRICTED&TRUSTED&NOT_VCN_MANAGED Uid: 10137 RequestorUid: 10137 RequestorPkg: com.android.vending UnderlyingNetworks: Null] ]
05-30 08:36:27.018  1946  2562 D MultiInternetWifiNetworkFactory: got request NetworkRequest [ REQUEST id=80709, [ Capabilities: INTERNET&NOT_RESTRICTED&TRUSTED&NOT_VCN_MANAGED Uid: 10137 RequestorUid: 10137 RequestorPkg: com.android.vending UnderlyingNetworks: Null] ]
05-30 08:36:27.018  1946  2562 D WifiNetworkFactory: got request NetworkRequest [ REQUEST id=80709, [ Capabilities: INTERNET&NOT_RESTRICTED&TRUSTED&NOT_VCN_MANAGED Uid: 10137 RequestorUid: 10137 RequestorPkg: com.android.vending UnderlyingNetworks: Null] ]
05-30 08:36:27.018  1946  2562 D UntrustedWifiNetworkFactory: got request NetworkRequest [ REQUEST id=80709, [ Capabilities: INTERNET&NOT_RESTRICTED&TRUSTED&NOT_VCN_MANAGED Uid: 10137 RequestorUid: 10137 RequestorPkg: com.android.vending UnderlyingNetworks: Null] ]
05-30 08:36:27.019  1946  2573 D ConnectivityService: NetReassign [80709 : null → 844] [c 0] [a 1] [i 2]
05-30 08:36:27.020 30225 30264 I Finsky:background: [6086] IV2: IQv2 is disabled. Recovering all active installs: []
05-30 08:36:27.021 30225 30272 I Finsky:background: [6094] IQ: Internet connection lost.
05-30 08:36:27.025  1946 11408 I ActivityManager: appDiedLocked: app=ProcessRecord{b27db8c 28869:com.google.process.gapps/u0a160} thread=android.os.BinderProxy@6661a0c fromBinderDied=true isKilledByAm=true reason=null
05-30 08:36:27.025  1946 11408 D RestartModeController: markWaitRestartAppIsSuicided null processName=com.google.process.gapps
05-30 08:36:27.026  1946 11408 D ActivityTaskManager: handleAppDied: uid=10160,diedCount=2,lastDiedTime=466399915,forceStopUids=false
05-30 08:36:27.027   865   865 I Zygote  : Process 28869 exited due to signal 9 (Killed)
05-30 08:36:27.032 30225 30263 I Finsky:background: [6085] Device is eligible for platform Cronet and will attempt to use it.
05-30 08:36:27.041 30225 30270 I Finsky:background: [6092] IQ: Pruning inactive install requests
05-30 08:36:27.049 30396 32041 I FontLog : (REDACTED) Received query %s, URI %s
05-30 08:36:27.049 30396 32041 I FontLog : (REDACTED) Query [%s] resolved to %s
05-30 08:36:27.050 30396 32041 I FontLog : (REDACTED) Fetch %s end status %s
05-30 08:36:27.051 30225 30279 D HttpFlagsLoader: Not loading HTTP flags because they are disabled in the manifest
05-30 08:36:27.053 30396 32389 I FontLog : (REDACTED) Pulling font file for id = %d, cache size = %d
05-30 08:36:27.054 30058 30282 I Finsky  : [6136] SM: There are no stale sessions to be pruned
05-30 08:36:27.058 30396 32389 I FontLog : (REDACTED) Pulling font file for id = %d, cache size = %d
05-30 08:36:27.060 30058 30058 I Finsky  : [2] Connecting InstallListener to SplitInstallService broadcaster...
05-30 08:36:27.249 30225 30263 I cn_CronetLibraryLoader: Cronet version: 144.0.7500.8, arch: aarch64
05-30 08:36:27.256  1946  2759 D ConnectivityService: requestNetwork for uid/pid:10137/30225 activeRequest: null callbackRequest: 80710 [NetworkRequest [ REQUEST id=80711, [ Capabilities: INTERNET&NOT_RESTRICTED&TRUSTED&NOT_VCN_MANAGED Uid: 10137 RequestorUid: 10137 RequestorPkg: com.android.vending UnderlyingNetworks: Null] ]] callback flags: 0 order: 2147483647 isUidTracked: false declaredMethods: AVAIL|LOST|NC|LP
05-30 08:36:27.259  1946  2562 D OemPaidWifiNetworkFactory: got request NetworkRequest [ REQUEST id=80711, [ Capabilities: INTERNET&NOT_RESTRICTED&TRUSTED&NOT_VCN_MANAGED Uid: 10137 RequestorUid: 10137 RequestorPkg: com.android.vending UnderlyingNetworks: Null] ]
05-30 08:36:27.259  1946  2562 D MultiInternetWifiNetworkFactory: got request NetworkRequest [ REQUEST id=80711, [ Capabilities: INTERNET&NOT_RESTRICTED&TRUSTED&NOT_VCN_MANAGED Uid: 10137 RequestorUid: 10137 RequestorPkg: com.android.vending UnderlyingNetworks: Null] ]
05-30 08:36:27.260 30225 30263 I Finsky:background: [6085] CronetEngine is present. Using Cronet for the networking stack.
05-30 08:36:27.261  1946  2562 D WifiNetworkFactory: got request NetworkRequest [ REQUEST id=80711, [ Capabilities: INTERNET&NOT_RESTRICTED&TRUSTED&NOT_VCN_MANAGED Uid: 10137 RequestorUid: 10137 RequestorPkg: com.android.vending UnderlyingNetworks: Null] ]
05-30 08:36:27.262  1946  2562 D UntrustedWifiNetworkFactory: got request NetworkRequest [ REQUEST id=80711, [ Capabilities: INTERNET&NOT_RESTRICTED&TRUSTED&NOT_VCN_MANAGED Uid: 10137 RequestorUid: 10137 RequestorPkg: com.android.vending UnderlyingNetworks: Null] ]
05-30 08:36:27.263  1946  2573 D ConnectivityService: NetReassign [80711 : null → 844] [c 0] [a 1] [i 5]
05-30 08:36:27.271  1946  2573 D ConnectivityService: NetReassign [no changes] [c 0] [a 1] [i 6]
05-30 08:36:27.275 30225 30285 W chromium: [0530/083627.274663:WARNING:external/cronet/stable/net/dns/dns_config_service_android.cc:69] Failed to read DnsConfig.
05-30 08:36:27.275 30225 30263 I Finsky:background: [6085] Finished reading experiment flags from file [Se-xCc4LzNyh3UrKMIU2sUf-PUKz4oQEbpKZDMuaFno] numFlags=1998.
05-30 08:36:27.286 30225 30270 I Finsky:background: [6092] Resetting scheduler db
05-30 08:36:27.287 30225 30263 I Finsky:background: [6085] Subscription detail: DataSubscriptionInfo{groupIdLevel1=FF, serviceProviderName=[KUg_OXGEV6BiyJOygiTaXUp_-RLBvm2SfXwihai6m4c], simCarrierId=1963}
05-30 08:36:27.290 30225 30225 I Finsky:background: [2] onSubscriptionsChanged
05-30 08:36:27.294 30225 30267 I Finsky:background: [6089] SCH: Scheduling phonesky job Id: 3-142354, CT: 1780110267360, Constraints: [{ L: 0, D: 86400000, C: CHARGING_REQUIRED, I: IDLE_REQUIRED, N: NET_ANY, B: BATTERY_ANY }]
05-30 08:36:27.295 30225 30267 I Finsky:background: [6089] SCH: Scheduling phonesky job Id: 3-142355, CT: 1780110267390, Constraints: [{ L: 0, D: 86400000, C: CHARGING_REQUIRED, I: IDLE_REQUIRED, N: NET_ANY, B: BATTERY_ANY }]
05-30 08:36:27.295 30225 30267 I Finsky:background: [6089] SCH: Scheduling phonesky job Id: 47-15, CT: 1780086067269, Constraints: [{ L: 20019002, D: 41618992, C: CHARGING_NONE, I: IDLE_REQUIRED, N: NET_NONE, B: BATTERY_ANY }]
05-30 08:36:27.295 30225 30267 I Finsky:background: [6089] SCH: Scheduling phonesky job Id: 59-1, CT: 1780109576367, Constraints: [{ L: 10009882, D: 20149881, C: CHARGING_NONE, I: IDLE_NONE, N: NET_ANY, B: BATTERY_ANY }]
05-30 08:36:27.305 30225 30263 I Finsky:background: [6085] SCH: Scheduling 0 system job(s)
05-30 08:36:27.311 30225 30298 I Finsky:background: [6106] SCH: Canceling job 3-142354
05-30 08:36:27.312 30225 30298 I Finsky:background: [6106] WM::SCH: Logging work end for 3-142354
05-30 08:36:27.316 30225 30261 I Finsky:background: [6083] SCH: Scheduling phonesky job Id: 3-142355, CT: 1780110267390, Constraints: [{ L: 0, D: 86400000, C: CHARGING_REQUIRED, I: IDLE_REQUIRED, N: NET_ANY, B: BATTERY_ANY }]
05-30 08:36:27.321 30225 30267 I Finsky:background: [6089] SCH: Scheduling 1 system job(s)
05-30 08:36:27.322 30225 30267 D CompatibilityChangeReporter: Compat change id reported: 194532703; UID 10137; state: ENABLED
05-30 08:36:27.322 30225 30267 I Finsky:background: [6089] SCH: Scheduling system job Id: 10792, L: 0, D: 86280069, C: true, I: true, N: 1
05-30 08:36:27.323  1946  2759 D CompatibilityChangeReporter: Compat change id reported: 194532703; UID 10137; state: ENABLED
05-30 08:36:27.328 30225 30284 W chromium: [0530/083627.328302:WARNING:external/cronet/stable/net/dns/dns_config_service_android.cc:69] Failed to read DnsConfig.
05-30 08:36:27.331 30225 30298 I Finsky:background: [6106] SCH: Canceling job 3-142355
05-30 08:36:27.331 30225 30298 I Finsky:background: [6106] WM::SCH: Logging work end for 3-142355
05-30 08:36:27.332 30225 30261 I Finsky:background: [6083] SCH: no pending jobs to schedule.
05-30 08:36:27.350 30225 30270 I Finsky:background: [6092] IQ: Creating job 142356, for (REQ_CHARGING, REQ_DEVICE_IDLE, REQ_GEARHEAD_PROJECTION_OFF, NETWORK=ANY, PROVISIONING_STATE=PROVISIONED, BACKUP_MANAGER_STATE=BACKUP_READY, AUTHENTICATION_REQUIRED, PROCESS_IMPORTANCE_THRESHOLD=125)
05-30 08:36:27.351 30225 30270 I Finsky:background: [6092] IQ: Creating job 142357, for (REQ_CHARGING, REQ_DEVICE_IDLE, REQ_GEARHEAD_PROJECTION_OFF, IGNORE_HOLDOFF=true, NETWORK=ANY, PROVISIONING_STATE=PROVISIONED, BACKUP_MANAGER_STATE=BACKUP_READY, AUTHENTICATION_REQUIRED, PROCESS_IMPORTANCE_THRESHOLD=125)
05-30 08:36:27.352 30225 30270 I Finsky:background: [6092] IQ: Bulk scheduling created jobs
05-30 08:36:27.354 30225 30270 I Finsky:background: [6092] SCH: Received scheduling request: Id: 3-142356, Constraints: [{ L: 0, D: 86400000, C: CHARGING_REQUIRED, I: IDLE_REQUIRED, N: NET_ANY, B: BATTERY_ANY }]
05-30 08:36:27.386 30225 30270 D WM-PackageManagerHelper: Skipping component enablement for androidx.work.impl.background.systemjob.SystemJobService
05-30 08:36:27.386 30225 30270 D WM-Schedulers: Created SystemJobScheduler and enabled SystemJobService
05-30 08:36:27.386 30225 30259 D WM-ForceStopRunnable: Is default app process = true
05-30 08:36:27.387 30225 30259 D WM-ForceStopRunnable: Performing cleanup operations.
05-30 08:36:27.392 30225 30270 I Finsky:background: [6092] SCH: Received scheduling request: Id: 3-142357, Constraints: [{ L: 0, D: 86400000, C: CHARGING_REQUIRED, I: IDLE_REQUIRED, N: NET_ANY, B: BATTERY_ANY }]
05-30 08:36:27.395 30225 30267 I Finsky:background: [6089] IQ: start evaluating install requests.
05-30 08:36:27.395 30225 30267 I Finsky:background: [6089] IQ: no jobs active. Skipping
05-30 08:36:27.397 30225 30261 I Finsky:background: [6083] SSM: Start staged session task with 0 tracked staged sessions
05-30 08:36:27.400 30225 30267 I Finsky:background: [6089] IQ: 0 scheduled install statuses found to proceed. 
05-30 08:36:27.420 30225 30259 D CompatibilityChangeReporter: Compat change id reported: 160794467; UID 10137; state: ENABLED
05-30 08:36:27.429 30225 30259 D WM-PackageManagerHelper: Skipping component enablement for androidx.work.impl.background.systemalarm.RescheduleReceiver
05-30 08:36:27.467 30155 30168 I d.gallerysearch: Compiler allocated 4312KB to compile void android.view.ViewRootImpl.performTraversals()
05-30 08:36:27.563 30155 30220 D CLIP    : Vision model asset: vision_model_fp16.onnx
05-30 08:36:27.563 30155 30220 D CLIP    : Vision model inputs: [pixel_values]
05-30 08:36:27.563 30155 30220 D CLIP    : Vision model outputs: [image_embeds]
05-30 08:36:27.563 30155 30220 D CLIP    : Vision processor config: ProcessorConfig(doNormalize=false)
05-30 08:36:27.856  1946 11408 D CompatibilityChangeReporter: Compat change id reported: 135634846; UID 10292; state: DISABLED
05-30 08:36:27.856  1946 11408 D CompatibilityChangeReporter: Compat change id reported: 177438394; UID 10292; state: DISABLED
05-30 08:36:27.856  1946 11408 D CompatibilityChangeReporter: Compat change id reported: 135772972; UID 10292; state: DISABLED
05-30 08:36:27.856  1946 11408 D CompatibilityChangeReporter: Compat change id reported: 135754954; UID 10292; state: ENABLED
05-30 08:36:27.856  1946  2131 D CompatibilityChangeReporter: Compat change id reported: 143937733; UID 10292; state: ENABLED
05-30 08:36:27.864   865   865 D Zygote  : Forked child process 30309
05-30 08:36:27.864  1946  2131 I ActivityManager: Start proc 30309:com.asdoi.quicktiles/u0a292 for service {com.asdoi.quicktiles/com.flxholle.quicktiles.tiles.AdaptiveBrightnessTileService}
05-30 08:36:27.878 30309 30309 I sdoi.quicktiles: Using CollectorTypeCC GC.
05-30 08:36:27.885 30309 30309 D nativeloader: Load libframework-connectivity-tiramisu-jni.so using APEX ns com_android_tethering for caller /apex/com.android.tethering/javalib/framework-connectivity-t.jar: ok
05-30 08:36:27.896 30309 30309 D CompatibilityChangeReporter: Compat change id reported: 171979766; UID 10292; state: ENABLED
05-30 08:36:27.923 30309 30309 D nativeloader: Configuring clns-4 for other apk /data/app/~~wCRwNQzrXzLxmyOsJ_3edQ==/com.asdoi.quicktiles-tlmh35QjINVeO0H0oWqWpg==/base.apk. target_sdk_version=35, uses_libraries=, library_path=/data/app/~~wCRwNQzrXzLxmyOsJ_3edQ==/com.asdoi.quicktiles-tlmh35QjINVeO0H0oWqWpg==/lib/arm64, permitted_path=/data:/mnt/expand:/data/user/0/com.asdoi.quicktiles
05-30 08:36:27.952 30309 30309 D nativeloader: Load libframework-connectivity-jni.so using APEX ns com_android_tethering for caller /apex/com.android.tethering/javalib/framework-connectivity.jar: ok
05-30 08:36:27.956 30309 30309 V GraphicsEnvironment: ANGLE Developer option for 'com.asdoi.quicktiles' set to: 'default'
05-30 08:36:27.956 30309 30309 V GraphicsEnvironment: ANGLE GameManagerService for com.asdoi.quicktiles: false
05-30 08:36:27.956 30309 30309 V GraphicsEnvironment: Neither updatable production driver nor prerelease driver is supported.
05-30 08:36:27.958 30309 30309 D NetworkSecurityConfig: No Network Security Config specified, using platform default
05-30 08:36:27.958 30309 30309 D NetworkSecurityConfig: No Network Security Config specified, using platform default
05-30 08:36:27.973  1112  1112 D HWComposer: setVsyncEnabled: 1
05-30 08:36:27.975  1112  1187 D VSyncReactor: VSR: period confirmed
05-30 08:36:28.005 30309 30309 I Typeface: updateThemeFont new=Rookery-Regular;old=sans-serif;new=Rookery-Stacked;old=
05-30 08:36:28.031  1112  1112 D HWComposer: setVsyncEnabled: 0
05-30 08:36:28.790 30155 30169 I d.gallerysearch: Background young concurrent copying GC freed 6530KB AllocSpace bytes, 0(0B) LOS objects, 0% free, 108MB/108MB, paused 56us,29us total 129.648ms
05-30 08:36:28.845 30155 30220 D AssetUtils: Loaded text_model_int8.onnx: 64117260 bytes
05-30 08:36:28.849 30155 30220 D CLIP    : NNAPI flags-based setup not available: ai.onnxruntime.NNAPIFlags
05-30 08:36:28.850 30155 30220 D CLIP    : NNAPI enabled (no flags)
05-30 08:36:28.910 30155 30169 I d.gallerysearch: Background concurrent copying GC freed 5972KB AllocSpace bytes, 5(16MB) LOS objects, 13% free, 147MB/171MB, paused 67us,37us total 119.153ms
05-30 08:36:29.093 27088 27088 D BoundBrokerSvc: onUnbind: Intent { act=com.google.android.gms.notifications.capping.api.NotificationsCappingApiService.START dat=chimera-action:/... cmp=com.google.android.gms/.chimera.GmsApiService }
05-30 08:36:29.097  1946 11408 I ActivityManager: Killing 29593:com.android.chrome/u0a199 (adj 955, setSvc -10000): empty #13
05-30 08:36:29.103  1946  2152 I libprocessgroup: Successfully killed process cgroup uid 10199 pid 29593 in 5ms
05-30 08:36:29.137  1946 11408 I ActivityManager: appDiedLocked: app=ProcessRecord{1ab88af 29593:com.android.chrome/u0a199} thread=android.os.BinderProxy@e6ce8e6 fromBinderDied=true isKilledByAm=true reason=null
05-30 08:36:29.137  1946 11408 D RestartModeController: markWaitRestartAppIsSuicided null processName=com.android.chrome
05-30 08:36:29.137  1946 11408 D ActivityTaskManager: handleAppDied: uid=10199,diedCount=2,lastDiedTime=466480198,forceStopUids=false
05-30 08:36:29.138   865   865 I Zygote  : Process 29593 exited due to signal 9 (Killed)
05-30 08:36:29.139  1946  2109 D DisplayManagerService: Drop pending events for gone uid 10199
05-30 08:36:29.189 30155 30220 W onnxruntime:  [W:onnxruntime:ort-java, nnapi_execution_provider.cc:227 GetCapability] NnapiExecutionProvider::GetCapability, number of partitions supported by NNAPI: 49 number of nodes in the graph: 850 number of nodes supported by NNAPI: 49
05-30 08:36:29.200 30155 30220 W onnxruntime:  [W:onnxruntime:ort-java, nnapi_execution_provider.cc:227 GetCapability] NnapiExecutionProvider::GetCapability, number of partitions supported by NNAPI: 49 number of nodes in the graph: 850 number of nodes supported by NNAPI: 49
05-30 08:36:29.236 30155 30220 I TypeManager: Failed to read /vendor/etc/nnapi_extensions_app_allowlist ; No app allowlisted for vendor extensions use.
05-30 08:36:29.236 30155 30220 I ExecutionPlan: ExecutionPlan::SimpleBody::finish: compilation finished successfully on nnapi-reference
05-30 08:36:29.236 30155 30220 I ExecutionPlan: ExecutionPlan::SimpleBody::finish: compilation finished successfully on nnapi-reference
05-30 08:36:29.237 30155 30220 I ExecutionPlan: ExecutionPlan::SimpleBody::finish: compilation finished successfully on nnapi-reference
05-30 08:36:29.237 30155 30220 I ExecutionPlan: ExecutionPlan::SimpleBody::finish: compilation finished successfully on nnapi-reference
05-30 08:36:29.237 30155 30220 I ExecutionPlan: ExecutionPlan::SimpleBody::finish: compilation finished successfully on nnapi-reference
05-30 08:36:29.238 30155 30220 I ExecutionPlan: ExecutionPlan::SimpleBody::finish: compilation finished successfully on nnapi-reference
05-30 08:36:29.238 30155 30220 I ExecutionPlan: ExecutionPlan::SimpleBody::finish: compilation finished successfully on nnapi-reference
05-30 08:36:29.238 30155 30220 I ExecutionPlan: ExecutionPlan::SimpleBody::finish: compilation finished successfully on nnapi-reference
05-30 08:36:29.239 30155 30220 I ExecutionPlan: ExecutionPlan::SimpleBody::finish: compilation finished successfully on nnapi-reference
05-30 08:36:29.239 30155 30220 I ExecutionPlan: ExecutionPlan::SimpleBody::finish: compilation finished successfully on nnapi-reference
05-30 08:36:29.239 30155 30220 I ExecutionPlan: ExecutionPlan::SimpleBody::finish: compilation finished successfully on nnapi-reference
05-30 08:36:29.239 30155 30220 I ExecutionPlan: ExecutionPlan::SimpleBody::finish: compilation finished successfully on nnapi-reference
05-30 08:36:29.240 30155 30220 I ExecutionPlan: ExecutionPlan::SimpleBody::finish: compilation finished successfully on nnapi-reference
05-30 08:36:29.240 30155 30220 I ExecutionPlan: ExecutionPlan::SimpleBody::finish: compilation finished successfully on nnapi-reference
05-30 08:36:29.240 30155 30220 I ExecutionPlan: ExecutionPlan::SimpleBody::finish: compilation finished successfully on nnapi-reference
05-30 08:36:29.241 30155 30220 I ExecutionPlan: ExecutionPlan::SimpleBody::finish: compilation finished successfully on nnapi-reference
