--------- beginning of crash
05-30 07:03:50.586 11698 12025 F libc    : Fatal signal 6 (SIGABRT), code -1 (SI_QUEUE) in tid 12025 (pool-3-thread-4), pid 11698 (.aks_labs.tulsi)
05-30 07:03:52.823 12428 12428 F DEBUG   : *** *** *** *** *** *** *** *** *** *** *** *** *** *** *** ***
05-30 07:03:52.823 12428 12428 F DEBUG   : Build fingerprint: 'motorola/rhode_g/rhode:13/T2SRS33.72-22-4-11/aeff8f-599c0:user/release-keys'
05-30 07:03:52.823 12428 12428 F DEBUG   : Revision: 'pvt'
05-30 07:03:52.823 12428 12428 F DEBUG   : ABI: 'arm64'
05-30 07:03:52.823 12428 12428 F DEBUG   : Timestamp: 2026-05-30 07:03:50.909388155+0530
05-30 07:03:52.823 12428 12428 F DEBUG   : Process uptime: 45s
05-30 07:03:52.823 12428 12428 F DEBUG   : Cmdline: com.aks_labs.tulsi
05-30 07:03:52.823 12428 12428 F DEBUG   : pid: 11698, tid: 12025, name: pool-3-thread-4  >>> com.aks_labs.tulsi <<<
05-30 07:03:52.823 12428 12428 F DEBUG   : uid: 10330
05-30 07:03:52.823 12428 12428 F DEBUG   : signal 6 (SIGABRT), code -1 (SI_QUEUE), fault addr --------
05-30 07:03:52.823 12428 12428 F DEBUG   : Abort message: 'Error, cannot access an invalid/free'd bitmap here!'
05-30 07:03:52.823 12428 12428 F DEBUG   :     x0  0000000000000000  x1  0000000000002ef9  x2  0000000000000006  x3  00000070505931a0
05-30 07:03:52.823 12428 12428 F DEBUG   :     x4  0000007050592b6c  x5  0000007050592b6c  x6  0000007050592b6c  x7  0000000000000000
05-30 07:03:52.823 12428 12428 F DEBUG   :     x8  00000000000000f0  x9  00000071d30b6b30  x10 0000000000000001  x11 00000071d312b408
05-30 07:03:52.823 12428 12428 F DEBUG   :     x12 0000008000000000  x13 0000000000000001  x14 000000000161a288  x15 0000000000000000
05-30 07:03:52.824 12428 12428 F DEBUG   :     x16 00000071d3196a50  x17 00000071d316f090  x18 000000704f64a000  x19 0000000000002db2
05-30 07:03:52.824 12428 12428 F DEBUG   :     x20 0000000000002ef9  x21 00000000ffffffff  x22 0000007129e0f080  x23 0000000000000000
05-30 07:03:52.824 12428 12428 F DEBUG   :     x24 0000007129e0e000  x25 0000000070dba628  x26 0000000000000001  x27 00000000034a71e8
05-30 07:03:52.824 12428 12428 F DEBUG   :     x28 0000000070dba628  x29 0000007050593220
05-30 07:03:52.824 12428 12428 F DEBUG   :     lr  00000071d311c388  sp  0000007050593180  pc  00000071d311c3b4  pst 0000000000000000
05-30 07:03:52.824 12428 12428 F DEBUG   : backtrace:
05-30 07:03:52.824 12428 12428 F DEBUG   :       #00 pc 000000000008d3b4  /apex/com.android.runtime/lib64/bionic/libc.so (abort+168) (BuildId: 68a68ca7f3b5f0855cb4842d8ccd258e)
05-30 07:03:52.824 12428 12428 F DEBUG   :       #01 pc 00000000008fdfc0  /apex/com.android.art/lib64/libart.so (art::Runtime::Abort(char const*)+1004) (BuildId: 7087b2f2160bfbf3335d54ba9779e325)
05-30 07:03:52.824 12428 12428 F DEBUG   :       #02 pc 000000000001654c  /apex/com.android.art/lib64/libbase.so (android::base::SetAborter(std::__1::function<void (char const*)>&&)::$_0::__invoke(char const*)+80) (BuildId: 4d7605789d21176764345a0353194396)
05-30 07:03:52.824 12428 12428 F DEBUG   :       #03 pc 0000000000006f60  /system/lib64/liblog.so (__android_log_assert+312) (BuildId: 34848fe588f2cac86eec7b7b92df1e2f)
05-30 07:03:52.824 12428 12428 F DEBUG   :       #04 pc 000000000020dfa4  /system/lib64/libhwui.so (Bitmap_copy(_JNIEnv*, _jobject*, long, int, unsigned char)+472) (BuildId: 19d2e9d7a0189097301df58276571372)
05-30 07:03:52.824 12428 12428 F DEBUG   :       #05 pc 0000000000e81b88  /data/misc/apexdata/com.android.art/dalvik-cache/arm64/boot.oat (art_jni_trampoline+120)
05-30 07:03:52.824 12428 12428 F DEBUG   :       #06 pc 000000000081814c  /data/misc/apexdata/com.android.art/dalvik-cache/arm64/boot.oat (android.graphics.Bitmap.copy+476)
05-30 07:03:52.824 12428 12428 F DEBUG   :       #07 pc 0000000002041c5c  /memfd:jit-cache (deleted) (com.google.mlkit.vision.text.pipeline.zbi.zbb+428)
05-30 07:03:52.824 12428 12428 F DEBUG   :       #08 pc 0000000000669380  /apex/com.android.art/lib64/libart.so (nterp_helper+4016) (BuildId: 7087b2f2160bfbf3335d54ba9779e325)
05-30 07:03:52.824 12428 12428 F DEBUG   :       #09 pc 0000000000599e3a  /data/app/~~P23_eC1xCZZRWs4wEfBylQ==/com.aks_labs.tulsi-_6szLZjJRLEZx_Lk88nB_w==/base.apk (com.google.mlkit.vision.text.bundled.common.zba.zbb+10)
05-30 07:03:52.824 12428 12428 F DEBUG   :       #10 pc 000000000066a144  /apex/com.android.art/lib64/libart.so (nterp_helper+7540) (BuildId: 7087b2f2160bfbf3335d54ba9779e325)
05-30 07:03:52.824 12428 12428 F DEBUG   :       #11 pc 000000000051a3a4  /data/app/~~P23_eC1xCZZRWs4wEfBylQ==/com.aks_labs.tulsi-_6szLZjJRLEZx_Lk88nB_w==/base.apk (com.google.android.gms.internal.mlkit_vision_text_bundled_common.b4.zba+176)
05-30 07:03:52.824 12428 12428 F DEBUG   :       #12 pc 0000000000669324  /apex/com.android.art/lib64/libart.so (nterp_helper+3924) (BuildId: 7087b2f2160bfbf3335d54ba9779e325)
05-30 07:03:52.824 12428 12428 F DEBUG   :       #13 pc 0000000000512298  /data/app/~~P23_eC1xCZZRWs4wEfBylQ==/com.aks_labs.tulsi-_6szLZjJRLEZx_Lk88nB_w==/base.apk (com.google.android.gms.internal.mlkit_vision_text_bundled_common.B1.onTransact+40)
05-30 07:03:52.824 12428 12428 F DEBUG   :       #14 pc 0000000000b0b560  /data/misc/apexdata/com.android.art/dalvik-cache/arm64/boot.oat (android.os.Binder.transact+144)
05-30 07:03:52.824 12428 12428 F DEBUG   :       #15 pc 000000000066a81c  /apex/com.android.art/lib64/libart.so (nterp_helper+9292) (BuildId: 7087b2f2160bfbf3335d54ba9779e325)
05-30 07:03:52.824 12428 12428 F DEBUG   :       #16 pc 00000000004eb286  /data/app/~~P23_eC1xCZZRWs4wEfBylQ==/com.aks_labs.tulsi-_6szLZjJRLEZx_Lk88nB_w==/base.apk (J5.a.i+14)
05-30 07:03:52.824 12428 12428 F DEBUG   :       #17 pc 0000000000669324  /apex/com.android.art/lib64/libart.so (nterp_helper+3924) (BuildId: 7087b2f2160bfbf3335d54ba9779e325)
05-30 07:03:52.824 12428 12428 F DEBUG   :       #18 pc 000000000059ae94  /data/app/~~P23_eC1xCZZRWs4wEfBylQ==/com.aks_labs.tulsi-_6szLZjJRLEZx_Lk88nB_w==/base.apk (com.google.mlkit.vision.text.internal.zzd.zza+412)
05-30 07:03:52.824 12428 12428 F DEBUG   :       #19 pc 000000000066a144  /apex/com.android.art/lib64/libart.so (nterp_helper+7540) (BuildId: 7087b2f2160bfbf3335d54ba9779e325)
05-30 07:03:52.824 12428 12428 F DEBUG   :       #20 pc 000000000059a652  /data/app/~~P23_eC1xCZZRWs4wEfBylQ==/com.aks_labs.tulsi-_6szLZjJRLEZx_Lk88nB_w==/base.apk (com.google.mlkit.vision.text.internal.TextRecognizerTaskWithResource.zze+14)
05-30 07:03:52.824 12428 12428 F DEBUG   :       #21 pc 0000000000669324  /apex/com.android.art/lib64/libart.so (nterp_helper+3924) (BuildId: 7087b2f2160bfbf3335d54ba9779e325)
05-30 07:03:52.825 12428 12428 F DEBUG   :       #22 pc 000000000059a6cc  /data/app/~~P23_eC1xCZZRWs4wEfBylQ==/com.aks_labs.tulsi-_6szLZjJRLEZx_Lk88nB_w==/base.apk (com.google.mlkit.vision.text.internal.TextRecognizerTaskWithResource.run+4)
05-30 07:03:52.825 12428 12428 F DEBUG   :       #23 pc 0000000000669324  /apex/com.android.art/lib64/libart.so (nterp_helper+3924) (BuildId: 7087b2f2160bfbf3335d54ba9779e325)
05-30 07:03:52.825 12428 12428 F DEBUG   :       #24 pc 0000000000599120  /data/app/~~P23_eC1xCZZRWs4wEfBylQ==/com.aks_labs.tulsi-_6szLZjJRLEZx_Lk88nB_w==/base.apk (J6.b.zza+104)
05-30 07:03:52.825 12428 12428 F DEBUG   :       #25 pc 0000000000669324  /apex/com.android.art/lib64/libart.so (nterp_helper+3924) (BuildId: 7087b2f2160bfbf3335d54ba9779e325)
05-30 07:03:52.825 12428 12428 F DEBUG   :       #26 pc 000000000059966c  /data/app/~~P23_eC1xCZZRWs4wEfBylQ==/com.aks_labs.tulsi-_6szLZjJRLEZx_Lk88nB_w==/base.apk (J6.e.call+120)
05-30 07:03:52.825 12428 12428 F DEBUG   :       #27 pc 000000000066a144  /apex/com.android.art/lib64/libart.so (nterp_helper+7540) (BuildId: 7087b2f2160bfbf3335d54ba9779e325)
05-30 07:03:52.825 12428 12428 F DEBUG   :       #28 pc 0000000000596ca4  /data/app/~~P23_eC1xCZZRWs4wEfBylQ==/com.aks_labs.tulsi-_6szLZjJRLEZx_Lk88nB_w==/base.apk (com.google.mlkit.common.sdkinternal.l.zza+104)
05-30 07:03:52.825 12428 12428 F DEBUG   :       #29 pc 0000000000669324  /apex/com.android.art/lib64/libart.so (nterp_helper+3924) (BuildId: 7087b2f2160bfbf3335d54ba9779e325)
05-30 07:03:52.825 12428 12428 F DEBUG   :       #30 pc 00000000005982bc  /data/app/~~P23_eC1xCZZRWs4wEfBylQ==/com.aks_labs.tulsi-_6szLZjJRLEZx_Lk88nB_w==/base.apk (com.google.mlkit.common.sdkinternal.t.run+20)
05-30 07:03:52.825 12428 12428 F DEBUG   :       #31 pc 000000000066a144  /apex/com.android.art/lib64/libart.so (nterp_helper+7540) (BuildId: 7087b2f2160bfbf3335d54ba9779e325)
05-30 07:03:52.825 12428 12428 F DEBUG   :       #32 pc 00000000004c7172  /data/app/~~P23_eC1xCZZRWs4wEfBylQ==/com.aks_labs.tulsi-_6szLZjJRLEZx_Lk88nB_w==/base.apk (F4.c.run+990)
05-30 07:03:52.825 12428 12428 F DEBUG   :       #33 pc 000000000066a144  /apex/com.android.art/lib64/libart.so (nterp_helper+7540) (BuildId: 7087b2f2160bfbf3335d54ba9779e325)
05-30 07:03:52.825 12428 12428 F DEBUG   :       #34 pc 00000000005981f8  /data/app/~~P23_eC1xCZZRWs4wEfBylQ==/com.aks_labs.tulsi-_6szLZjJRLEZx_Lk88nB_w==/base.apk (com.google.mlkit.common.sdkinternal.r.run+88)
05-30 07:03:52.825 12428 12428 F DEBUG   :       #35 pc 00000000004bc734  /data/misc/apexdata/com.android.art/dalvik-cache/arm64/boot.oat (java.util.concurrent.ThreadPoolExecutor.runWorker+1044)
05-30 07:03:52.825 12428 12428 F DEBUG   :       #36 pc 00000000004c1240  /data/misc/apexdata/com.android.art/dalvik-cache/arm64/boot.oat (java.util.concurrent.ThreadPoolExecutor$Worker.run+64)
05-30 07:03:52.825 12428 12428 F DEBUG   :       #37 pc 000000000066a1a4  /apex/com.android.art/lib64/libart.so (nterp_helper+7636) (BuildId: 7087b2f2160bfbf3335d54ba9779e325)
05-30 07:03:52.825 12428 12428 F DEBUG   :       #38 pc 00000000005981c2  /data/app/~~P23_eC1xCZZRWs4wEfBylQ==/com.aks_labs.tulsi-_6szLZjJRLEZx_Lk88nB_w==/base.apk (com.google.mlkit.common.sdkinternal.r.run+34)
05-30 07:03:52.825 12428 12428 F DEBUG   :       #39 pc 000000000032e058  /data/misc/apexdata/com.android.art/dalvik-cache/arm64/boot.oat (java.lang.Thread.run+72)
05-30 07:03:52.825 12428 12428 F DEBUG   :       #40 pc 00000000002aad94  /apex/com.android.art/lib64/libart.so (art_quick_invoke_stub+612) (BuildId: 7087b2f2160bfbf3335d54ba9779e325)
05-30 07:03:52.825 12428 12428 F DEBUG   :       #41 pc 00000000002707ac  /apex/com.android.art/lib64/libart.so (art::ArtMethod::Invoke(art::Thread*, unsigned int*, unsigned int, art::JValue*, char const*)+220) (BuildId: 7087b2f2160bfbf3335d54ba9779e325)
05-30 07:03:52.825 12428 12428 F DEBUG   :       #42 pc 00000000004bdc28  /apex/com.android.art/lib64/libart.so (art::Thread::CreateCallback(void*)+1184) (BuildId: 7087b2f2160bfbf3335d54ba9779e325)
05-30 07:03:52.825 12428 12428 F DEBUG   :       #43 pc 00000000000f5200  /apex/com.android.runtime/lib64/bionic/libc.so (__pthread_start(void*)+208) (BuildId: 68a68ca7f3b5f0855cb4842d8ccd258e)
05-30 07:03:52.825 12428 12428 F DEBUG   :       #44 pc 000000000008ebfc  /apex/com.android.runtime/lib64/bionic/libc.so (__start_thread+68) (BuildId: 68a68ca7f3b5f0855cb4842d8ccd258e)
--------- beginning of system
05-30 08:19:50.319  1946  2053 W ActivityManager: Unbind failed: could not find connection for android.os.BinderProxy@cb55841
05-30 08:19:50.362  1946  2053 I ActivityManager: appDiedLocked: app=ProcessRecord{c0c1b6e 4335:com.mventus.selfcare.activity/u0a184} thread=android.os.BinderProxy@d6091e6 fromBinderDied=true isKilledByAm=true reason=null
05-30 08:19:50.363  1946  2053 D RestartModeController: markWaitRestartAppIsSuicided null processName=com.mventus.selfcare.activity
05-30 08:19:50.364  1946  2053 D ActivityTaskManager: handleAppDied: uid=10184,diedCount=1,lastDiedTime=459064758,forceStopUids=false
05-30 08:19:50.364  1946  2109 D DisplayManagerService: Drop pending events for gone uid 10184
05-30 08:19:50.365  1946  2559 D CompatibilityChangeReporter: Compat change id reported: 218533173; UID 10184; state: ENABLED
05-30 08:19:52.049  1946  4684 W ActivityManager: Unable to start service Intent { act=grpc.io.action.BIND cmp=com.google.android.tts/com.google.android.libraries.speech.transcription.recognition.grpc.GoogleAsrService } U=0: not found
05-30 08:19:52.051  1946  4684 W ActivityManager: Unbind failed: could not find connection for android.os.BinderProxy@c766327
05-30 08:19:54.394  1946  1946 V UiModeManager: updateLocked: null action, mDockState=0, category=null
05-30 08:19:54.394  1946  1946 D UiModeManager: updateConfigurationLocked: mDockState=0; mCarMode=false; mNightMode=2; mNightModeCustomType=-1; uiMode=97
05-30 08:19:54.400  2655  3038 D PowerUI : can't show warning due to - plugged: true status unknown: false
05-30 08:19:54.410  1946  2053 W ActivityManager: Unable to start service Intent { act=grpc.io.action.BIND cmp=com.google.android.tts/com.google.android.libraries.speech.transcription.recognition.grpc.GoogleAsrService } U=0: not found
05-30 08:19:54.411  1946  2053 W ActivityManager: Unbind failed: could not find connection for android.os.BinderProxy@193e672
05-30 08:19:57.363  1946  2162 W BatteryExternalStatsWorker: error reading Bluetooth stats: 9
05-30 08:19:57.371  1946  2130 I ActivityManager: Killing 7303:com.android.vending:background/u0a137 (adj 935, setSvc -10000): cached idle & background restricted
05-30 08:19:57.439  1946  4684 I ActivityManager: appDiedLocked: app=ProcessRecord{182912 7303:com.android.vending:background/u0a137} thread=android.os.BinderProxy@555d1ca fromBinderDied=true isKilledByAm=true reason=null
05-30 08:19:57.440  1946  4684 D RestartModeController: markWaitRestartAppIsSuicided null processName=com.android.vending:background
05-30 08:19:57.440  1946  4684 D ActivityTaskManager: handleAppDied: uid=10137,diedCount=1,lastDiedTime=465684732,forceStopUids=false
05-30 08:19:57.440  1946  2109 D DisplayManagerService: Drop pending events for gone uid 10137
05-30 08:19:58.966  1946  4684 W ActivityManager: Unable to start service Intent { act=grpc.io.action.BIND cmp=com.google.android.tts/com.google.android.libraries.speech.transcription.recognition.grpc.GoogleAsrService } U=0: not found
05-30 08:19:58.968  1946  4684 W ActivityManager: Unbind failed: could not find connection for android.os.BinderProxy@7b20f3b
05-30 08:20:05.713  1946  4678 W ActivityManager: Unable to start service Intent { act=grpc.io.action.BIND cmp=com.google.android.tts/com.google.android.libraries.speech.transcription.recognition.grpc.GoogleAsrService } U=0: not found
05-30 08:20:05.715  1946  4678 W ActivityManager: Unbind failed: could not find connection for android.os.BinderProxy@930f9ed
05-30 08:20:15.435  1946  2761 W ActivityManager: Unable to start service Intent { act=grpc.io.action.BIND cmp=com.google.android.tts/com.google.android.libraries.speech.transcription.recognition.grpc.GoogleAsrService } U=0: not found
05-30 08:20:15.438  1946  2761 W ActivityManager: Unbind failed: could not find connection for android.os.BinderProxy@4ed022
05-30 08:20:23.416  1946  3227 D CompatibilityChangeReporter: Compat change id reported: 171306433; UID 10160; state: ENABLED
05-30 08:20:23.416  1946  3227 D CompatibilityChangeReporter: Compat change id reported: 218533173; UID 10160; state: ENABLED
05-30 08:20:23.462  1946  2130 D CompatibilityChangeReporter: Compat change id reported: 135634846; UID 10358; state: DISABLED
05-30 08:20:23.463  1946  2130 D CompatibilityChangeReporter: Compat change id reported: 177438394; UID 10358; state: DISABLED
05-30 08:20:23.463  1946  2130 D CompatibilityChangeReporter: Compat change id reported: 135772972; UID 10358; state: DISABLED
05-30 08:20:23.463  1946  2130 D CompatibilityChangeReporter: Compat change id reported: 135754954; UID 10358; state: ENABLED
05-30 08:20:23.463  1946  2131 D CompatibilityChangeReporter: Compat change id reported: 143937733; UID 10358; state: ENABLED
05-30 08:20:23.475  1946  2131 I ActivityManager: Start proc 10675:com.talker.acr/u0a358 for broadcast {com.talker.acr/com.google.firebase.iid.FirebaseInstanceIdReceiver}
05-30 08:20:23.526  1946  2761 D CompatibilityChangeReporter: Compat change id reported: 168419799; UID 10358; state: DISABLED
05-30 08:20:23.832  1946  2053 D CompatibilityChangeReporter: Compat change id reported: 161145287; UID 10358; state: DISABLED
05-30 08:20:23.901  1946  2053 D CompatibilityChangeReporter: Compat change id reported: 161252188; UID 10137; state: DISABLED
05-30 08:20:23.902  1946  2053 I ActivityManager: com.android.vending is exempt from freezer
05-30 08:20:23.902  1946  2053 D CompatibilityChangeReporter: Compat change id reported: 135634846; UID 10137; state: DISABLED
05-30 08:20:23.903  1946  2053 D CompatibilityChangeReporter: Compat change id reported: 177438394; UID 10137; state: DISABLED
05-30 08:20:23.903  1946  2053 D CompatibilityChangeReporter: Compat change id reported: 135772972; UID 10137; state: DISABLED
05-30 08:20:23.903  1946  2053 D CompatibilityChangeReporter: Compat change id reported: 135754954; UID 10137; state: ENABLED
05-30 08:20:23.903  1946  2131 D CompatibilityChangeReporter: Compat change id reported: 143937733; UID 10137; state: ENABLED
05-30 08:20:23.915  1946  2131 I ActivityManager: Start proc 10753:com.android.vending/u0a137 for service {com.android.vending/com.google.android.finsky.billing.iab.InAppBillingService}
05-30 08:20:23.943  1946  4678 I ActivityManager: com.aura.oobe.motorola is exempt from freezer
05-30 08:20:23.943  1946  4678 D CompatibilityChangeReporter: Compat change id reported: 135634846; UID 10094; state: DISABLED
05-30 08:20:23.943  1946  4678 D CompatibilityChangeReporter: Compat change id reported: 177438394; UID 10094; state: DISABLED
05-30 08:20:23.943  1946  4678 D CompatibilityChangeReporter: Compat change id reported: 135772972; UID 10094; state: DISABLED
05-30 08:20:23.944  1946  4678 D CompatibilityChangeReporter: Compat change id reported: 135754954; UID 10094; state: ENABLED
05-30 08:20:23.944  1946  2131 D CompatibilityChangeReporter: Compat change id reported: 143937733; UID 10094; state: ENABLED
05-30 08:20:23.944  1946  2761 D CompatibilityChangeReporter: Compat change id reported: 319212206; UID 10358; state: ENABLED
05-30 08:20:23.945  1946  2053 D CompatibilityChangeReporter: Compat change id reported: 168419799; UID 10137; state: DISABLED
05-30 08:20:23.950  1946  4684 I ActivityManager: com.inmobi.installer is exempt from freezer
05-30 08:20:23.950  1946  4684 D CompatibilityChangeReporter: Compat change id reported: 135634846; UID 10345; state: DISABLED
05-30 08:20:23.950  1946  4684 D CompatibilityChangeReporter: Compat change id reported: 177438394; UID 10345; state: DISABLED
05-30 08:20:23.950  1946  4684 D CompatibilityChangeReporter: Compat change id reported: 135772972; UID 10345; state: DISABLED
05-30 08:20:23.950  1946  4684 D CompatibilityChangeReporter: Compat change id reported: 135754954; UID 10345; state: ENABLED
05-30 08:20:23.956  1946  2131 I ActivityManager: Start proc 10773:com.aura.oobe.motorola/u0a94 for content provider {com.aura.oobe.motorola/com.ironsource.aura.sdk.feature.attribution.referrer.AttributionReferrerContentProvider}
05-30 08:20:23.957  1946  2131 D CompatibilityChangeReporter: Compat change id reported: 143937733; UID 10345; state: ENABLED
05-30 08:20:23.967  1946  2131 I ActivityManager: Start proc 10776:com.inmobi.installer/u0a345 for content provider {com.inmobi.installer/com.inmobi.installer.attribution.AppsflyerInstallProvider}
05-30 08:20:23.991  1946  2053 D CompatibilityChangeReporter: Compat change id reported: 168419799; UID 10094; state: DISABLED
05-30 08:20:23.998  1946  2053 D CompatibilityChangeReporter: Compat change id reported: 161252188; UID 10137; state: DISABLED
05-30 08:20:24.007  1946  4684 D CompatibilityChangeReporter: Compat change id reported: 168419799; UID 10345; state: DISABLED
05-30 08:20:24.183  1946  2761 D CompatibilityChangeReporter: Compat change id reported: 161145287; UID 10137; state: DISABLED
05-30 08:20:24.197  1946  3227 I ActivityManager: Killing 4419:com.android.remoteprovisioner/u0a353 (adj 955, setSvc -10000): empty #13
05-30 08:20:24.322  1946  2053 I ActivityManager: Killing 4257:com.google.android.cellbroadcastreceiver/u0a271 (adj 945, setSvc -10000): empty #13
05-30 08:20:24.323  1946  4684 I ActivityManager: appDiedLocked: app=ProcessRecord{d7f91e7 4419:com.android.remoteprovisioner/u0a353} thread=android.os.BinderProxy@e92c8c0 fromBinderDied=true isKilledByAm=true reason=null
05-30 08:20:24.324  1946  4684 D RestartModeController: markWaitRestartAppIsSuicided null processName=com.android.remoteprovisioner
05-30 08:20:24.324  1946  4684 D ActivityTaskManager: handleAppDied: uid=10353,diedCount=1,lastDiedTime=463036546,forceStopUids=false
05-30 08:20:24.325  1946  2109 D DisplayManagerService: Drop pending events for gone uid 10353
05-30 08:20:24.327  1946  4684 I ActivityManager: Killing 7227:com.google.process.gapps/u0a160 (adj 965, setSvc -10000): empty #13
05-30 08:20:24.388  1946  4684 I ActivityManager: appDiedLocked: app=ProcessRecord{6a5408c 4257:com.google.android.cellbroadcastreceiver/u0a271} thread=android.os.BinderProxy@5f9179f fromBinderDied=true isKilledByAm=true reason=null
05-30 08:20:24.389  1946  4684 D RestartModeController: markWaitRestartAppIsSuicided null processName=com.google.android.cellbroadcastreceiver
05-30 08:20:24.389  1946  4684 D ActivityTaskManager: handleAppDied: uid=10271,diedCount=1,lastDiedTime=465406538,forceStopUids=false
05-30 08:20:24.389  1946  2109 D DisplayManagerService: Drop pending events for gone uid 10271
05-30 08:20:24.417  1946  2053 I ActivityManager: appDiedLocked: app=ProcessRecord{c1c17a7 7227:com.google.process.gapps/u0a160} thread=android.os.BinderProxy@43bb0ec fromBinderDied=true isKilledByAm=true reason=null
05-30 08:20:24.418  1946  2053 D RestartModeController: markWaitRestartAppIsSuicided null processName=com.google.process.gapps
05-30 08:20:24.418  1946  2053 D ActivityTaskManager: handleAppDied: uid=10160,diedCount=2,lastDiedTime=465545817,forceStopUids=false
05-30 08:20:24.515  1946  2053 D CompatibilityChangeReporter: Compat change id reported: 161145287; UID 10094; state: DISABLED
05-30 08:20:24.587  1946  4684 D CompatibilityChangeReporter: Compat change id reported: 135634846; UID 10160; state: DISABLED
05-30 08:20:24.587  1946  4684 D CompatibilityChangeReporter: Compat change id reported: 177438394; UID 10160; state: DISABLED
05-30 08:20:24.587  1946  4684 D CompatibilityChangeReporter: Compat change id reported: 135772972; UID 10160; state: DISABLED
05-30 08:20:24.587  1946  4684 D CompatibilityChangeReporter: Compat change id reported: 135754954; UID 10160; state: ENABLED
05-30 08:20:24.588  1946  2131 D CompatibilityChangeReporter: Compat change id reported: 143937733; UID 10160; state: ENABLED
05-30 08:20:24.599  1946  2131 I ActivityManager: Start proc 10912:com.google.process.gapps/u0a160 for content provider {com.google.android.gsf/com.google.android.gsf.settings.GoogleSettingsProvider}
05-30 08:20:24.611  1946  2761 D CompatibilityChangeReporter: Compat change id reported: 319212206; UID 10137; state: ENABLED
05-30 08:20:24.635  1946  2761 D CompatibilityChangeReporter: Compat change id reported: 168419799; UID 10160; state: DISABLED
05-30 08:20:24.727  1946  4684 D CompatibilityChangeReporter: Compat change id reported: 194532703; UID 10094; state: ENABLED
05-30 08:20:24.738  1946  1946 D CompatibilityChangeReporter: Compat change id reported: 135634846; UID 10162; state: DISABLED
05-30 08:20:24.738  1946  1946 D CompatibilityChangeReporter: Compat change id reported: 177438394; UID 10162; state: DISABLED
05-30 08:20:24.738  1946  1946 D CompatibilityChangeReporter: Compat change id reported: 135772972; UID 10162; state: DISABLED
05-30 08:20:24.738  1946  1946 D CompatibilityChangeReporter: Compat change id reported: 135754954; UID 10162; state: ENABLED
05-30 08:20:24.739  1946  2131 D CompatibilityChangeReporter: Compat change id reported: 143937733; UID 10162; state: ENABLED
05-30 08:20:24.749  1946  2131 I ActivityManager: Start proc 10943:com.motorola.help/u0a162 for service {com.motorola.help/androidx.work.impl.background.systemjob.SystemJobService}
05-30 08:20:24.838  1946  2761 D CompatibilityChangeReporter: Compat change id reported: 201794303; UID 10160; state: ENABLED
05-30 08:20:25.068  1946  4684 D CompatibilityChangeReporter: Compat change id reported: 161145287; UID 10162; state: DISABLED
05-30 08:20:25.229  1946  2053 D CompatibilityChangeReporter: Compat change id reported: 194532703; UID 10162; state: ENABLED
05-30 08:20:25.366  1946  1946 W JobScheduler: Job didn't exist in JobStore: 4faa27a #u0a162/74481 com.motorola.help/androidx.work.impl.background.systemjob.SystemJobService
05-30 08:20:25.442  1946  2761 I ActivityManager: com.android.vending is exempt from freezer
05-30 08:20:25.443  1946  2761 D CompatibilityChangeReporter: Compat change id reported: 135634846; UID 10137; state: DISABLED
05-30 08:20:25.443  1946  2761 D CompatibilityChangeReporter: Compat change id reported: 177438394; UID 10137; state: DISABLED
05-30 08:20:25.443  1946  2761 D CompatibilityChangeReporter: Compat change id reported: 135772972; UID 10137; state: DISABLED
05-30 08:20:25.443  1946  2761 D CompatibilityChangeReporter: Compat change id reported: 135754954; UID 10137; state: ENABLED
05-30 08:20:25.443  1946  2131 D CompatibilityChangeReporter: Compat change id reported: 143937733; UID 10137; state: ENABLED
05-30 08:20:25.458  1946  2131 I ActivityManager: Start proc 11059:com.android.vending:background/u0a137 for service {com.android.vending/com.google.frameworks.client.data.android.server.play.BackgroundProcessEndpointService}
05-30 08:20:25.913  1946  2761 D CompatibilityChangeReporter: Compat change id reported: 194532703; UID 10137; state: ENABLED
05-30 08:20:25.976 10943 11057 E ActivityThread: Failed to find provider info for com.motorola.ccc.cce.datausage
05-30 08:20:31.100 10943 11159 E ActivityThread: Failed to find provider info for com.motorola.ccc.cce.datausage
05-30 08:20:35.214  1946  2053 W ActivityManager: Unable to start service Intent { act=grpc.io.action.BIND cmp=com.google.android.tts/com.google.android.libraries.speech.transcription.recognition.grpc.GoogleAsrService } U=0: not found
05-30 08:20:35.216  1946  2053 W ActivityManager: Unbind failed: could not find connection for android.os.BinderProxy@7072cbc
05-30 08:20:35.665   680 10895 I keystore2: keystore2::watchdog: Watchdog thread idle -> terminating. Have a great day.
05-30 08:20:41.253 10943 11057 E ActivityThread: Failed to find provider info for com.motorola.ccc.cce.datausage
05-30 08:20:41.293  1946  4678 W JobScheduler: Job didn't exist in JobStore: 71b0b15 #u0a162/74481 com.motorola.help/androidx.work.impl.background.systemjob.SystemJobService
05-30 08:20:41.297  1946  4678 I ActivityManager: Killing 7776:android.process.acore/u0a85 (adj 955, setSvc -10000): empty #13
05-30 08:20:41.340  1946  4684 I ActivityManager: appDiedLocked: app=ProcessRecord{5555f23 7776:android.process.acore/u0a85} thread=android.os.BinderProxy@c0fb91c fromBinderDied=true isKilledByAm=true reason=null
05-30 08:20:41.340  1946  4684 D RestartModeController: markWaitRestartAppIsSuicided null processName=android.process.acore
05-30 08:20:41.341  1946  4684 D ActivityTaskManager: handleAppDied: uid=10085,diedCount=1,lastDiedTime=465624125,forceStopUids=false
05-30 08:20:41.341  1946  2109 D DisplayManagerService: Drop pending events for gone uid 10085
05-30 08:20:41.564 10943 11159 E ActivityThread: Failed to find provider info for com.motorola.ccc.cce.datausage
05-30 08:20:54.408  1946  1946 V UiModeManager: updateLocked: null action, mDockState=0, category=null
05-30 08:20:54.408  1946  1946 D UiModeManager: updateConfigurationLocked: mDockState=0; mCarMode=false; mNightMode=2; mNightModeCustomType=-1; uiMode=97
05-30 08:20:54.414  2655  3427 D PowerUI : can't show warning due to - plugged: true status unknown: false
05-30 08:20:56.059  1946  4678 D CompatibilityChangeReporter: Compat change id reported: 171306433; UID 10160; state: ENABLED
05-30 08:20:56.059  1946  4678 D CompatibilityChangeReporter: Compat change id reported: 218533173; UID 10160; state: ENABLED
05-30 08:20:56.079  1946  2130 D CompatibilityChangeReporter: Compat change id reported: 135634846; UID 10293; state: DISABLED
05-30 08:20:56.079  1946  2130 D CompatibilityChangeReporter: Compat change id reported: 177438394; UID 10293; state: DISABLED
05-30 08:20:56.079  1946  2130 D CompatibilityChangeReporter: Compat change id reported: 135772972; UID 10293; state: DISABLED
05-30 08:20:56.079  1946  2130 D CompatibilityChangeReporter: Compat change id reported: 135754954; UID 10293; state: ENABLED
05-30 08:20:56.080  1946  2131 D CompatibilityChangeReporter: Compat change id reported: 143937733; UID 10293; state: ENABLED
05-30 08:20:56.092  1946  2131 I ActivityManager: Start proc 11206:com.whatsapp.w4b/u0a293 for broadcast {com.whatsapp.w4b/com.google.firebase.iid.FirebaseInstanceIdReceiver}
05-30 08:20:56.653 10943 11057 E ActivityThread: Failed to find provider info for com.motorola.ccc.cce.datausage
05-30 08:20:56.704  1946  4684 D CompatibilityChangeReporter: Compat change id reported: 135634846; UID 10811; state: DISABLED
05-30 08:20:56.704  1946  4684 D CompatibilityChangeReporter: Compat change id reported: 177438394; UID 10811; state: DISABLED
05-30 08:20:56.704  1946  4684 D CompatibilityChangeReporter: Compat change id reported: 135772972; UID 10811; state: DISABLED
05-30 08:20:56.704  1946  4684 D CompatibilityChangeReporter: Compat change id reported: 135754954; UID 10811; state: ENABLED
05-30 08:20:56.704  1946  2131 D CompatibilityChangeReporter: Compat change id reported: 143937733; UID 10811; state: ENABLED
05-30 08:20:56.717  1946  2131 I ActivityManager: Start proc 11252:com.beeper.android/u0a811 for broadcast {com.beeper.android/com.google.firebase.iid.FirebaseInstanceIdReceiver}
05-30 08:20:56.828  1946  4678 D CompatibilityChangeReporter: Compat change id reported: 161145287; UID 10293; state: DISABLED
05-30 08:20:56.909  1946  4678 D CompatibilityChangeReporter: Compat change id reported: 194532703; UID 10293; state: ENABLED
05-30 08:20:57.226  1946  4678 I ActivityManager: Background started FGS: Allowed [callingPackage: com.whatsapp.w4b; callingUid: 10293; uidState: TRNB; intent: Intent { cmp=com.whatsapp.w4b/com.whatsapp.messaging.service.GcmFGService }; code:PUSH_MESSAGING; tempAllowListReason:<broadcast:u0a160:com.google.android.c2dm.intent.RECEIVE,reason:high-prio FCM,reasonCode:PUSH_MESSAGING,duration:20000,callingUid:10160>; targetSdkVersion:36; callerTargetSdkVersion:36; startForegroundCount:0; bindFromPackage:null]
05-30 08:20:57.239  1946  4291 W ActivityManager: Foreground service started from background can not have location/camera/microphone access: service com.whatsapp.w4b/com.whatsapp.messaging.service.GcmFGService
05-30 08:20:57.370  1946  4678 D CompatibilityChangeReporter: Compat change id reported: 194532703; UID 10811; state: ENABLED
05-30 08:20:57.441  1946  2162 W BatteryExternalStatsWorker: error reading Bluetooth stats: 9
05-30 08:20:57.750  1946  2058 D CompatibilityChangeReporter: Compat change id reported: 319212206; UID 10811; state: ENABLED
05-30 08:20:57.864  1946  4684 D CompatibilityChangeReporter: Compat change id reported: 171306433; UID 10293; state: ENABLED
05-30 08:20:57.865  1946  4684 D CompatibilityChangeReporter: Compat change id reported: 226439802; UID 10293; state: DISABLED
05-30 08:20:57.866  1946  4684 D CompatibilityChangeReporter: Compat change id reported: 218533173; UID 10293; state: ENABLED
05-30 08:20:57.938  1946  4684 D CompatibilityChangeReporter: Compat change id reported: 161145287; UID 10811; state: DISABLED
05-30 08:20:58.118  1946  4291 D JobScheduler: Enqueueing job: (job:4/com.whatsapp.w4b/com.whatsapp.infra.push.RegistrationIntentService) work: JobWorkItem{id=0 intent=Intent { act=com.whatsapp.action.VERIFY cmp=com.whatsapp.w4b/com.whatsapp.infra.push.RegistrationIntentService (has extras) }}
05-30 08:20:58.694  1946  4678 D JobScheduler: Enqueueing job: (job:1/com.whatsapp.w4b/com.whatsapp.infra.crash.upload.ExceptionsUploadService) work: JobWorkItem{id=0 intent=Intent { cmp=com.whatsapp.w4b/com.whatsapp.infra.crash.upload.ExceptionsUploadService (has extras) }}
05-30 08:20:58.764  1946  4678 D JobScheduler: Enqueueing job: (job:3/com.whatsapp.w4b/com.whatsapp.alarmservice.AlarmService) work: JobWorkItem{id=0 intent=Intent { act=com.whatsapp.w4b.action.SETUP cmp=com.whatsapp.w4b/com.whatsapp.alarmservice.AlarmService }}
05-30 08:20:58.813  1946 11408 D CompatibilityChangeReporter: Compat change id reported: 135634846; UID 10085; state: DISABLED
05-30 08:20:58.813  1946 11408 D CompatibilityChangeReporter: Compat change id reported: 177438394; UID 10085; state: DISABLED
05-30 08:20:58.813  1946 11408 D CompatibilityChangeReporter: Compat change id reported: 135772972; UID 10085; state: DISABLED
05-30 08:20:58.813  1946 11408 D CompatibilityChangeReporter: Compat change id reported: 135754954; UID 10085; state: ENABLED
05-30 08:20:58.815  1946  2131 D CompatibilityChangeReporter: Compat change id reported: 143937733; UID 10085; state: ENABLED
05-30 08:20:58.824  1946  2131 I ActivityManager: Start proc 11505:android.process.acore/u0a85 for content provider {com.android.providers.contacts/com.android.providers.contacts.ContactsProvider2}
05-30 08:20:58.841  1946 11408 D CompatibilityChangeReporter: Compat change id reported: 157233955; UID 10293; state: ENABLED
05-30 08:20:58.853  1946 11408 D CompatibilityChangeReporter: Compat change id reported: 168419799; UID 10085; state: DISABLED
05-30 08:20:58.928  1946  4684 D CompatibilityChangeReporter: Compat change id reported: 161145287; UID 10085; state: DISABLED
05-30 08:20:59.439  1946 11408 D CompatibilityChangeReporter: Compat change id reported: 201794303; UID 10085; state: ENABLED
05-30 08:21:07.515   680 11363 I keystore2: keystore2::watchdog: Watchdog thread idle -> terminating. Have a great day.
05-30 08:21:10.528  1946  1946 D CompatibilityChangeReporter: Compat change id reported: 135634846; UID 10184; state: DISABLED
05-30 08:21:10.528  1946  1946 D CompatibilityChangeReporter: Compat change id reported: 177438394; UID 10184; state: DISABLED
05-30 08:21:10.528  1946  1946 D CompatibilityChangeReporter: Compat change id reported: 135772972; UID 10184; state: DISABLED
05-30 08:21:10.528  1946  1946 D CompatibilityChangeReporter: Compat change id reported: 135754954; UID 10184; state: ENABLED
05-30 08:21:10.528  1946  2131 D CompatibilityChangeReporter: Compat change id reported: 143937733; UID 10184; state: ENABLED
05-30 08:21:10.530  1946  1946 D CompatibilityChangeReporter: Compat change id reported: 135634846; UID 10295; state: DISABLED
05-30 08:21:10.530  1946  1946 D CompatibilityChangeReporter: Compat change id reported: 177438394; UID 10295; state: DISABLED
05-30 08:21:10.530  1946  1946 D CompatibilityChangeReporter: Compat change id reported: 135772972; UID 10295; state: DISABLED
05-30 08:21:10.530  1946  1946 D CompatibilityChangeReporter: Compat change id reported: 135754954; UID 10295; state: ENABLED
05-30 08:21:10.536  1946  2131 I ActivityManager: Start proc 11547:com.mventus.selfcare.activity/u0a184 for service {com.mventus.selfcare.activity/androidx.work.impl.background.systemjob.SystemJobService}
05-30 08:21:10.537  1946  2131 D CompatibilityChangeReporter: Compat change id reported: 143937733; UID 10295; state: ENABLED
05-30 08:21:10.546  1946  2131 I ActivityManager: Start proc 11548:com.whatsapp/u0a295 for service {com.whatsapp/com.whatsapp.alarmservice.AlarmService}
05-30 08:21:10.575  1946 11408 D CompatibilityChangeReporter: Compat change id reported: 168419799; UID 10184; state: DISABLED
05-30 08:21:10.580  1946  2058 D CompatibilityChangeReporter: Compat change id reported: 168419799; UID 10295; state: DISABLED
05-30 08:21:11.070  1946  2058 D CompatibilityChangeReporter: Compat change id reported: 161145287; UID 10184; state: DISABLED
05-30 08:21:11.847  1946  4687 D CompatibilityChangeReporter: Compat change id reported: 161252188; UID 10353; state: DISABLED
05-30 08:21:11.848  1946  4687 D CompatibilityChangeReporter: Compat change id reported: 135634846; UID 10353; state: DISABLED
05-30 08:21:11.848  1946  4687 D CompatibilityChangeReporter: Compat change id reported: 177438394; UID 10353; state: DISABLED
05-30 08:21:11.848  1946  4687 D CompatibilityChangeReporter: Compat change id reported: 135772972; UID 10353; state: DISABLED
05-30 08:21:11.848  1946  4687 D CompatibilityChangeReporter: Compat change id reported: 135754954; UID 10353; state: ENABLED
05-30 08:21:11.848  1946  2131 D CompatibilityChangeReporter: Compat change id reported: 143937733; UID 10353; state: ENABLED
05-30 08:21:11.857  1946  2131 I ActivityManager: Start proc 11693:com.android.remoteprovisioner/u0a353 for service {com.android.remoteprovisioner/com.android.remoteprovisioner.service.GenerateRkpKeyService}
05-30 08:21:11.889  1946  4687 D CompatibilityChangeReporter: Compat change id reported: 168419799; UID 10353; state: DISABLED
05-30 08:21:11.988  1946  4687 D CompatibilityChangeReporter: Compat change id reported: 171306433; UID 10295; state: ENABLED
05-30 08:21:11.989  1946  4687 D CompatibilityChangeReporter: Compat change id reported: 226439802; UID 10295; state: DISABLED
05-30 08:21:11.990  1946  4687 D CompatibilityChangeReporter: Compat change id reported: 218533173; UID 10295; state: ENABLED
05-30 08:21:12.028  1946  4687 I ActivityManager: Killing 10362:com.android.providers.calendar/u0a93 (adj 945, setSvc -10000): empty #13
05-30 08:21:12.029  1946  4687 I ActivityManager: Killing 9444:com.google.android.apps.turbo/u0a164 (adj 955, setSvc -10000): empty #14
05-30 08:21:12.078  1946  4687 D CompatibilityChangeReporter: Compat change id reported: 161145287; UID 10295; state: DISABLED
05-30 08:21:12.145  1946 11408 I ActivityManager: appDiedLocked: app=ProcessRecord{c15b6f1 10362:com.android.providers.calendar/u0a93} thread=android.os.BinderProxy@d945434 fromBinderDied=true isKilledByAm=true reason=null
05-30 08:21:12.146  1946 11408 D RestartModeController: markWaitRestartAppIsSuicided null processName=com.android.providers.calendar
05-30 08:21:12.149  1946  2109 D DisplayManagerService: Drop pending events for gone uid 10093
05-30 08:21:12.149  1946 11408 D ActivityTaskManager: handleAppDied: uid=10093,diedCount=1,lastDiedTime=464689883,forceStopUids=false
05-30 08:21:12.152  1946 11408 I ActivityManager: Killing 10567:com.google.android.apps.wellbeing/u0a140 (adj 965, setSvc -10000): empty #13
05-30 08:21:12.152  1946 11408 I ActivityManager: Killing 10364:com.google.android.dialer/u0a154 (adj 965, setSvc -10000): empty #14
05-30 08:21:12.161  1946  4684 I ActivityManager: appDiedLocked: app=ProcessRecord{ef29464 9444:com.google.android.apps.turbo/u0a164} thread=android.os.BinderProxy@e07e25d fromBinderDied=true isKilledByAm=true reason=null
05-30 08:21:12.162  1946  4684 D RestartModeController: markWaitRestartAppIsSuicided null processName=com.google.android.apps.turbo
05-30 08:21:12.163  1946  2109 D DisplayManagerService: Drop pending events for gone uid 10164
05-30 08:21:12.163  1946  4684 D ActivityTaskManager: handleAppDied: uid=10164,diedCount=1,lastDiedTime=465413116,forceStopUids=false
05-30 08:21:12.201  1946  4684 D CompatibilityChangeReporter: Compat change id reported: 194532703; UID 10295; state: ENABLED
05-30 08:21:12.211  1946  4684 I ActivityManager: appDiedLocked: app=ProcessRecord{2b6324c 10567:com.google.android.apps.wellbeing/u0a140} thread=android.os.BinderProxy@2654759 fromBinderDied=true isKilledByAm=true reason=null
05-30 08:21:12.211  1946  4684 W ActivityManager: Scheduling restart of crashed service com.google.android.apps.wellbeing/.screen.ui.GrayscaleTileService in 1000ms for connection
05-30 08:21:12.212  1946  4684 D RestartModeController: markWaitRestartAppIsSuicided null processName=com.google.android.apps.wellbeing
05-30 08:21:12.212  1946  4684 D ActivityTaskManager: handleAppDied: uid=10140,diedCount=1,lastDiedTime=465735817,forceStopUids=false
05-30 08:21:12.212  1946  2109 D DisplayManagerService: Drop pending events for gone uid 10140
05-30 08:21:12.219  1946 11408 I ActivityManager: appDiedLocked: app=ProcessRecord{3535329 10364:com.google.android.dialer/u0a154} thread=android.os.BinderProxy@4a3e3ff fromBinderDied=true isKilledByAm=true reason=null
05-30 08:21:12.220  1946 11408 D RestartModeController: markWaitRestartAppIsSuicided null processName=com.google.android.dialer
05-30 08:21:12.220  1946 11408 D ActivityTaskManager: handleAppDied: uid=10154,diedCount=1,lastDiedTime=461059356,forceStopUids=false
05-30 08:21:12.220  1946  2109 D DisplayManagerService: Drop pending events for gone uid 10154
05-30 08:21:12.251  1946  4684 I ActivityManager: Killing 10365:com.reddit.frontpage/u0a948 (adj 955, setSvc -10000): empty #13
05-30 08:21:12.308  1946 11408 D CompatibilityChangeReporter: Compat change id reported: 194532703; UID 10184; state: ENABLED
05-30 08:21:12.393  1946 11408 I ActivityManager: appDiedLocked: app=ProcessRecord{f38773f 10365:com.reddit.frontpage/u0a948} thread=android.os.BinderProxy@2f71bce fromBinderDied=true isKilledByAm=true reason=null
05-30 08:21:12.394  1946 11408 D RestartModeController: markWaitRestartAppIsSuicided null processName=com.reddit.frontpage
05-30 08:21:12.395  1946  2109 D DisplayManagerService: Drop pending events for gone uid 10948
05-30 08:21:12.395  1946 11408 D ActivityTaskManager: handleAppDied: uid=10948,diedCount=1,lastDiedTime=465408041,forceStopUids=false
05-30 08:21:12.787  1946  4684 W ActivityManager: Background start not allowed: service Intent { act=com.whatsapp.messageservice.messaging.MessageService.START cmp=com.whatsapp/.messageservice.messaging.MessageService } to com.whatsapp/.messageservice.messaging.MessageService from pid=11548 uid=10295 pkg=com.whatsapp startFg?=false
05-30 08:21:12.958  1946  2130 W BroadcastQueue: Exported Denial: sending Intent { act=android.intent.action.BATTERY_CHANGED flg=0x60000010 (has extras) }, action: android.intent.action.BATTERY_CHANGED from null (uid=-1) due to receiver ProcessRecord{6d2940d 11252:com.beeper.android/u0a811} (uid 10811) not specifying RECEIVER_EXPORTED
05-30 08:21:13.015  1946  4684 D JobScheduler: Enqueueing job: (job:4/com.whatsapp/.infra.push.RegistrationIntentService) work: JobWorkItem{id=0 intent=Intent { act=com.whatsapp.action.VERIFY cmp=com.whatsapp/.infra.push.RegistrationIntentService (has extras) }}
05-30 08:21:13.213  1946  2130 D CompatibilityChangeReporter: Compat change id reported: 135634846; UID 10140; state: DISABLED
05-30 08:21:13.213  1946  2130 D CompatibilityChangeReporter: Compat change id reported: 177438394; UID 10140; state: DISABLED
05-30 08:21:13.213  1946  2130 D CompatibilityChangeReporter: Compat change id reported: 135772972; UID 10140; state: DISABLED
05-30 08:21:13.213  1946  2130 D CompatibilityChangeReporter: Compat change id reported: 135754954; UID 10140; state: ENABLED
05-30 08:21:13.214  1946  2131 D CompatibilityChangeReporter: Compat change id reported: 143937733; UID 10140; state: ENABLED
05-30 08:21:13.226  1946  2131 I ActivityManager: Start proc 11846:com.google.android.apps.wellbeing/u0a140 for service {com.google.android.apps.wellbeing/com.google.android.apps.wellbeing.screen.ui.GrayscaleTileService}
05-30 08:21:13.251  1946 11408 D CompatibilityChangeReporter: Compat change id reported: 168419799; UID 10140; state: DISABLED
05-30 08:21:13.404  1946 11408 D JobScheduler: Enqueueing job: (job:1/com.whatsapp/.infra.crash.upload.ExceptionsUploadService) work: JobWorkItem{id=0 intent=Intent { cmp=com.whatsapp/.infra.crash.upload.ExceptionsUploadService (has extras) }}
05-30 08:21:13.431  1946 11408 I ActivityManager: Killing 10675:com.talker.acr/u0a358 (adj 955, setSvc -10000): empty #13
05-30 08:21:13.508  1946  4684 I ActivityManager: appDiedLocked: app=ProcessRecord{abc79a5 10675:com.talker.acr/u0a358} thread=android.os.BinderProxy@59fca50 fromBinderDied=true isKilledByAm=true reason=null
05-30 08:21:13.513  1946  4684 D RestartModeController: markWaitRestartAppIsSuicided null processName=com.talker.acr
05-30 08:21:13.514  1946  4684 D ActivityTaskManager: handleAppDied: uid=10358,diedCount=1,lastDiedTime=461753051,forceStopUids=false
05-30 08:21:13.514  1946  2109 D DisplayManagerService: Drop pending events for gone uid 10358
05-30 08:21:13.518  1946 11408 D CompatibilityChangeReporter: Compat change id reported: 161145287; UID 10140; state: DISABLED
05-30 08:21:14.008  1946 11408 D CompatibilityChangeReporter: Compat change id reported: 157233955; UID 10295; state: ENABLED
05-30 08:21:14.022  1946 11408 D JobScheduler: Enqueueing job: (job:3/com.whatsapp/.alarmservice.AlarmService) work: JobWorkItem{id=0 intent=Intent { act=com.whatsapp.action.SETUP cmp=com.whatsapp/.alarmservice.AlarmService }}
05-30 08:21:18.339  1946 11408 D CompatibilityChangeReporter: Compat change id reported: 161145287; UID 10160; state: DISABLED
05-30 08:21:22.900   680 11648 I keystore2: keystore2::watchdog: Watchdog thread idle -> terminating. Have a great day.
05-30 08:21:26.823 10943 11159 E ActivityThread: Failed to find provider info for com.motorola.ccc.cce.datausage
05-30 08:21:26.887  1946  4291 I ActivityManager: Killing 10776:com.inmobi.installer/u0a345 (adj 955, setSvc -10000): empty #13
05-30 08:21:26.941  1946 11408 I ActivityManager: appDiedLocked: app=ProcessRecord{94bae85 10776:com.inmobi.installer/u0a345} thread=android.os.BinderProxy@392f2a7 fromBinderDied=true isKilledByAm=true reason=null
05-30 08:21:26.942  1946 11408 D RestartModeController: markWaitRestartAppIsSuicided null processName=com.inmobi.installer
05-30 08:21:26.942  1946 11408 D ActivityTaskManager: handleAppDied: uid=10345,diedCount=1,lastDiedTime=461752662,forceStopUids=false
05-30 08:21:26.942  1946  2109 D DisplayManagerService: Drop pending events for gone uid 10345
05-30 08:21:26.944  1946 11408 I ActivityManager: Killing 10912:com.google.process.gapps/u0a160 (adj 965, setSvc -10000): empty #13
05-30 08:21:26.983  1946  4684 I ActivityManager: appDiedLocked: app=ProcessRecord{6ec8369 10912:com.google.process.gapps/u0a160} thread=android.os.BinderProxy@faa6354 fromBinderDied=true isKilledByAm=true reason=null
05-30 08:21:26.983  1946  4684 D RestartModeController: markWaitRestartAppIsSuicided null processName=com.google.process.gapps
05-30 08:21:26.984  1946  4684 D ActivityTaskManager: handleAppDied: uid=10160,diedCount=1,lastDiedTime=465771785,forceStopUids=false
05-30 08:21:33.517  1946  4684 D CompatibilityChangeReporter: Compat change id reported: 168419799; UID 10293; state: DISABLED
05-30 08:21:34.543  1946  2130 D CompatibilityChangeReporter: Compat change id reported: 168419799; UID 10811; state: DISABLED
05-30 08:21:40.212  1946 11408 W ContextImpl: Calling a method in the system process without a qualified user: android.app.ContextImpl.sendBroadcastMultiplePermissions:1233 com.android.server.TelephonyRegistry.broadcastServiceStateChanged:3085 com.android.server.TelephonyRegistry.notifyServiceStateForPhoneId:1616 com.android.internal.telephony.ITelephonyRegistry$Stub.onTransact:492 android.os.Binder.execTransactInternal:1294 
05-30 08:21:40.213  1946  2130 W BroadcastQueue: Permission Denial: receiving Intent { act=android.intent.action.SERVICE_STATE flg=0x1000010 (has extras) } to ProcessRecord{d14ec87 2655:com.android.systemui/u0a243} (pid=2655, uid=10243) requires android.permission.READ_PHONE_STATE due to sender android (uid 1001)
05-30 08:21:40.213  1946 11408 W ContextImpl: Calling a method in the system process without a qualified user: android.app.ContextImpl.sendBroadcastMultiplePermissions:1283 android.content.Context.sendBroadcastMultiplePermissions:2282 com.android.server.TelephonyRegistry.broadcastServiceStateChanged:3089 com.android.server.TelephonyRegistry.notifyServiceStateForPhoneId:1616 com.android.internal.telephony.ITelephonyRegistry$Stub.onTransact:492 
05-30 08:21:40.213  1946  2130 W BroadcastQueue: Permission Denial: receiving Intent { act=android.intent.action.SERVICE_STATE flg=0x1000010 (has extras) } to com.google.android.cellbroadcastreceiver/com.android.cellbroadcastreceiver.CellBroadcastReceiver requires android.permission.READ_PHONE_STATE due to sender android (uid 1001)
05-30 08:21:40.214  1946 11408 W ContextImpl: Calling a method in the system process without a qualified user: android.app.ContextImpl.sendBroadcastMultiplePermissions:1283 android.content.Context.sendBroadcastMultiplePermissions:2282 com.android.server.TelephonyRegistry.broadcastServiceStateChanged:3096 com.android.server.TelephonyRegistry.notifyServiceStateForPhoneId:1616 com.android.internal.telephony.ITelephonyRegistry$Stub.onTransact:492 
05-30 08:21:40.214  1946  2130 W BroadcastQueue: Permission Denial: receiving Intent { act=android.intent.action.SERVICE_STATE flg=0x1000010 (has extras) } to com.google.android.cellbroadcastreceiver/com.android.cellbroadcastreceiver.CellBroadcastReceiver requires android.permission.ACCESS_FINE_LOCATION due to sender android (uid 1001)
05-30 08:21:40.215  1946  2130 W BroadcastQueue: Permission Denial: receiving Intent { act=android.intent.action.SERVICE_STATE flg=0x1000010 (has extras) } to ProcessRecord{d14ec87 2655:com.android.systemui/u0a243} (pid=2655, uid=10243) requires android.permission.READ_PHONE_STATE due to sender android (uid 1001)
05-30 08:21:40.215  1946 11408 W ContextImpl: Calling a method in the system process without a qualified user: android.app.ContextImpl.sendBroadcastMultiplePermissions:1283 android.content.Context.sendBroadcastMultiplePermissions:2282 com.android.server.TelephonyRegistry.broadcastServiceStateChanged:3100 com.android.server.TelephonyRegistry.notifyServiceStateForPhoneId:1616 com.android.internal.telephony.ITelephonyRegistry$Stub.onTransact:492 
