05-30 08:23:04.107  1946  2131 I ActivityManager: Start proc 15368:com.google.android.googlequicksearchbox:googleapp/u0a163 for service {com.google.android.googlequicksearchbox/com.google.android.apps.gsa.nowoverlayservice.DrawerOverlayService}
05-30 08:23:04.129 15261 15261 D VRI[SolidExplorer]: update {(0,0)(fillxfill) sim={adjust=resize} ty=BASE_APPLICATION wanim=0x10302fd
05-30 08:23:04.129 15261 15261 D VRI[SolidExplorer]:   fl=LAYOUT_IN_SCREEN LAYOUT_INSET_DECOR SPLIT_TOUCH HARDWARE_ACCELERATED DRAWS_SYSTEM_BAR_BACKGROUNDS
05-30 08:23:04.129 15261 15261 D VRI[SolidExplorer]:   pfl=NO_MOVE_ANIMATION FORCE_DRAW_STATUS_BAR_BACKGROUND FIT_INSETS_CONTROLLED
05-30 08:23:04.129 15261 15261 D VRI[SolidExplorer]:   bhv=DEFAULT
05-30 08:23:04.129 15261 15261 D VRI[SolidExplorer]:   fitSides=} by setLayoutParams
05-30 08:23:04.586  1946  2638 D CompatibilityChangeReporter: Compat change id reported: 161145287; UID 10163; state: DISABLED
05-30 08:23:04.683 15368 15368 D ViewRootImpl: update {(0,0)(fillxfill) gr=LEFT CENTER_HORIZONTAL layoutInDisplayCutoutMode=always ty=DRAWN_APPLICATION fmt=TRANSPARENT wanim=0x10302f1
05-30 08:23:04.683 15368 15368 D ViewRootImpl:   fl=LAYOUT_IN_SCREEN LAYOUT_INSET_DECOR WATCH_OUTSIDE_TOUCH SPLIT_TOUCH HARDWARE_ACCELERATED DRAWS_SYSTEM_BAR_BACKGROUNDS
05-30 08:23:04.683 15368 15368 D ViewRootImpl:   pfl=NO_MOVE_ANIMATION FORCE_DRAW_STATUS_BAR_BACKGROUND FIT_INSETS_CONTROLLED
05-30 08:23:04.683 15368 15368 D ViewRootImpl:   bhv=DEFAULT
05-30 08:23:04.683 15368 15368 D ViewRootImpl:   fitSides=} by setView
05-30 08:23:04.693  1946  6632 D CoreBackPreview: Window{8727a51 u0 com.motorola.launcher3/com.android.launcher3.CustomizationPanelLauncher}: Setting back callback OnBackInvokedCallbackInfo{mCallback=android.window.IOnBackInvokedCallback$Stub$Proxy@1a59c53, mPriority=0}
05-30 08:23:04.718 15368 15368 D VRI[CustomizationPanelLauncher]: update {(0,0)(fillxfill) gr=LEFT CENTER_HORIZONTAL layoutInDisplayCutoutMode=always ty=DRAWN_APPLICATION fmt=TRANSPARENT wanim=0x10302f1 alpha=0.0
05-30 08:23:04.718 15368 15368 D VRI[CustomizationPanelLauncher]:   fl=LAYOUT_IN_SCREEN LAYOUT_INSET_DECOR WATCH_OUTSIDE_TOUCH SPLIT_TOUCH HARDWARE_ACCELERATED DRAWS_SYSTEM_BAR_BACKGROUNDS
05-30 08:23:04.718 15368 15368 D VRI[CustomizationPanelLauncher]:   pfl=NO_MOVE_ANIMATION FORCE_DRAW_STATUS_BAR_BACKGROUND FIT_INSETS_CONTROLLED
05-30 08:23:04.718 15368 15368 D VRI[CustomizationPanelLauncher]:   bhv=DEFAULT
05-30 08:23:04.718 15368 15368 D VRI[CustomizationPanelLauncher]:   fitSides=} by setLayoutParams
05-30 08:23:04.719 15368 15368 D VRI[CustomizationPanelLauncher]: update {(0,0)(fillxfill) gr=LEFT CENTER_HORIZONTAL layoutInDisplayCutoutMode=always ty=DRAWN_APPLICATION fmt=TRANSPARENT wanim=0x10302f1 alpha=0.0
05-30 08:23:04.719 15368 15368 D VRI[CustomizationPanelLauncher]:   fl=NOT_FOCUSABLE NOT_TOUCHABLE LAYOUT_IN_SCREEN LAYOUT_INSET_DECOR WATCH_OUTSIDE_TOUCH SPLIT_TOUCH HARDWARE_ACCELERATED DRAWS_SYSTEM_BAR_BACKGROUNDS
05-30 08:23:04.719 15368 15368 D VRI[CustomizationPanelLauncher]:   pfl=NO_MOVE_ANIMATION FORCE_DRAW_STATUS_BAR_BACKGROUND FIT_INSETS_CONTROLLED
05-30 08:23:04.719 15368 15368 D VRI[CustomizationPanelLauncher]:   bhv=DEFAULT
05-30 08:23:04.719 15368 15368 D VRI[CustomizationPanelLauncher]:   fitSides=} by setLayoutParams
05-30 08:23:04.741  1946  1946 V PowerManager: userActivity when=465932107 event=0 flags=0 by (android) callers=android.os.PowerManager.userActivity:1425 com.android.server.accessibility.AccessibilityInputFilter.handleMotionEvent:366 com.android.server.accessibility.AccessibilityInputFilter.processMotionEvent:342 
05-30 08:23:04.790  1946  1946 V PowerManager: userActivity when=465932156 event=0 flags=0 by (android) callers=android.os.PowerManager.userActivity:1425 com.android.server.accessibility.AccessibilityInputFilter.handleMotionEvent:366 com.android.server.accessibility.AccessibilityInputFilter.processMotionEvent:342 
05-30 08:23:04.802  1946  6632 I ActivityTaskManager: START u0 {dat=ga:/... flg=0x10008000 cmp=com.google.android.googlequicksearchbox/.InternalGoogleAppActivityEntrypoint (has extras)} from uid 10163
05-30 08:23:04.803  1946  4689 D CompatibilityChangeReporter: Compat change id reported: 319212206; UID 10163; state: ENABLED
05-30 08:23:04.811  1946  6632 D CompatibilityChangeReporter: Compat change id reported: 194480991; UID 10163; state: ENABLED
05-30 08:23:04.812  1946  6632 D ActivityTaskManager: getPreferredLaunchDisplay userset_displayid false user set display id 0, current focus display 0
05-30 08:23:04.812  1946  6632 D ActivityTaskManager: getPreferredLaunchDisplay userset_displayid false user set display id 0, current focus display 0
05-30 08:23:04.814  1946  6632 D ActivityTaskManager: getPreferredLaunchDisplay userset_displayid false user set display id 0, current focus display 0
05-30 08:23:04.814  1946  6632 D ActivityTaskManager: getPreferredLaunchDisplay userset_displayid false user set display id 0, current focus display 0
05-30 08:23:04.816  1946  6632 D ActivityTaskManager: getPreferredLaunchDisplay userset_displayid false user set display id 0, current focus display 0
05-30 08:23:04.816  1946  6632 D ActivityTaskManager: getPreferredLaunchDisplay userset_displayid false user set display id 0, current focus display 0
05-30 08:23:04.817  1946  6632 D CompatibilityChangeReporter: Compat change id reported: 174042980; UID 10163; state: DISABLED
05-30 08:23:04.817  1946  6632 D CompatibilityChangeReporter: Compat change id reported: 184838306; UID 10163; state: DISABLED
05-30 08:23:04.817  1946  6632 D CompatibilityChangeReporter: Compat change id reported: 185004937; UID 10163; state: DISABLED
05-30 08:23:04.817  1946  6632 D CompatibilityChangeReporter: Compat change id reported: 181136395; UID 10163; state: DISABLED
05-30 08:23:04.817  1946  6632 D CompatibilityChangeReporter: Compat change id reported: 174042936; UID 10163; state: DISABLED
05-30 08:23:04.818  1946  6632 D CompatibilityChangeReporter: Compat change id reported: 197654537; UID 10163; state: ENABLED
05-30 08:23:04.819  1946  6632 D CompatibilityChangeReporter: Compat change id reported: 205907456; UID 10163; state: ENABLED
05-30 08:23:04.825  1946  2638 D CompatibilityChangeReporter: Compat change id reported: 135634846; UID 10163; state: DISABLED
05-30 08:23:04.825  1946  2638 D CompatibilityChangeReporter: Compat change id reported: 177438394; UID 10163; state: DISABLED
05-30 08:23:04.825  1946  2638 D CompatibilityChangeReporter: Compat change id reported: 135772972; UID 10163; state: DISABLED
05-30 08:23:04.825  1946  2638 D CompatibilityChangeReporter: Compat change id reported: 135754954; UID 10163; state: ENABLED
05-30 08:23:04.826  1946  2131 D CompatibilityChangeReporter: Compat change id reported: 143937733; UID 10163; state: ENABLED
05-30 08:23:04.831  1946  3106 I ActivityTaskManager: The Process com.google.android.googlequicksearchbox:googleapp Already Exists in BG. So sending its PID: 15368
05-30 08:23:04.835  2655  2720 D ViewRootImpl: update {(0,0)(fillxfill) layoutInDisplayCutoutMode=always ty=APPLICATION_STARTING fmt=TRANSLUCENT wanim=0x10302fd
05-30 08:23:04.835  2655  2720 D ViewRootImpl:   fl=NOT_FOCUSABLE NOT_TOUCHABLE LAYOUT_IN_SCREEN LAYOUT_INSET_DECOR ALT_FOCUSABLE_IM HARDWARE_ACCELERATED DRAWS_SYSTEM_BAR_BACKGROUNDS
05-30 08:23:04.835  2655  2720 D ViewRootImpl:   pfl=SHOW_FOR_ALL_USERS FIT_INSETS_CONTROLLED
05-30 08:23:04.835  2655  2720 D ViewRootImpl:   bhv=DEFAULT
05-30 08:23:04.835  2655  2720 D ViewRootImpl:   fitSides=} by setView
05-30 08:23:04.837  1946  2058 I ActivityManager: updateOomAdj start time is before than pendingPid added, don't delete it
05-30 08:23:04.846  1946  2131 I ActivityManager: Start proc 15426:com.google.android.googlequicksearchbox:search/u0a163 for service {com.google.android.googlequicksearchbox/com.google.frameworks.client.data.android.server.tiktok.assistant.SearchProcessEndpointService}
05-30 08:23:04.849  1946  3106 D CoreBackPreview: Window{e9e2e0d u0 Splash Screen com.google.android.googlequicksearchbox}: Setting back callback OnBackInvokedCallbackInfo{mCallback=android.window.IOnBackInvokedCallback$Stub$Proxy@20c9e09, mPriority=0}
05-30 08:23:04.974 15368 15368 D ViewRootImpl: update {(0,0)(fillxfill) sim={adjust=pan forwardNavigation} layoutInDisplayCutoutMode=always ty=BASE_APPLICATION wanim=0x10302fd
05-30 08:23:04.974 15368 15368 D ViewRootImpl:   fl=LAYOUT_IN_SCREEN LAYOUT_INSET_DECOR SPLIT_TOUCH HARDWARE_ACCELERATED DRAWS_SYSTEM_BAR_BACKGROUNDS
05-30 08:23:04.974 15368 15368 D ViewRootImpl:   pfl=NO_MOVE_ANIMATION FORCE_DRAW_STATUS_BAR_BACKGROUND FIT_INSETS_CONTROLLED
05-30 08:23:04.974 15368 15368 D ViewRootImpl:   bhv=DEFAULT
05-30 08:23:04.974 15368 15368 D ViewRootImpl:   fitSides=} by setView
05-30 08:23:04.981  1946  2638 D CoreBackPreview: Window{ca5706c u0 com.google.android.googlequicksearchbox/com.google.android.googlequicksearchbox.InternalGoogleAppActivityEntrypoint}: Setting back callback OnBackInvokedCallbackInfo{mCallback=android.window.IOnBackInvokedCallback$Stub$Proxy@5b02aca, mPriority=0}
05-30 08:23:05.124  1946 13261 D CompatibilityChangeReporter: Compat change id reported: 194532703; UID 10163; state: ENABLED
05-30 08:23:05.192  1946  2112 I LaunchCheckinHandler: MotoDisplayed com.google.android.googlequicksearchbox/.InternalGoogleAppActivityEntrypoint,wp,ca,362
05-30 08:23:05.214  1946 13261 D CoreBackPreview: Window{e9e2e0d u0 Splash Screen com.google.android.googlequicksearchbox EXITING}: Setting back callback null
05-30 08:23:05.225  1946  1946 W AccessibilityManagerService:  wait for adding window timeout: 9616
05-30 08:23:05.253 14753 14781 W KeyphraseEnrollmentInfo: No enrollment application supports the given keyphrase/locale: 'Y Google'/en_US
05-30 08:23:05.271 14753 14785 W KeyphraseEnrollmentInfo: No enrollment application supports the given keyphrase/locale: 'Y Google'/en_US
05-30 08:23:05.290 14753 14781 W KeyphraseEnrollmentInfo: No enrollment application supports the given keyphrase/locale: 'Y Google'/en_US
05-30 08:23:05.307 14753 14781 W KeyphraseEnrollmentInfo: No enrollment application supports the given keyphrase/locale: 'Y Google'/en_US
05-30 08:23:05.343  1946  4291 D CompatibilityChangeReporter: Compat change id reported: 214016041; UID 10163; state: ENABLED
05-30 08:23:05.352  1946  4689 D CompatibilityChangeReporter: Compat change id reported: 161252188; UID 10163; state: DISABLED
05-30 08:23:05.365  1946  1946 W AccessibilityManagerService:  wait for adding window timeout: 9617
05-30 08:23:05.378  1946  2053 D CompatibilityChangeReporter: Compat change id reported: 161252188; UID 10199; state: DISABLED
05-30 08:23:05.384  1946  2053 D CompatibilityChangeReporter: Compat change id reported: 161252188; UID 10319; state: DISABLED
05-30 08:23:05.390  1946  2053 D CompatibilityChangeReporter: Compat change id reported: 161252188; UID 10280; state: DISABLED
05-30 08:23:05.394  1946  2053 D CompatibilityChangeReporter: Compat change id reported: 161252188; UID 10325; state: DISABLED
05-30 08:23:05.398  1946  4689 D CompatibilityChangeReporter: Compat change id reported: 161252188; UID 1000; state: DISABLED
05-30 08:23:05.469 23134 23134 D VRI[InputMethod]: update {(0,0)(fillxfill) gr=BOTTOM CENTER_VERTICAL ty=INPUT_METHOD fmt=TRANSPARENT wanim=0x1030056 receive insets ignoring z-order
05-30 08:23:05.469 23134 23134 D VRI[InputMethod]:   fl=NOT_FOCUSABLE LAYOUT_IN_SCREEN SPLIT_TOUCH HARDWARE_ACCELERATED DRAWS_SYSTEM_BAR_BACKGROUNDS
05-30 08:23:05.469 23134 23134 D VRI[InputMethod]:   pfl=FIT_INSETS_CONTROLLED
05-30 08:23:05.469 23134 23134 D VRI[InputMethod]:   bhv=DEFAULT
05-30 08:23:05.469 23134 23134 D VRI[InputMethod]:   fitTypes=STATUS_BARS NAVIGATION_BARS
05-30 08:23:05.469 23134 23134 D VRI[InputMethod]:   fitSides=LEFT TOP RIGHT} by setLayoutParams
05-30 08:23:05.631   680 14852 I keystore2: keystore2::watchdog: Watchdog thread idle -> terminating. Have a great day.
05-30 08:23:05.760  1946  2058 D InputMethodManagerService: applyImeVisibility setVisible = true; mCurClient = ClientState{ac4ac9f uid=10163 pid=15368 displayId=0}
05-30 08:23:05.868  1946  2058 D CompatibilityChangeReporter: Compat change id reported: 135634846; UID 10199; state: DISABLED
05-30 08:23:05.869  1946  2131 D CompatibilityChangeReporter: Compat change id reported: 143937733; UID 10199; state: ENABLED
05-30 08:23:05.878  1946  2131 I ActivityManager: Start proc 15537:com.android.chrome/u0a199 for service {com.android.chrome/org.chromium.chrome.browser.customtabs.CustomTabsConnectionService}
05-30 08:23:05.928  1946  2053 D CompatibilityChangeReporter: Compat change id reported: 168419799; UID 10199; state: DISABLED
05-30 08:23:06.040  1946  2131 D CompatibilityChangeReporter: Compat change id reported: 143937733; UID 10163; state: ENABLED
05-30 08:23:06.051  1946  2131 I ActivityManager: Start proc 15563:com.google.android.webview:sandboxed_process0:org.chromium.content.app.SandboxedProcessService0:0/u0i573 for  {com.google.android.googlequicksearchbox/org.chromium.content.app.SandboxedProcessService0:0}
05-30 08:23:06.061  1946 13261 D CompatibilityChangeReporter: Compat change id reported: 161145287; UID 10199; state: DISABLED
05-30 08:23:06.313  1376  1376 I wificond: Regulatory domain changed to country: IN on wiphy_index: 0
05-30 08:23:06.316  1376  1376 I wificond: 2.4Ghz frequencies: 2412 2417 2422 2427 2432 2437 2442 2447 2452 2457 2462 2467 2472
05-30 08:23:06.316  1376  1376 I wificond: 5Ghz non-DFS frequencies: 5180 5200 5220 5240 5745 5765 5785 5805 5825 5845 5865
05-30 08:23:06.316  1376  1376 I wificond: 5Ghz DFS frequencies: 5260 5280 5300 5320 5500 5520 5540 5560 5580 5600 5620 5640 5660 5680 5700 5720
05-30 08:23:06.316  1376  1376 I wificond: 6Ghz frequencies:
05-30 08:23:06.316  1376  1376 I wificond: 60Ghz frequencies:
05-30 08:23:06.477  1946  1946 V PowerManager: userActivity when=465933844 event=0 flags=0 by (android) callers=android.os.PowerManager.userActivity:1425 com.android.server.accessibility.AccessibilityInputFilter.handleMotionEvent:366 com.android.server.accessibility.AccessibilityInputFilter.processMotionEvent:342 
05-30 08:23:06.543  1946  1946 V PowerManager: userActivity when=465933909 event=0 flags=0 by (android) callers=android.os.PowerManager.userActivity:1425 com.android.server.accessibility.AccessibilityInputFilter.handleMotionEvent:366 com.android.server.accessibility.AccessibilityInputFilter.processMotionEvent:342 
05-30 08:23:06.601  1946  2058 E AppOps  : Bad call made by uid 10199. Package "com.google.android.gms" does not belong to uid 10199.
05-30 08:23:06.626  1946  2058 E AppOps  : Bad call made by uid 10199. Package "com.google.android.gms" does not belong to uid 10199.
05-30 08:23:06.733  1946  2058 D CompatibilityChangeReporter: Compat change id reported: 171306433; UID 10160; state: ENABLED
05-30 08:23:06.733  1946  2058 D CompatibilityChangeReporter: Compat change id reported: 218533173; UID 10160; state: ENABLED
05-30 08:23:07.212  1946  2053 D InputMethodManagerService: applyImeVisibility setVisible = false; mCurClient = ClientState{ac4ac9f uid=10163 pid=15368 displayId=0}
05-30 08:23:07.232 23134 23134 D VRI[InputMethod]: update {(0,0)(fillxfill) gr=BOTTOM CENTER_VERTICAL ty=INPUT_METHOD fmt=TRANSPARENT wanim=0x1030056 receive insets ignoring z-order
05-30 08:23:07.232 23134 23134 D VRI[InputMethod]:   fl=NOT_FOCUSABLE LAYOUT_IN_SCREEN SPLIT_TOUCH HARDWARE_ACCELERATED DRAWS_SYSTEM_BAR_BACKGROUNDS
05-30 08:23:07.232 23134 23134 D VRI[InputMethod]:   pfl=FIT_INSETS_CONTROLLED
05-30 08:23:07.232 23134 23134 D VRI[InputMethod]:   bhv=DEFAULT
05-30 08:23:07.232 23134 23134 D VRI[InputMethod]:   fitTypes=STATUS_BARS NAVIGATION_BARS
05-30 08:23:07.232 23134 23134 D VRI[InputMethod]:   fitSides=LEFT TOP RIGHT} by setLayoutParams
05-30 08:23:08.090  1946  2058 E AppOps  : Bad call made by uid 10199. Package "com.google.android.gms" does not belong to uid 10199.
05-30 08:23:08.566  1946  2058 D CompatibilityChangeReporter: Compat change id reported: 135634846; UID 10199; state: DISABLED
05-30 08:23:08.566  1946  2131 D CompatibilityChangeReporter: Compat change id reported: 143937733; UID 10199; state: ENABLED
05-30 08:23:08.585  1946  2131 I ActivityManager: Start proc 15677:com.android.chrome:privileged_process0/u0a199 for service {com.android.chrome/org.chromium.content.app.PrivilegedProcessService0}
05-30 08:23:08.599  1946  1946 V PowerManager: userActivity when=465935964 event=0 flags=0 by (android) callers=android.os.PowerManager.userActivity:1425 com.android.server.accessibility.AccessibilityInputFilter.handleMotionEvent:366 com.android.server.accessibility.AccessibilityInputFilter.processMotionEvent:342 
05-30 08:23:08.697  1946  1946 V PowerManager: userActivity when=465936063 event=0 flags=0 by (android) callers=android.os.PowerManager.userActivity:1425 com.android.server.accessibility.AccessibilityInputFilter.handleMotionEvent:366 com.android.server.accessibility.AccessibilityInputFilter.processMotionEvent:342 
05-30 08:23:08.718  1946  2053 D CompatibilityChangeReporter: Compat change id reported: 214016041; UID 10163; state: ENABLED
05-30 08:23:08.931  1946  2058 I ActivityTaskManager: START u0 {act=android.intent.action.VIEW dat=https://github.com/... pkg=com.android.chrome cmp=com.android.chrome/com.google.android.apps.chrome.IntentDispatcher (has extras)} from uid 10163
05-30 08:23:08.951  1946  2058 D CompatibilityChangeReporter: Compat change id reported: 194480991; UID 10199; state: ENABLED
05-30 08:23:08.952  1946  2058 D ActivityTaskManager: getPreferredLaunchDisplay userset_displayid false user set display id 0, current focus display 0
05-30 08:23:08.952  1946  2058 D ActivityTaskManager: getPreferredLaunchDisplay userset_displayid false user set display id 0, current focus display 0
05-30 08:23:08.952  1946  2058 D ActivityTaskManager: getPreferredLaunchDisplay userset_displayid false user set display id 0, current focus display 0
05-30 08:23:08.952  1946  2058 D ActivityTaskManager: getPreferredLaunchDisplay userset_displayid false user set display id 0, current focus display 0
05-30 08:23:08.955  1946  2058 D CompatibilityChangeReporter: Compat change id reported: 174042980; UID 10199; state: DISABLED
05-30 08:23:08.956  1946  2058 D CompatibilityChangeReporter: Compat change id reported: 184838306; UID 10199; state: DISABLED
05-30 08:23:08.956  1946  2058 D CompatibilityChangeReporter: Compat change id reported: 185004937; UID 10199; state: DISABLED
05-30 08:23:08.956  1946  2058 D CompatibilityChangeReporter: Compat change id reported: 181136395; UID 10199; state: DISABLED
05-30 08:23:08.956  1946  2058 D CompatibilityChangeReporter: Compat change id reported: 174042936; UID 10199; state: DISABLED
05-30 08:23:08.964  1946  2058 D CompatibilityChangeReporter: Compat change id reported: 197654537; UID 10163; state: ENABLED
05-30 08:23:09.022  1946  2053 I ActivityTaskManager: The Process com.android.chrome Already Exists in BG. So sending its PID: 15537
05-30 08:23:09.060  1946  2053 D CompatibilityChangeReporter: Compat change id reported: 197654537; UID 10280; state: ENABLED
05-30 08:23:09.225  1946  2058 D CompatibilityChangeReporter: Compat change id reported: 319212206; UID 10199; state: ENABLED
05-30 08:23:09.283  1946 13261 W ActivityManager: Unable to start service Intent { cmp=com.google.android.aicore/com.google.android.apps.aicore.service.multiuser.AiCoreMultiUserService } U=0: not found
05-30 08:23:09.284  1946 13261 W ActivityManager: Unbind failed: could not find connection for android.os.BinderProxy@dfeb0b5
05-30 08:23:09.285  1946 13261 W ActivityManager: Unable to start service Intent { cmp=com.google.android.aicore/com.google.android.apps.aicore.service.AiCoreService } U=0: not found
05-30 08:23:09.286  1946  4689 W ActivityManager: Unbind failed: could not find connection for android.os.BinderProxy@46934a
05-30 08:23:09.477  1946  2131 D CompatibilityChangeReporter: Compat change id reported: 143937733; UID 10199; state: ENABLED
05-30 08:23:09.477  1946  2131 D CompatibilityChangeReporter: Compat change id reported: 135634846; UID 10199; state: DISABLED
05-30 08:23:09.477  1946  2131 D CompatibilityChangeReporter: Compat change id reported: 207557677; UID 10199; state: ENABLED
05-30 08:23:09.661  1946  2131 W ActivityManager: Slow operation: 185ms so far, now at startProcess: returned from zygote!
05-30 08:23:09.662  1946  2131 W ActivityManager: Slow operation: 186ms so far, now at startProcess: done updating battery stats
05-30 08:23:09.662  1946  2131 W ActivityManager: Slow operation: 186ms so far, now at startProcess: building log message
05-30 08:23:09.662  1946  2131 I ActivityManager: Start proc 15739:com.android.chrome:sandboxed_process0:org.chromium.content.app.SandboxedProcessService0:0/u0ai0 for  {com.android.chrome/org.chromium.content.app.SandboxedProcessService0:0}
05-30 08:23:09.662  1946  2131 W ActivityManager: Slow operation: 186ms so far, now at startProcess: starting to update pids map
05-30 08:23:09.663  1946  2131 W ActivityManager: Slow operation: 187ms so far, now at startProcess: done updating pids map
05-30 08:23:09.865  1946  2053 I ActivityTaskManager: START u0 {act=android.intent.action.VIEW dat=https://github.com/... flg=0x2800000 pkg=com.android.chrome cmp=com.android.chrome/org.chromium.chrome.browser.customtabs.CustomTabActivity (has extras)} from uid 10199
05-30 08:23:09.866  1946  2053 D ActivityTaskManager: getPreferredLaunchDisplay userset_displayid false user set display id 0, current focus display 0
05-30 08:23:09.866  1946  2053 D ActivityTaskManager: getPreferredLaunchDisplay userset_displayid false user set display id 0, current focus display 0
05-30 08:23:09.866  1946  2053 D ActivityTaskManager: getPreferredLaunchDisplay userset_displayid false user set display id 0, current focus display 0
05-30 08:23:09.866  1946  2053 D ActivityTaskManager: getPreferredLaunchDisplay userset_displayid false user set display id 0, current focus display 0
05-30 08:23:09.877  1946  4291 D RestartModeController: determineRescueAppAfterAppFinishItself@1 null pkgName=com.android.chrome
05-30 08:23:09.993  1946 13261 I ActivityTaskManager: The Process com.android.chrome Already Exists in BG. So sending its PID: 15537
05-30 08:23:09.994  1946 13261 W ActivityTaskManager: Tried to set launchTime (0) < mLastActivityLaunchTime (465936390)
05-30 08:23:10.307 15537 15537 D ViewRootImpl: update {(0,0)(fillxfill) sim={adjust=resize forwardNavigation} ty=BASE_APPLICATION wanim=0x10302fd
05-30 08:23:10.307 15537 15537 D ViewRootImpl:   fl=LAYOUT_IN_SCREEN LAYOUT_INSET_DECOR SPLIT_TOUCH HARDWARE_ACCELERATED DRAWS_SYSTEM_BAR_BACKGROUNDS
05-30 08:23:10.307 15537 15537 D ViewRootImpl:   pfl=NO_MOVE_ANIMATION FORCE_DRAW_STATUS_BAR_BACKGROUND FIT_INSETS_CONTROLLED
05-30 08:23:10.307 15537 15537 D ViewRootImpl:   bhv=DEFAULT
05-30 08:23:10.307 15537 15537 D ViewRootImpl:   fitSides=} by setView
05-30 08:23:10.406  1946  2053 D CompatibilityChangeReporter: Compat change id reported: 135634846; UID 10242; state: DISABLED
05-30 08:23:10.406  1946  2053 D CompatibilityChangeReporter: Compat change id reported: 177438394; UID 10242; state: DISABLED
05-30 08:23:10.406  1946  2053 D CompatibilityChangeReporter: Compat change id reported: 135772972; UID 10242; state: DISABLED
05-30 08:23:10.406  1946  2053 D CompatibilityChangeReporter: Compat change id reported: 135754954; UID 10242; state: ENABLED
05-30 08:23:10.407  1946  2131 D CompatibilityChangeReporter: Compat change id reported: 143937733; UID 10242; state: ENABLED
05-30 08:23:10.431  1946  2058 D CompatibilityChangeReporter: Compat change id reported: 161145287; UID 10163; state: DISABLED
05-30 08:23:10.439  1946  2131 I ActivityManager: Start proc 15818:com.motorola.android.providers.chromehomepage/u0a242 for content provider {com.motorola.android.providers.chromehomepage/com.motorola.android.providers.chromehomepage.ChromeHomepageProvider}
05-30 08:23:10.488  1946  2053 D CoreBackPreview: Window{f6dd27b u0 com.android.chrome/org.chromium.chrome.browser.customtabs.CustomTabActivity}: Setting back callback OnBackInvokedCallbackInfo{mCallback=android.window.IOnBackInvokedCallback$Stub$Proxy@774ca99, mPriority=-1}
05-30 08:23:10.488  1946  2053 D CoreBackPreview: Window{f6dd27b u0 com.android.chrome/org.chromium.chrome.browser.customtabs.CustomTabActivity}: Setting back callback OnBackInvokedCallbackInfo{mCallback=android.window.IOnBackInvokedCallback$Stub$Proxy@dcb115e, mPriority=0}
05-30 08:23:10.559  1946  2053 D CompatibilityChangeReporter: Compat change id reported: 168419799; UID 10242; state: DISABLED
05-30 08:23:10.834  1946  2112 I LaunchCheckinHandler: MotoDisplayed com.android.chrome/org.chromium.chrome.browser.customtabs.CustomTabActivity,wp,ca,841
05-30 08:23:10.855  1946 13261 D CompatibilityChangeReporter: Compat change id reported: 182734110; UID 10199; state: ENABLED
05-30 08:23:10.861  1946  3163 D CompatibilityChangeReporter: Compat change id reported: 149924527; UID 10199; state: ENABLED
05-30 08:23:10.862  1946  3163 D CompatibilityChangeReporter: Compat change id reported: 132649864; UID 10199; state: DISABLED
05-30 08:23:10.942  1946  2053 D CompatibilityChangeReporter: Compat change id reported: 214016041; UID 10199; state: ENABLED
05-30 08:23:17.437  1946  4689 D CompatibilityChangeReporter: Compat change id reported: 135634846; UID 10081; state: DISABLED
05-30 08:23:17.437  1946  4689 D CompatibilityChangeReporter: Compat change id reported: 177438394; UID 10081; state: DISABLED
05-30 08:23:17.437  1946  4689 D CompatibilityChangeReporter: Compat change id reported: 135772972; UID 10081; state: DISABLED
05-30 08:23:17.438  1946  4689 D CompatibilityChangeReporter: Compat change id reported: 135754954; UID 10081; state: ENABLED
05-30 08:23:17.438  1946  2131 D CompatibilityChangeReporter: Compat change id reported: 143937733; UID 10081; state: ENABLED
05-30 08:23:17.454  1946  2131 I ActivityManager: Start proc 15939:com.android.providers.partnerbookmarks/u0a81 for content provider {com.android.providers.partnerbookmarks/com.android.providers.partnerbookmarks.PartnerBookmarksProvider}
05-30 08:23:17.492  1946  4689 D CompatibilityChangeReporter: Compat change id reported: 168419799; UID 10081; state: DISABLED
05-30 08:23:20.238  1946  1946 V PowerManager: userActivity when=465947572 event=0 flags=0 by (android) callers=android.os.PowerManager.userActivity:1425 com.android.server.accessibility.AccessibilityInputFilter.handleMotionEvent:366 com.android.server.accessibility.AccessibilityInputFilter.processMotionEvent:342 
05-30 08:23:20.336  1946  1946 V PowerManager: userActivity when=465947702 event=0 flags=0 by (android) callers=android.os.PowerManager.userActivity:1425 com.android.server.accessibility.AccessibilityInputFilter.handleMotionEvent:366 com.android.server.accessibility.AccessibilityInputFilter.processMotionEvent:342 
05-30 08:23:22.179  1946  4689 D AutofillSession: createPendingIntent for request 721
05-30 08:23:22.189  1946  4689 D ContentCapturePerUserService: Notified activity assist data for activity: Token{2ef3902 ActivityRecord{9ff15e4 u0 com.android.chrome/org.chromium.chrome.browser.customtabs.CustomTabActivity} t3665}} without a session Id
05-30 08:23:26.236  1946  1946 V PowerManager: userActivity when=465953602 event=0 flags=0 by (android) callers=android.os.PowerManager.userActivity:1425 com.android.server.accessibility.AccessibilityInputFilter.handleMotionEvent:366 com.android.server.accessibility.AccessibilityInputFilter.processMotionEvent:342 
05-30 08:23:26.506  1946  1946 V PowerManager: userActivity when=465953872 event=0 flags=0 by (android) callers=android.os.PowerManager.userActivity:1425 com.android.server.accessibility.AccessibilityInputFilter.handleMotionEvent:366 com.android.server.accessibility.AccessibilityInputFilter.processMotionEvent:342 
05-30 08:23:27.152  1946  1946 V PowerManager: userActivity when=465954518 event=0 flags=0 by (android) callers=android.os.PowerManager.userActivity:1425 com.android.server.accessibility.AccessibilityInputFilter.handleMotionEvent:366 com.android.server.accessibility.AccessibilityInputFilter.processMotionEvent:342 
05-30 08:23:27.250  1946  1946 V PowerManager: userActivity when=465954616 event=0 flags=0 by (android) callers=android.os.PowerManager.userActivity:1425 com.android.server.accessibility.AccessibilityInputFilter.handleMotionEvent:366 com.android.server.accessibility.AccessibilityInputFilter.processMotionEvent:342 
05-30 08:23:27.335 10943 11057 E ActivityThread: Failed to find provider info for com.motorola.ccc.cce.datausage
05-30 08:23:29.478  1946  1946 V PowerManager: userActivity when=465956844 event=0 flags=0 by (android) callers=android.os.PowerManager.userActivity:1425 com.android.server.accessibility.AccessibilityInputFilter.handleMotionEvent:366 com.android.server.accessibility.AccessibilityInputFilter.processMotionEvent:342 
05-30 08:23:29.572  1946  1946 V PowerManager: userActivity when=465956938 event=0 flags=0 by (android) callers=android.os.PowerManager.userActivity:1425 com.android.server.accessibility.AccessibilityInputFilter.handleMotionEvent:366 com.android.server.accessibility.AccessibilityInputFilter.processMotionEvent:342 
05-30 08:23:32.715  1946  1946 V PowerManager: userActivity when=465960080 event=0 flags=0 by (android) callers=android.os.PowerManager.userActivity:1425 com.android.server.accessibility.AccessibilityInputFilter.handleMotionEvent:366 com.android.server.accessibility.AccessibilityInputFilter.processMotionEvent:342 
05-30 08:23:32.811  1946  1946 V PowerManager: userActivity when=465960177 event=0 flags=0 by (android) callers=android.os.PowerManager.userActivity:1425 com.android.server.accessibility.AccessibilityInputFilter.handleMotionEvent:366 com.android.server.accessibility.AccessibilityInputFilter.processMotionEvent:342 
05-30 08:23:35.316  1946  4291 D CompatibilityChangeReporter: Compat change id reported: 194532703; UID 10163; state: ENABLED
05-30 08:23:35.387  1946  4291 D CompatibilityChangeReporter: Compat change id reported: 168419799; UID 10163; state: DISABLED
05-30 08:23:35.572  1946  4689 D CompatibilityChangeReporter: Compat change id reported: 161252188; UID 10353; state: DISABLED
05-30 08:23:35.573  1946  4689 D CompatibilityChangeReporter: Compat change id reported: 135634846; UID 10353; state: DISABLED
05-30 08:23:35.573  1946  4689 D CompatibilityChangeReporter: Compat change id reported: 177438394; UID 10353; state: DISABLED
05-30 08:23:35.573  1946  4689 D CompatibilityChangeReporter: Compat change id reported: 135772972; UID 10353; state: DISABLED
05-30 08:23:35.574  1946  4689 D CompatibilityChangeReporter: Compat change id reported: 135754954; UID 10353; state: ENABLED
05-30 08:23:35.574  1946  2131 D CompatibilityChangeReporter: Compat change id reported: 143937733; UID 10353; state: ENABLED
05-30 08:23:35.582  1946  2131 I ActivityManager: Start proc 16030:com.android.remoteprovisioner/u0a353 for service {com.android.remoteprovisioner/com.android.remoteprovisioner.service.GenerateRkpKeyService}
05-30 08:23:35.611  1946  4291 D CompatibilityChangeReporter: Compat change id reported: 168419799; UID 10353; state: DISABLED
05-30 08:23:36.469  1946  1946 V PowerManager: userActivity when=465963835 event=0 flags=0 by (android) callers=android.os.PowerManager.userActivity:1425 com.android.server.accessibility.AccessibilityInputFilter.handleMotionEvent:366 com.android.server.accessibility.AccessibilityInputFilter.processMotionEvent:342 
05-30 08:23:36.566  1946  2130 D CompatibilityChangeReporter: Compat change id reported: 168419799; UID 10199; state: DISABLED
05-30 08:23:36.572  1946  4291 W PackageConfigPersister: App-specific configuration not found for packageName: com.android.chrome and userId: 0
05-30 08:23:36.610  1946  1946 V PowerManager: userActivity when=465963976 event=0 flags=0 by (android) callers=android.os.PowerManager.userActivity:1425 com.android.server.accessibility.AccessibilityInputFilter.handleMotionEvent:366 com.android.server.accessibility.AccessibilityInputFilter.processMotionEvent:342 
05-30 08:23:38.759  1946  1946 V PowerManager: userActivity when=465966125 event=0 flags=0 by (android) callers=android.os.PowerManager.userActivity:1425 com.android.server.accessibility.AccessibilityInputFilter.handleMotionEvent:366 com.android.server.accessibility.AccessibilityInputFilter.processMotionEvent:342 
05-30 08:23:38.872  1946  1946 V PowerManager: userActivity when=465966239 event=0 flags=0 by (android) callers=android.os.PowerManager.userActivity:1425 com.android.server.accessibility.AccessibilityInputFilter.handleMotionEvent:366 com.android.server.accessibility.AccessibilityInputFilter.processMotionEvent:342 
05-30 08:23:38.956  1946  2131 D CompatibilityChangeReporter: Compat change id reported: 143937733; UID 10199; state: ENABLED
05-30 08:23:38.971  1946  2131 I ActivityManager: Start proc 16054:com.android.chrome:sandboxed_process0:org.chromium.content.app.SandboxedProcessService0:1/u0ai1 for  {com.android.chrome/org.chromium.content.app.SandboxedProcessService0:1}
05-30 08:23:39.353  1376  1376 I wificond: Regulatory domain changed to country: IN on wiphy_index: 0
05-30 08:23:39.358  1376  1376 I wificond: 2.4Ghz frequencies: 2412 2417 2422 2427 2432 2437 2442 2447 2452 2457 2462 2467 2472
05-30 08:23:39.358  1376  1376 I wificond: 5Ghz non-DFS frequencies: 5180 5200 5220 5240 5745 5765 5785 5805 5825 5845 5865
05-30 08:23:39.359  1376  1376 I wificond: 5Ghz DFS frequencies: 5260 5280 5300 5320 5500 5520 5540 5560 5580 5600 5620 5640 5660 5680 5700 5720
05-30 08:23:39.359  1376  1376 I wificond: 6Ghz frequencies:
05-30 08:23:39.359  1376  1376 I wificond: 60Ghz frequencies:
05-30 08:23:43.807  1376  1376 I wificond: Regulatory domain changed to country: IN on wiphy_index: 0
05-30 08:23:43.813  1376  1376 I wificond: 2.4Ghz frequencies: 2412 2417 2422 2427 2432 2437 2442 2447 2452 2457 2462 2467 2472
05-30 08:23:43.813  1376  1376 I wificond: 5Ghz non-DFS frequencies: 5180 5200 5220 5240 5745 5765 5785 5805 5825 5845 5865
05-30 08:23:43.813  1376  1376 I wificond: 5Ghz DFS frequencies: 5260 5280 5300 5320 5500 5520 5540 5560 5580 5600 5620 5640 5660 5680 5700 5720
05-30 08:23:43.813  1376  1376 I wificond: 6Ghz frequencies:
05-30 08:23:43.813  1376  1376 I wificond: 60Ghz frequencies:
05-30 08:23:45.437  1946  4291 D CompatibilityChangeReporter: Compat change id reported: 214016041; UID 10199; state: ENABLED
05-30 08:23:46.162   680 16026 I keystore2: keystore2::watchdog: Watchdog thread idle -> terminating. Have a great day.
05-30 08:23:46.558  1946  1946 V PowerManager: userActivity when=465973924 event=0 flags=0 by (android) callers=android.os.PowerManager.userActivity:1425 com.android.server.accessibility.AccessibilityInputFilter.handleMotionEvent:366 com.android.server.accessibility.AccessibilityInputFilter.processMotionEvent:342 
05-30 08:23:46.654  1946  1946 V PowerManager: userActivity when=465974020 event=0 flags=0 by (android) callers=android.os.PowerManager.userActivity:1425 com.android.server.accessibility.AccessibilityInputFilter.handleMotionEvent:366 com.android.server.accessibility.AccessibilityInputFilter.processMotionEvent:342 
05-30 08:23:47.697  1946  2053 I ActivityManager: appDiedLocked: app=ProcessRecord{5a19309 24434:com.android.systemui:screenshot/u0a243} thread=android.os.BinderProxy@72c6270 fromBinderDied=true isKilledByAm=false reason=null
05-30 08:23:47.698  1946  2053 I ActivityManager: Process com.android.systemui:screenshot (pid 24434) has died: cch+75 SVC 
05-30 08:23:47.704  1946  2053 W ActivityManager: Scheduling restart of crashed service com.android.systemui/com.motorola.systemui.screenshot.MotoTakeScreenshotService in 0ms for persistent
05-30 08:23:47.704  1946  2053 D RestartModeController: markWaitRestartAppIsSuicided null processName=com.android.systemui:screenshot
05-30 08:23:47.707  1946  2053 D ActivityTaskManager: handleAppDied: uid=10243,diedCount=1,lastDiedTime=462639424,forceStopUids=false
05-30 08:23:47.709  1946  2053 I ActivityManager: Killing 11206:com.whatsapp.w4b/u0a293 (adj 965, setSvc -10000): empty #13
05-30 08:23:47.711  1946  2053 I ActivityManager: Killing 12666:com.google.android.cellbroadcastreceiver/u0a271 (adj 965, setSvc -10000): empty #14
05-30 08:23:47.712  1946  2053 I ActivityManager: Killing 11252:com.beeper.android/u0a811 (adj 975, setSvc -10000): empty #15
05-30 08:23:47.713  1946  2053 I ActivityManager: Killing 11548:com.whatsapp/u0a295 (adj 975, setSvc -10000): empty #16
05-30 08:23:47.727  1946  2053 D ActivityManager: unfreezing ProcessRecord{b28371b 24754:com.motorola.carriersettingsext/u0a141}, reason = unfreezeTemporarily, adj = 995, adjType = cch-started-services, adjSource = null
05-30 08:23:47.731  1946  2053 D ActivityManager: sync unfroze 24754 com.motorola.carriersettingsext
05-30 08:23:47.732  1946  2053 D ActivityManager: unfreezing ProcessRecord{1cc8d5e 24843:com.motorola.android.fota/u0a228}, reason = unfreezeTemporarily, adj = 995, adjType = cch-started-services, adjSource = null
05-30 08:23:47.733  1946  2053 D ActivityManager: sync unfroze 24843 com.motorola.android.fota
05-30 08:23:47.733  1946  2053 D ActivityManager: unfreezing ProcessRecord{d1dd0a2 26617:.qtidataservices/u10a117}, reason = unfreezeTemporarily, adj = 985, adjType = cch-started-services, adjSource = null
05-30 08:23:47.735  1946  2053 D ActivityManager: sync unfroze 26617 .qtidataservices
05-30 08:23:47.736  1946  2053 D ActivityManager: unfreezing ProcessRecord{a1894c1 26078:com.motorola.ccc.ota/u0a228}, reason = unfreezeTemporarily, adj = 985, adjType = cch-started-services, adjSource = null
05-30 08:23:47.739  1946  2053 D ActivityManager: sync unfroze 26078 com.motorola.ccc.ota
05-30 08:23:47.781  1946  2130 D CompatibilityChangeReporter: Compat change id reported: 135634846; UID 10243; state: DISABLED
05-30 08:23:47.781  1946  2130 D CompatibilityChangeReporter: Compat change id reported: 177438394; UID 10243; state: DISABLED
05-30 08:23:47.781  1946  2130 D CompatibilityChangeReporter: Compat change id reported: 135772972; UID 10243; state: DISABLED
05-30 08:23:47.781  1946  2130 D CompatibilityChangeReporter: Compat change id reported: 135754954; UID 10243; state: ENABLED
05-30 08:23:47.782  1946  2131 D CompatibilityChangeReporter: Compat change id reported: 143937733; UID 10243; state: ENABLED
05-30 08:23:47.797  1946  2131 I ActivityManager: Start proc 16092:com.android.systemui:screenshot/u0a243 for service {com.android.systemui/com.motorola.systemui.screenshot.MotoTakeScreenshotService}
05-30 08:23:47.875  1946  4689 I ActivityManager: appDiedLocked: app=ProcessRecord{cf413cb 12666:com.google.android.cellbroadcastreceiver/u0a271} thread=android.os.BinderProxy@260010f fromBinderDied=true isKilledByAm=true reason=null
05-30 08:23:47.878  1946  4689 D RestartModeController: markWaitRestartAppIsSuicided null processName=com.google.android.cellbroadcastreceiver
05-30 08:23:47.879  1946  4689 D ActivityTaskManager: handleAppDied: uid=10271,diedCount=1,lastDiedTime=465771756,forceStopUids=false
05-30 08:23:47.879  1946  2109 D DisplayManagerService: Drop pending events for gone uid 10271
05-30 08:23:47.957  1946  2053 I ActivityManager: appDiedLocked: app=ProcessRecord{6d2940d 11252:com.beeper.android/u0a811} thread=android.os.BinderProxy@3cd359c fromBinderDied=true isKilledByAm=true reason=null
05-30 08:23:47.957  1946  2053 D RestartModeController: markWaitRestartAppIsSuicided null processName=com.beeper.android
05-30 08:23:47.958  1946  2109 D DisplayManagerService: Drop pending events for gone uid 10811
05-30 08:23:47.958  1946  2053 D ActivityTaskManager: handleAppDied: uid=10811,diedCount=1,lastDiedTime=465624227,forceStopUids=false
05-30 08:23:47.970  1946  4683 I ActivityManager: appDiedLocked: app=ProcessRecord{6888098 11206:com.whatsapp.w4b/u0a293} thread=android.os.BinderProxy@75d8ba5 fromBinderDied=true isKilledByAm=true reason=null
05-30 08:23:47.971  1946  4683 D RestartModeController: markWaitRestartAppIsSuicided null processName=com.whatsapp.w4b
05-30 08:23:47.971  1946  2109 D DisplayManagerService: Drop pending events for gone uid 10293
05-30 08:23:47.972  1946  4683 D ActivityTaskManager: handleAppDied: uid=10293,diedCount=1,lastDiedTime=465625373,forceStopUids=false
05-30 08:23:47.978  1946  4683 I ActivityManager: appDiedLocked: app=ProcessRecord{b5e04dc 11548:com.whatsapp/u0a295} thread=android.os.BinderProxy@9feeb7a fromBinderDied=true isKilledByAm=true reason=null
05-30 08:23:47.979  1946  4683 D RestartModeController: markWaitRestartAppIsSuicided null processName=com.whatsapp
05-30 08:23:47.980  1946  2109 D DisplayManagerService: Drop pending events for gone uid 10295
05-30 08:23:47.980  1946  4683 D ActivityTaskManager: handleAppDied: uid=10295,diedCount=1,lastDiedTime=465624734,forceStopUids=false
05-30 08:23:48.210  1946  2761 I ActivityManager: appDiedLocked: app=ProcessRecord{1cc8d5e 24843:com.motorola.android.fota/u0a228} thread=android.os.BinderProxy@7a59f2b fromBinderDied=true isKilledByAm=false reason=null
05-30 08:23:48.210  1946  2761 I ActivityManager: Process com.motorola.android.fota (pid 24843) has died: cch+75 SVC 
05-30 08:23:48.211  1946  2761 W ActivityManager: Scheduling restart of crashed service com.motorola.android.fota/.FotaController in 10000ms for start-requested
05-30 08:23:48.211  1946  2761 D RestartModeController: markWaitRestartAppIsSuicided null processName=com.motorola.android.fota
05-30 08:23:48.211  1946  2761 D ActivityTaskManager: handleAppDied: uid=10228,diedCount=1,lastDiedTime=462744775,forceStopUids=false
05-30 08:23:48.608  1946  4683 I ActivityManager: Killing 16054:com.android.chrome:sandboxed_process0:org.chromium.content.app.SandboxedProcessService0:1/u0a199i-8999 (adj 0, setSvc -10000): isolated not needed
05-30 08:23:48.654  1946  4683 I ActivityManager: appDiedLocked: app=ProcessRecord{bc3c761 16054:com.android.chrome:sandboxed_process0:org.chromium.content.app.SandboxedProcessService0:1/u0a199i-8999} thread=android.os.BinderProxy@1ca0f0b fromBinderDied=true isKilledByAm=true reason=null
05-30 08:23:48.654  1946  4683 D ActivityTaskManager: handleAppDied: uid=90001,diedCount=1,lastDiedTime=462533027,forceStopUids=false
05-30 08:23:48.660  1946  2109 D DisplayManagerService: Drop pending events for gone uid 90001
05-30 08:23:48.786  1946  4683 D CompatibilityChangeReporter: Compat change id reported: 194532703; UID 10199; state: ENABLED
05-30 08:23:49.248  1946  4689 I ActivityManager: appDiedLocked: app=ProcessRecord{b28371b 24754:com.motorola.carriersettingsext/u0a141} thread=android.os.BinderProxy@dc9a23a fromBinderDied=true isKilledByAm=false reason=null
05-30 08:23:49.249  1946  4689 I ActivityManager: Process com.motorola.carriersettingsext (pid 24754) has died: cch+75 SVC 
05-30 08:23:49.250  1946  4689 W ActivityManager: Scheduling restart of crashed service com.motorola.carriersettingsext/.dataroaming.DataRoamingPhoneStateService in 28961ms for start-requested
05-30 08:23:49.250  1946  4689 D RestartModeController: markWaitRestartAppIsSuicided null processName=com.motorola.carriersettingsext
05-30 08:23:49.251  1946  4689 D ActivityTaskManager: handleAppDied: uid=10141,diedCount=1,lastDiedTime=462517739,forceStopUids=false
05-30 08:23:49.253  1946  2109 D DisplayManagerService: Drop pending events for gone uid 10141
05-30 08:23:49.265  1946  2128 W ActivityManager: Rescheduling restart of crashed service com.motorola.android.fota/.FotaController in 28946ms for mem-pressure-event
05-30 08:23:49.265  1946  2128 W ActivityManager: Rescheduling restart of crashed service com.motorola.carriersettingsext/.dataroaming.DataRoamingPhoneStateService in 68946ms for mem-pressure-event
05-30 08:23:49.529  1946  4689 D CompatibilityChangeReporter: Compat change id reported: 161145287; UID 10243; state: DISABLED
05-30 08:23:49.714  1946  2128 W ActivityManager: Rescheduling restart of crashed service com.motorola.android.fota/.FotaController in 8498ms for mem-pressure-event
05-30 08:23:49.714  1946  2128 W ActivityManager: Rescheduling restart of crashed service com.motorola.carriersettingsext/.dataroaming.DataRoamingPhoneStateService in 28498ms for mem-pressure-event
05-30 08:23:49.963  1946  1946 V PowerManager: userActivity when=465977329 event=0 flags=0 by (android) callers=android.os.PowerManager.userActivity:1425 com.android.server.accessibility.AccessibilityInputFilter.handleMotionEvent:366 com.android.server.accessibility.AccessibilityInputFilter.processMotionEvent:342 
05-30 08:23:50.138  1946  1946 V PowerManager: userActivity when=465977494 event=0 flags=0 by (android) callers=android.os.PowerManager.userActivity:1425 com.android.server.accessibility.AccessibilityInputFilter.handleMotionEvent:366 com.android.server.accessibility.AccessibilityInputFilter.processMotionEvent:342 
05-30 08:23:50.324  1946  2058 I ActivityManager: appDiedLocked: app=ProcessRecord{d1dd0a2 26617:.qtidataservices/u10a117} thread=android.os.BinderProxy@1874aec fromBinderDied=true isKilledByAm=false reason=null
05-30 08:23:50.324  1946  2058 I ActivityManager: Process .qtidataservices (pid 26617) has died: cch+65 SVC 
05-30 08:23:50.336  1946  2058 W ActivityManager: Scheduling restart of crashed service vendor.qti.hardware.cacert.server/.CACertService in 47875ms for start-requested
05-30 08:23:50.336  1946  2058 D RestartModeController: markWaitRestartAppIsSuicided null processName=.qtidataservices
05-30 08:23:50.337  1946  2109 D DisplayManagerService: Drop pending events for gone uid 1010117
05-30 08:23:50.382  1946  2058 D ActivityTaskManager: handleAppDied: uid=1010117,diedCount=1,lastDiedTime=462802530,forceStopUids=false
05-30 08:23:50.497  1946  2111 V WindowManager: Unknown focus tokens, dropping reportFocusChanged
05-30 08:23:50.574  1946  1946 W AccessibilityManagerService:  wait for adding window timeout: 9616
05-30 08:23:50.697  1946  1946 V PowerManager: userActivity when=465978063 event=0 flags=0 by (android) callers=android.os.PowerManager.userActivity:1425 com.android.server.accessibility.AccessibilityInputFilter.handleMotionEvent:366 com.android.server.accessibility.AccessibilityInputFilter.processMotionEvent:342 
05-30 08:23:50.706  1946  2761 I ActivityManager: appDiedLocked: app=ProcessRecord{a1894c1 26078:com.motorola.ccc.ota/u0a228} thread=android.os.BinderProxy@abfcac6 fromBinderDied=true isKilledByAm=false reason=null
05-30 08:23:50.706  1946  2761 I ActivityManager: Process com.motorola.ccc.ota (pid 26078) has died: cch+65 SVC 
05-30 08:23:50.707  1946  2761 W ActivityManager: Scheduling restart of crashed service com.motorola.ccc.ota/.env.OtaService in 57504ms for start-requested
05-30 08:23:50.707  1946  2761 D RestartModeController: markWaitRestartAppIsSuicided null processName=com.motorola.ccc.ota
05-30 08:23:50.707  1946  2761 D ActivityTaskManager: handleAppDied: uid=10228,diedCount=1,lastDiedTime=465975578,forceStopUids=false
05-30 08:23:50.801  1946  2128 W ActivityManager: Rescheduling restart of crashed service com.motorola.android.fota/.FotaController in 0ms for mem-pressure-event
05-30 08:23:50.801  1946  2128 W ActivityManager: Rescheduling restart of crashed service com.motorola.carriersettingsext/.dataroaming.DataRoamingPhoneStateService in 0ms for mem-pressure-event
05-30 08:23:50.802  1946  2128 W ActivityManager: Rescheduling restart of crashed service com.motorola.ccc.ota/.env.OtaService in 57410ms for mem-pressure-event
05-30 08:23:50.805  1946  1946 V PowerManager: userActivity when=465978170 event=0 flags=0 by (android) callers=android.os.PowerManager.userActivity:1425 com.android.server.accessibility.AccessibilityInputFilter.handleMotionEvent:366 com.android.server.accessibility.AccessibilityInputFilter.processMotionEvent:342 
05-30 08:23:50.806  1946  2130 D CompatibilityChangeReporter: Compat change id reported: 135634846; UID 10228; state: DISABLED
05-30 08:23:50.807  1946  2130 D CompatibilityChangeReporter: Compat change id reported: 177438394; UID 10228; state: DISABLED
05-30 08:23:50.807  1946  2130 D CompatibilityChangeReporter: Compat change id reported: 135772972; UID 10228; state: DISABLED
05-30 08:23:50.807  1946  2130 D CompatibilityChangeReporter: Compat change id reported: 135754954; UID 10228; state: ENABLED
05-30 08:23:50.807  1946  2131 D CompatibilityChangeReporter: Compat change id reported: 143937733; UID 10228; state: ENABLED
05-30 08:23:50.815  1946  2130 D CompatibilityChangeReporter: Compat change id reported: 135634846; UID 10141; state: DISABLED
05-30 08:23:50.815  1946  2130 D CompatibilityChangeReporter: Compat change id reported: 177438394; UID 10141; state: DISABLED
05-30 08:23:50.815  1946  2130 D CompatibilityChangeReporter: Compat change id reported: 135772972; UID 10141; state: DISABLED
05-30 08:23:50.815  1946  2130 D CompatibilityChangeReporter: Compat change id reported: 135754954; UID 10141; state: ENABLED
05-30 08:23:50.825  1946  2131 I ActivityManager: Start proc 16146:com.motorola.android.fota/u0a228 for service {com.motorola.android.fota/com.motorola.android.fota.FotaController}
05-30 08:23:50.826  1946  2131 D CompatibilityChangeReporter: Compat change id reported: 143937733; UID 10141; state: ENABLED
05-30 08:23:50.829  1946  2761 D CoreBackPreview: Window{f6dd27b u0 com.android.chrome/org.chromium.chrome.browser.customtabs.CustomTabActivity}: Setting back callback OnBackInvokedCallbackInfo{mCallback=android.window.IOnBackInvokedCallback$Stub$Proxy@755937f, mPriority=-1}
05-30 08:23:50.841  1946  2131 I ActivityManager: Start proc 16148:com.motorola.carriersettingsext/u0a141 for service {com.motorola.carriersettingsext/com.motorola.carriersettingsext.dataroaming.DataRoamingPhoneStateService}
