05-30 08:22:54.935  2655  2655 V TrustManager: clearAllBiometricRecognized unlockedUser=0 source=FINGERPRINT callers=com.android.keyguard.KeyguardUpdateMonitor.clearBiometricRecognized:20 com.android.systemui.keyguard.KeyguardViewMediator.handleKeyguardDone:68 com.android.systemui.keyguard.KeyguardViewMediator.tryKeyguardDone:50 com.android.keyguard.KeyguardPINView$$ExternalSyntheticLambda2.run:380 com.android.systemui.statusbar.phone.StatusBarKeyguardViewManager.startPreHideAnimation:110 
05-30 08:22:54.936  2655  2655 V TrustManager: clearAllBiometricRecognized unlockedUser=0 source=FACE callers=com.android.keyguard.KeyguardUpdateMonitor.clearBiometricRecognized:27 com.android.systemui.keyguard.KeyguardViewMediator.handleKeyguardDone:68 com.android.systemui.keyguard.KeyguardViewMediator.tryKeyguardDone:50 com.android.keyguard.KeyguardPINView$$ExternalSyntheticLambda2.run:380 com.android.systemui.statusbar.phone.StatusBarKeyguardViewManager.startPreHideAnimation:110 
05-30 08:22:54.942   680  9901 I keystore2: keystore2::super_key: In try_unlock_user_with_biometric: Successfully unlocked with biometric
05-30 08:22:54.947  1946  1946 D TrustManagerService: refreshDeviceLockedForUser(userId=-1, unlockedUser=0), secure=true, showingKeyguard=true, trusted=false, biometricAuthenticated=false, currentUserIsUnlocked=true, deviceLocked=true
05-30 08:22:54.947  1946  1946 D TrustManagerService: Keyguard is finishing but may not have completed going away yet
05-30 08:22:54.947  1946  1946 D TrustManagerService: refreshDeviceLockedForUser(userId=-1, unlockedUser=0), secure=true, showingKeyguard=true, trusted=false, biometricAuthenticated=false, currentUserIsUnlocked=true, deviceLocked=true
05-30 08:22:54.947  1946  1946 D TrustManagerService: Keyguard is finishing but may not have completed going away yet
05-30 08:22:54.986 30911 30911 D VRI[SolidExplorer]: update {(0,0)(fillxfill) sim={adjust=resize forwardNavigation} ty=BASE_APPLICATION wanim=0x10302fd
05-30 08:22:54.986 30911 30911 D VRI[SolidExplorer]:   fl=LAYOUT_IN_SCREEN LAYOUT_INSET_DECOR SPLIT_TOUCH HARDWARE_ACCELERATED DRAWS_SYSTEM_BAR_BACKGROUNDS
05-30 08:22:54.986 30911 30911 D VRI[SolidExplorer]:   pfl=NO_MOVE_ANIMATION FORCE_DRAW_STATUS_BAR_BACKGROUND USE_BLAST FIT_INSETS_CONTROLLED
05-30 08:22:54.986 30911 30911 D VRI[SolidExplorer]:   vsysui=LAYOUT_STABLE LAYOUT_FULLSCREEN
05-30 08:22:54.986 30911 30911 D VRI[SolidExplorer]:   bhv=DEFAULT
05-30 08:22:54.986 30911 30911 D VRI[SolidExplorer]:   fitSides=} by setLayoutParams
05-30 08:22:54.993  1946  3163 I ActivityManager: appDiedLocked: app=ProcessRecord{6023053 11846:com.google.android.apps.wellbeing/u0a140} thread=android.os.BinderProxy@9ccf3c2 fromBinderDied=true isKilledByAm=true reason=null
05-30 08:22:54.993  1946  3163 W ActivityManager: Scheduling restart of crashed service com.google.android.apps.wellbeing/.screen.ui.GrayscaleTileService in 1000ms for connection
05-30 08:22:54.993  1946  3163 D RestartModeController: markWaitRestartAppIsSuicided null processName=com.google.android.apps.wellbeing
05-30 08:22:54.994  1946  3163 D ActivityTaskManager: handleAppDied: uid=10140,diedCount=1,lastDiedTime=465819579,forceStopUids=false
05-30 08:22:54.995  1946  2109 D DisplayManagerService: Drop pending events for gone uid 10140
05-30 08:22:55.066  2655  2655 D VRI[NotificationShade]: update {(0,0)(fillxfill) gr=TOP CENTER_VERTICAL sim={adjust=resize} layoutInDisplayCutoutMode=always ty=2040 fmt=TRANSLUCENT or=SCREEN_ORIENTATION_NOSENSOR if=INPUT_FEATURE_DISABLE_USER_ACTIVITY userActivityTimeout=10000
05-30 08:22:55.066  2655  2655 D VRI[NotificationShade]:   fl=TOUCHABLE_WHEN_WAKING SECURE WATCH_OUTSIDE_TOUCH SHOW_WALLPAPER SPLIT_TOUCH HARDWARE_ACCELERATED DRAWS_SYSTEM_BAR_BACKGROUNDS
05-30 08:22:55.066  2655  2655 D VRI[NotificationShade]:   pfl=STATUS_FORCE_SHOW_NAVIGATION BEHAVIOR_CONTROLLED FIT_INSETS_CONTROLLED
05-30 08:22:55.066  2655  2655 D VRI[NotificationShade]:   bhv=SHOW_TRANSIENT_BARS_BY_SWIPE} by setLayoutParams
05-30 08:22:55.071  1946  2130 W BroadcastQueue: Permission Denial: broadcasting Intent { act=com.motorola.UNLOCK_SUCCESS flg=0x11000010 } from com.android.systemui (pid=2655, uid=10243) to com.motorola.motocare/.events.devicelockstats.DeviceLockStatsReceiver requires com.motorola.motocare.ACCESS_MOTOCARE
05-30 08:22:55.086  2655  2655 D VRI[NavigationBar0]: update {(0,0)(fillx0) gr=BOTTOM CENTER_VERTICAL layoutInDisplayCutoutMode=always ty=NAVIGATION_BAR fmt=TRANSLUCENT
05-30 08:22:55.086  2655  2655 D VRI[NavigationBar0]:   fl=NOT_FOCUSABLE NOT_TOUCH_MODAL TOUCHABLE_WHEN_WAKING WATCH_OUTSIDE_TOUCH SPLIT_TOUCH
05-30 08:22:55.086  2655  2655 D VRI[NavigationBar0]:   pfl=LAYOUT_SIZE_EXTENDED_BY_CUTOUT COLOR_SPACE_AGNOSTIC FIT_INSETS_CONTROLLED TRUSTED_OVERLAY
05-30 08:22:55.086  2655  2655 D VRI[NavigationBar0]:   bhv=DEFAULT
05-30 08:22:55.086  2655  2655 D VRI[NavigationBar0]:  providedInsets=InsetsFrameProvider: {type=ITYPE_NAVIGATION_BAR, source=SOURCE_FRAME, insetsSize=Insets{left=0, top=0, right=0, bottom=0}}
05-30 08:22:55.086  2655  2655 D VRI[NavigationBar0]:   paramsForRotation={(0,0)(fillx0) gr=BOTTOM CENTER_VERTICAL layoutInDisplayCutoutMode=always ty=NAVIGATION_BAR fmt=TRANSLUCENT
05-30 08:22:55.086  2655  2655 D VRI[NavigationBar0]:   fl=NOT_FOCUSABLE NOT_TOUCH_MODAL TOUCHABLE_WHEN_WAKING WATCH_OUTSIDE_TOUCH SPLIT_TOUCH FLAG_SLIPPERY
05-30 08:22:55.086  2655  2655 D VRI[NavigationBar0]:   pfl=LAYOUT_SIZE_EXTENDED_BY_CUTOUT COLOR_SPACE_AGNOSTIC FIT_INSETS_CONTROLLED TRUSTED_OVERLAY
05-30 08:22:55.086  2655  2655 D VRI[NavigationBar0]:   bhv=DEFAULT
05-30 08:22:55.086  2655  2655 D VRI[NavigationBar0]:  providedInsets=InsetsFrameProvider: {type=ITYPE_NAVIGATION_BAR, source=SOURCE_FRAME, insetsSize=Insets{left=0, top=0, right=0, bottom=0}}} {(0,0)(fillx0) gr=BOTTOM CENTER_VERTICAL layoutInDisplayCutoutMode=always ty=NAVIGATION_BAR fmt=TRANSLUCENT
05-30 08:22:55.086  2655  2655 D VRI[NavigationBar0]:   fl=NOT_FOCUSABLE NOT_TOUCH_MODAL TOUCHABLE_WHEN_WAKING WATCH_OUTSIDE_TOUCH SPLIT_TOUCH FLAG_SLIPPERY
05-30 08:22:55.086  2655  2655 D VRI[NavigationBar0]:   pfl=LAYOUT_SIZE_EXTENDED_BY_CUTOUT COLOR_SPACE_AGNOSTIC FIT_INSETS_CONTROLLED TRUSTED_OVERLAY
05-30 08:22:55.086  2655  2655 D VRI[NavigationBar0]:   bhv=DEFAULT
05-30 08:22:55.086  2655  2655 D VRI[NavigationBar0]:  providedInsets=InsetsFrameProvider: {type=ITYPE_NAVIGATION_BAR, source=SOURCE_FRAME, insetsSize=Insets{left=0, top=0, right=0, bottom=0}}} {(0,0)(fillx0) gr=BOTTOM CENTER_VERTICAL layoutInDisplayCutoutMode=always ty=NAVIGATION_BAR fmt=TRANSLUCENT
05-30 08:22:55.086  2655  2655 D VRI[NavigationBar0]:   fl=NOT_FOCUSABLE NOT_TOUCH_MODAL TOUCHABLE_WHEN_WAKING WATCH_OUTSIDE_TOUCH SPLIT_TOUCH FLAG_SLIPPERY
05-30 08:22:55.086  2655  2655 D VRI[NavigationBar0]:   pfl=LAYOUT_SIZE_EXTENDED_BY_CUTOUT COLOR_SPACE_AGNOSTIC FIT_INSETS_CONTROLLED TRUSTED_OVERLAY
05-30 08:22:55.086  2655  2655 D VRI[NavigationBar0]:   bhv=DEFAULT
05-30 08:22:55.086  2655  2655 D VRI[NavigationBar0]:  providedInsets=InsetsFrameProvider: {type=ITYPE_NAVIGATION_BAR, source=SOURCE_FRAME, insetsSize=Insets{left=0, top=0, right=0, bottom=0}}} {(0,0)(fillx0) gr=BOTTOM CENTER_VERTICAL layoutInDisplayCutoutMode=always ty=NAVIGATION_BAR fmt=TRANSLUCENT
05-30 08:22:55.086  2655  2655 D VRI[NavigationBar0]:   fl=NOT_FOCUSABLE NOT_TOUCH_MODAL TOUCHABLE_WHEN_WAKING WATCH_OUTSIDE_TOUCH SPLIT_TOUCH FLAG_SLIPPERY
05-30 08:22:55.086  2655  2655 D VRI[NavigationBar0]:   pfl=LAYOUT_SIZE_EXTENDED_BY_CUTOUT COLOR_SPACE_AGNOSTIC FIT_INSETS_CONTROLLED TRUSTED_OVERLAY
05-30 08:22:55.086  2655  2655 D VRI[NavigationBar0]:   bhv=DEFAULT
05-30 08:22:55.086  2655  2655 D VRI[NavigationBar0]:  providedInsets=InsetsFrameProvider: {type=ITYPE_NAVIGATION_BAR, source=SOURCE_FRAME, insetsSize=Insets{left=0, top=0, right=0, bottom=0}}}} by setLayoutParams
05-30 08:22:55.095  2655  2655 V PowerManager: userActivity when=465922457 event=0 flags=0 by (com.android.systemui) callers=android.os.PowerManager.userActivity:1425 com.android.systemui.keyguard.KeyguardViewMediator.userActivity:50 com.android.systemui.keyguard.KeyguardViewMediator$4.userActivity:2 
05-30 08:22:55.102  2655  2655 D VRI[NotificationShade]: update {(0,0)(fillxfill) gr=TOP CENTER_VERTICAL sim={adjust=resize} layoutInDisplayCutoutMode=always ty=2040 fmt=TRANSLUCENT or=SCREEN_ORIENTATION_NOSENSOR
05-30 08:22:55.102  2655  2655 D VRI[NotificationShade]:   fl=TOUCHABLE_WHEN_WAKING SECURE WATCH_OUTSIDE_TOUCH SHOW_WALLPAPER SPLIT_TOUCH HARDWARE_ACCELERATED DRAWS_SYSTEM_BAR_BACKGROUNDS
05-30 08:22:55.102  2655  2655 D VRI[NotificationShade]:   pfl=STATUS_FORCE_SHOW_NAVIGATION BEHAVIOR_CONTROLLED FIT_INSETS_CONTROLLED
05-30 08:22:55.102  2655  2655 D VRI[NotificationShade]:   bhv=SHOW_TRANSIENT_BARS_BY_SWIPE} by setLayoutParams
05-30 08:22:55.116  2655  2655 D VRI[NotificationShade]: update {(0,0)(fillxfill) gr=TOP CENTER_VERTICAL sim={adjust=resize} layoutInDisplayCutoutMode=always ty=2040 fmt=TRANSLUCENT or=SCREEN_ORIENTATION_NOSENSOR
05-30 08:22:55.116  2655  2655 D VRI[NotificationShade]:   fl=TOUCHABLE_WHEN_WAKING WATCH_OUTSIDE_TOUCH SHOW_WALLPAPER SPLIT_TOUCH HARDWARE_ACCELERATED DRAWS_SYSTEM_BAR_BACKGROUNDS
05-30 08:22:55.116  2655  2655 D VRI[NotificationShade]:   pfl=BEHAVIOR_CONTROLLED FIT_INSETS_CONTROLLED
05-30 08:22:55.116  2655  2655 D VRI[NotificationShade]:   bhv=SHOW_TRANSIENT_BARS_BY_SWIPE} by setLayoutParams
05-30 08:22:55.128  2655  2655 D VRI[NotificationShade]: update {(0,0)(fillxfill) gr=TOP CENTER_VERTICAL sim={adjust=resize} layoutInDisplayCutoutMode=always ty=2040 fmt=TRANSLUCENT
05-30 08:22:55.128  2655  2655 D VRI[NotificationShade]:   fl=NOT_FOCUSABLE TOUCHABLE_WHEN_WAKING WATCH_OUTSIDE_TOUCH SHOW_WALLPAPER SPLIT_TOUCH HARDWARE_ACCELERATED DRAWS_SYSTEM_BAR_BACKGROUNDS
05-30 08:22:55.128  2655  2655 D VRI[NotificationShade]:   pfl=BEHAVIOR_CONTROLLED FIT_INSETS_CONTROLLED
05-30 08:22:55.128  2655  2655 D VRI[NotificationShade]:   bhv=SHOW_TRANSIENT_BARS_BY_SWIPE} by setLayoutParams
05-30 08:22:55.130  1946  1946 D TrustManagerService: refreshDeviceLockedForUser(userId=0, unlockedUser=-10000), secure=true, showingKeyguard=false, trusted=false, biometricAuthenticated=false, currentUserIsUnlocked=false, deviceLocked=false
05-30 08:22:55.130  1946  4684 D CompatibilityChangeReporter: Compat change id reported: 161252188; UID 10292; state: DISABLED
05-30 08:22:55.131  1946  4684 D CompatibilityChangeReporter: Compat change id reported: 135634846; UID 10292; state: DISABLED
05-30 08:22:55.131  1946  4684 D CompatibilityChangeReporter: Compat change id reported: 177438394; UID 10292; state: DISABLED
05-30 08:22:55.131  1946  4684 D CompatibilityChangeReporter: Compat change id reported: 135772972; UID 10292; state: DISABLED
05-30 08:22:55.131  1946  4684 D CompatibilityChangeReporter: Compat change id reported: 135754954; UID 10292; state: ENABLED
05-30 08:22:55.131  1946  2131 D CompatibilityChangeReporter: Compat change id reported: 143937733; UID 10292; state: ENABLED
05-30 08:22:55.133  1946  2130 W BroadcastQueue: Permission Denial: broadcasting Intent { act=com.motorola.UNLOCK_SUCCESS flg=0x11000010 } from com.android.systemui (pid=2655, uid=10243) to com.motorola.motocare/.events.devicelockstats.DeviceLockStatsReceiver requires com.motorola.motocare.ACCESS_MOTOCARE
05-30 08:22:55.136  1946  2111 D TouchHwService: onKeyguardStateChanged.. isShowing=false
05-30 08:22:55.142  1946  2130 W BroadcastQueue: Exported Denial: sending Intent { act=android.intent.action.USER_PRESENT flg=0x24200010 }, action: android.intent.action.USER_PRESENT from com.android.systemui (uid=10243) due to receiver ProcessRecord{4f2d9ba 4888:com.androxus.touchthenotch/u0a468} (uid 10468) not specifying RECEIVER_EXPORTED
05-30 08:22:55.142  1946  2130 W BroadcastQueue: Exported Denial: sending Intent { act=android.intent.action.USER_PRESENT flg=0x24200010 }, action: android.intent.action.USER_PRESENT from com.android.systemui (uid=10243) due to receiver ProcessRecord{4f2d9ba 4888:com.androxus.touchthenotch/u0a468} (uid 10468) not specifying RECEIVER_EXPORTED
05-30 08:22:55.144  1946  2130 W BroadcastQueue: Background execution not allowed: receiving Intent { act=android.intent.action.USER_PRESENT flg=0x24200010 } to com.google.android.gms/.auth.setup.devicesignals.LockScreenReceiver
05-30 08:22:55.144  1946  2130 W BroadcastQueue: Background execution not allowed: receiving Intent { act=android.intent.action.USER_PRESENT flg=0x24200010 } to com.google.android.gms/.chimera.GmsIntentOperationService$PersistentTrustedReceiver
05-30 08:22:55.144  1946  2130 W BroadcastQueue: Background execution not allowed: receiving Intent { act=android.intent.action.USER_PRESENT flg=0x24200010 } to com.facebook.lite/com.facebook.rti.push.service.MqttSystemBroadcastReceiver
05-30 08:22:55.144  1946  2130 W BroadcastQueue: Background execution not allowed: receiving Intent { act=android.intent.action.USER_PRESENT flg=0x24200010 } to com.instagram.android/com.instagram.push.FbnsInitBroadcastReceiver
05-30 08:22:55.144  1946  2130 W BroadcastQueue: Background execution not allowed: receiving Intent { act=android.intent.action.USER_PRESENT flg=0x24200010 } to com.mathrubhumi.calendar2019/.widget.CalendarWidget
05-30 08:22:55.144  1946  2130 W BroadcastQueue: Background execution not allowed: receiving Intent { act=android.intent.action.USER_PRESENT flg=0x24200010 } to com.talker.acr/.service.OnBoot
05-30 08:22:55.144  1946  2130 W BroadcastQueue: Background execution not allowed: receiving Intent { act=android.intent.action.USER_PRESENT flg=0x24200010 } to com.talker.acr.helper/com.talker.acr.service.OnBoot
05-30 08:22:55.144  1946  2130 W BroadcastQueue: Permission Denial: broadcasting Intent { act=android.intent.action.USER_PRESENT flg=0x24200010 } from com.android.systemui (pid=2655, uid=10243) to com.truecaller/.util.ScreenUnlockedBroadcastReceiver is not exported from uid 11200
05-30 08:22:55.145  1946  2108 E UsbDeviceManager: Calling Update secure attr with /sys/class/android_usb/android0/secure value = false
05-30 08:22:55.145  1946  2108 E UsbDeviceManager: Actually updating secure attr with false
05-30 08:22:55.158  1946  2130 W BroadcastQueue: Background execution not allowed: receiving Intent { act=android.intent.action.USER_PRESENT flg=0x24200010 } to com.google.android.gms/.chimera.GmsIntentOperationService$PersistentTrustedReceiver
05-30 08:22:55.160  1946 15083 V TrustManager: setDeviceLockedForUser userId=10 locked=true callers=com.motorola.server.security.securevault.SecureVault.lockSecureVaultProfile:1223 com.motorola.server.security.securevault.SecureVault.handleSecureVaultReceiver:1565 com.motorola.server.security.securevault.SecureVault.-$$Nest$mhandleSecureVaultReceiver:0 com.motorola.server.security.securevault.SecureVault$SecureVaultReceiver.lambda$onReceive$0:1661 com.motorola.server.security.securevault.SecureVault$SecureVaultReceiver.$r8$lambda$2Gn8CNKZOHPpn1e898uFyV28zKc:0 
05-30 08:22:55.170  1946  2108 E UsbDeviceManager: Set USB secure = false by /sys/class/android_usb/android0/secure
05-30 08:22:55.171  1946 15083 D BiometricService: Sensor ID(0), oemStrength: 15, updatedStrength: 15, modality 2, state: 4, cookie: 420021507, sensorId 0, hasEnrollments: false cannot participate in Keystore operations
05-30 08:22:55.171  1946 15083 D BiometricService: Sensor ID(1008), oemStrength: 4095, updatedStrength: 4095, modality 8, state: 0, cookie: 0, sensorId 1008, hasEnrollments: false cannot participate in Keystore operations
05-30 08:22:55.175   680  9901 I keystore2: keystore2::authorization: on_lock_screen_event(LockScreenEvent(1), user_id=10, password.is_some()=false, unlocking_sids=Some([]))
05-30 08:22:55.175   680  9901 I keystore2: keystore2::super_key: Locking screen bound for user 10 sids []
05-30 08:22:55.178  1946  2131 I ActivityManager: Start proc 15087:com.asdoi.quicktiles/u0a292 for service {com.asdoi.quicktiles/com.flxholle.quicktiles.tiles.AdaptiveBrightnessTileService}
05-30 08:22:55.184  1946  2763 W JobScheduler: Job didn't exist in JobStore: 8e14a1f #u0a137/10723 com.android.vending/com.google.android.finsky.scheduler.process.backgroundimpl.PhoneskyJobServiceBackground
05-30 08:22:55.188  1946  2130 W BroadcastQueue: Exported Denial: sending Intent { act=android.intent.action.USER_PRESENT flg=0x24200010 }, action: android.intent.action.USER_PRESENT from com.android.systemui (uid=10243) due to receiver ProcessRecord{4f2d9ba 4888:com.androxus.touchthenotch/u0a468} (uid 10468) not specifying RECEIVER_EXPORTED
05-30 08:22:55.189  1946  2130 W BroadcastQueue: Exported Denial: sending Intent { act=android.intent.action.USER_PRESENT flg=0x24200010 }, action: android.intent.action.USER_PRESENT from com.android.systemui (uid=10243) due to receiver ProcessRecord{4f2d9ba 4888:com.androxus.touchthenotch/u0a468} (uid 10468) not specifying RECEIVER_EXPORTED
05-30 08:22:55.190  1946  2130 W BroadcastQueue: Background execution not allowed: receiving Intent { act=android.intent.action.USER_PRESENT flg=0x24200010 } to com.google.android.gms/.auth.setup.devicesignals.LockScreenReceiver
05-30 08:22:55.190  1946  2130 W BroadcastQueue: Background execution not allowed: receiving Intent { act=android.intent.action.USER_PRESENT flg=0x24200010 } to com.google.android.gms/.chimera.GmsIntentOperationService$PersistentTrustedReceiver
05-30 08:22:55.190  1946  2130 W BroadcastQueue: Background execution not allowed: receiving Intent { act=android.intent.action.USER_PRESENT flg=0x24200010 } to com.facebook.lite/com.facebook.rti.push.service.MqttSystemBroadcastReceiver
05-30 08:22:55.190  1946  2130 W BroadcastQueue: Background execution not allowed: receiving Intent { act=android.intent.action.USER_PRESENT flg=0x24200010 } to com.instagram.android/com.instagram.push.FbnsInitBroadcastReceiver
05-30 08:22:55.190  1946  2130 W BroadcastQueue: Background execution not allowed: receiving Intent { act=android.intent.action.USER_PRESENT flg=0x24200010 } to com.mathrubhumi.calendar2019/.widget.CalendarWidget
05-30 08:22:55.190  1946  2130 W BroadcastQueue: Background execution not allowed: receiving Intent { act=android.intent.action.USER_PRESENT flg=0x24200010 } to com.talker.acr/.service.OnBoot
05-30 08:22:55.191  1946  2130 W BroadcastQueue: Background execution not allowed: receiving Intent { act=android.intent.action.USER_PRESENT flg=0x24200010 } to com.talker.acr.helper/com.talker.acr.service.OnBoot
05-30 08:22:55.191  1946  2130 W BroadcastQueue: Permission Denial: broadcasting Intent { act=android.intent.action.USER_PRESENT flg=0x24200010 } from com.android.systemui (pid=2655, uid=10243) to com.truecaller/.util.ScreenUnlockedBroadcastReceiver is not exported from uid 11200
05-30 08:22:55.193  1946  2130 W BroadcastQueue: Background execution not allowed: receiving Intent { act=android.intent.action.USER_PRESENT flg=0x24200010 } to com.google.android.gms/.chimera.GmsIntentOperationService$PersistentTrustedReceiver
05-30 08:22:55.197  1946  2058 D CompatibilityChangeReporter: Compat change id reported: 135634846; UID 10093; state: DISABLED
05-30 08:22:55.198  1946  2058 D CompatibilityChangeReporter: Compat change id reported: 177438394; UID 10093; state: DISABLED
05-30 08:22:55.198  1946  2058 D CompatibilityChangeReporter: Compat change id reported: 135772972; UID 10093; state: DISABLED
05-30 08:22:55.198  1946  2058 D CompatibilityChangeReporter: Compat change id reported: 135754954; UID 10093; state: ENABLED
05-30 08:22:55.199  1946  2131 D CompatibilityChangeReporter: Compat change id reported: 143937733; UID 10093; state: ENABLED
05-30 08:22:55.235  1946  2588 D CompatibilityChangeReporter: Compat change id reported: 194532703; UID 10137; state: ENABLED
05-30 08:22:55.238  1946  4681 D CompatibilityChangeReporter: Compat change id reported: 168419799; UID 10292; state: DISABLED
05-30 08:22:55.251  1946  3163 D CompatibilityChangeReporter: Compat change id reported: 319212206; UID 10137; state: ENABLED
05-30 08:22:55.285  1946  2131 W ActivityManager: Slow operation: 87ms so far, now at startProcess: done updating battery stats
05-30 08:22:55.288  1946  2131 W ActivityManager: Slow operation: 90ms so far, now at startProcess: building log message
05-30 08:22:55.288  1946  2131 I ActivityManager: Start proc 15108:com.android.providers.calendar/u0a93 for content provider {com.android.providers.calendar/com.android.providers.calendar.CalendarProvider2}
05-30 08:22:55.288  1946  2131 W ActivityManager: Slow operation: 90ms so far, now at startProcess: starting to update pids map
05-30 08:22:55.288  1946  2131 W ActivityManager: Slow operation: 91ms so far, now at startProcess: done updating pids map
05-30 08:22:55.298  1946  3227 D CompatibilityChangeReporter: Compat change id reported: 168419799; UID 10093; state: DISABLED
05-30 08:22:55.384  1946  2588 D CompatibilityChangeReporter: Compat change id reported: 161145287; UID 10093; state: DISABLED
05-30 08:22:55.441  1946  3264 D IntervalStats: Unable to parse usage stats packages: [5282, 5300]
05-30 08:22:55.442  2655  2655 D VRI[NotificationShade]: update {(0,0)(fillxfill) gr=TOP CENTER_VERTICAL sim={adjust=resize} layoutInDisplayCutoutMode=always ty=2040 fmt=TRANSLUCENT
05-30 08:22:55.442  2655  2655 D VRI[NotificationShade]:   fl=NOT_FOCUSABLE TOUCHABLE_WHEN_WAKING WATCH_OUTSIDE_TOUCH SPLIT_TOUCH HARDWARE_ACCELERATED DRAWS_SYSTEM_BAR_BACKGROUNDS
05-30 08:22:55.442  2655  2655 D VRI[NotificationShade]:   pfl=COLOR_SPACE_AGNOSTIC BEHAVIOR_CONTROLLED FIT_INSETS_CONTROLLED
05-30 08:22:55.442  2655  2655 D VRI[NotificationShade]:   bhv=SHOW_TRANSIENT_BARS_BY_SWIPE} by setLayoutParams
05-30 08:22:55.451  1946  3227 D CompatibilityChangeReporter: Compat change id reported: 161252188; UID 10160; state: DISABLED
05-30 08:22:55.452  1946  4681 D CompatibilityChangeReporter: Compat change id reported: 143231523; UID 10093; state: DISABLED
05-30 08:22:55.488  1946  3264 D IntervalStats: Unable to parse usage stats packages: [5300]
05-30 08:22:55.550  1946  3264 D IntervalStats: Unable to parse usage stats packages: [5300, 5307, 5309]
05-30 08:22:55.587  1946  3264 D IntervalStats: Unable to parse usage stats packages: [5311]
05-30 08:22:55.602  1946  1946 W Looper  : Slow dispatch took 455ms main h=android.app.ActivityThread$H c=android.app.LoadedApk$ReceiverDispatcher$Args$$ExternalSyntheticLambda0@912484 m=0
05-30 08:22:55.602  1946  1946 W Looper  : Slow delivery took 461ms main h=android.app.ActivityThread$H c=android.app.LoadedApk$ReceiverDispatcher$Args$$ExternalSyntheticLambda0@904f46d m=0
05-30 08:22:55.603  1946  2108 E UsbDeviceManager: Calling Update secure attr with /sys/class/android_usb/android0/secure value = false
05-30 08:22:55.603  1946  2108 E UsbDeviceManager: Actually updating secure attr with false
05-30 08:22:55.603  1946  3264 D IntervalStats: Unable to parse usage stats packages: [5311, 5312, 5313, 5314, 5315, 5316, 5317, 5318]
05-30 08:22:55.603  1946  2108 E UsbDeviceManager: Set USB secure = false by /sys/class/android_usb/android0/secure
05-30 08:22:55.604  1946 15169 V TrustManager: setDeviceLockedForUser userId=10 locked=true callers=com.motorola.server.security.securevault.SecureVault.lockSecureVaultProfile:1223 com.motorola.server.security.securevault.SecureVault.handleSecureVaultReceiver:1565 com.motorola.server.security.securevault.SecureVault.-$$Nest$mhandleSecureVaultReceiver:0 com.motorola.server.security.securevault.SecureVault$SecureVaultReceiver.lambda$onReceive$0:1661 com.motorola.server.security.securevault.SecureVault$SecureVaultReceiver.$r8$lambda$2Gn8CNKZOHPpn1e898uFyV28zKc:0 
05-30 08:22:55.604  1946 15169 D BiometricService: Sensor ID(0), oemStrength: 15, updatedStrength: 15, modality 2, state: 4, cookie: 420021507, sensorId 0, hasEnrollments: false cannot participate in Keystore operations
05-30 08:22:55.604  1946 15169 D BiometricService: Sensor ID(1008), oemStrength: 4095, updatedStrength: 4095, modality 8, state: 0, cookie: 0, sensorId 1008, hasEnrollments: false cannot participate in Keystore operations
05-30 08:22:55.605   680  9901 I keystore2: keystore2::authorization: on_lock_screen_event(LockScreenEvent(1), user_id=10, password.is_some()=false, unlocking_sids=Some([]))
05-30 08:22:55.605   680  9901 I keystore2: keystore2::super_key: Locking screen bound for user 10 sids []
05-30 08:22:55.612  1946  2108 E UsbDeviceManager: Calling Update secure attr with /sys/class/android_usb/android0/secure value = false
05-30 08:22:55.612  1946  2108 E UsbDeviceManager: Actually updating secure attr with false
05-30 08:22:55.612  1946  2108 E UsbDeviceManager: Set USB secure = false by /sys/class/android_usb/android0/secure
05-30 08:22:55.613  1946 15170 V TrustManager: setDeviceLockedForUser userId=10 locked=true callers=com.motorola.server.security.securevault.SecureVault.lockSecureVaultProfile:1223 com.motorola.server.security.securevault.SecureVault.handleSecureVaultReceiver:1565 com.motorola.server.security.securevault.SecureVault.-$$Nest$mhandleSecureVaultReceiver:0 com.motorola.server.security.securevault.SecureVault$SecureVaultReceiver.lambda$onReceive$0:1661 com.motorola.server.security.securevault.SecureVault$SecureVaultReceiver.$r8$lambda$2Gn8CNKZOHPpn1e898uFyV28zKc:0 
05-30 08:22:55.613  1946 15170 D BiometricService: Sensor ID(0), oemStrength: 15, updatedStrength: 15, modality 2, state: 4, cookie: 420021507, sensorId 0, hasEnrollments: false cannot participate in Keystore operations
05-30 08:22:55.613  1946 15170 D BiometricService: Sensor ID(1008), oemStrength: 4095, updatedStrength: 4095, modality 8, state: 0, cookie: 0, sensorId 1008, hasEnrollments: false cannot participate in Keystore operations
05-30 08:22:55.614   680  9901 I keystore2: keystore2::authorization: on_lock_screen_event(LockScreenEvent(1), user_id=10, password.is_some()=false, unlocking_sids=Some([]))
05-30 08:22:55.614   680  9901 I keystore2: keystore2::super_key: Locking screen bound for user 10 sids []
05-30 08:22:55.619  1946  3264 D IntervalStats: Unable to parse usage stats packages: [5311, 5313, 5319, 5320, 5323]
05-30 08:22:55.620  1946  2108 E UsbDeviceManager: Calling Update secure attr with /sys/class/android_usb/android0/secure value = false
05-30 08:22:55.620  1946  2108 E UsbDeviceManager: Actually updating secure attr with false
05-30 08:22:55.621  1946  2108 E UsbDeviceManager: Set USB secure = false by /sys/class/android_usb/android0/secure
05-30 08:22:55.622  1946 15171 V TrustManager: setDeviceLockedForUser userId=10 locked=true callers=com.motorola.server.security.securevault.SecureVault.lockSecureVaultProfile:1223 com.motorola.server.security.securevault.SecureVault.handleSecureVaultReceiver:1565 com.motorola.server.security.securevault.SecureVault.-$$Nest$mhandleSecureVaultReceiver:0 com.motorola.server.security.securevault.SecureVault$SecureVaultReceiver.lambda$onReceive$0:1661 com.motorola.server.security.securevault.SecureVault$SecureVaultReceiver.$r8$lambda$2Gn8CNKZOHPpn1e898uFyV28zKc:0 
05-30 08:22:55.627  1946 15171 D BiometricService: Sensor ID(0), oemStrength: 15, updatedStrength: 15, modality 2, state: 4, cookie: 420021507, sensorId 0, hasEnrollments: false cannot participate in Keystore operations
05-30 08:22:55.627  1946 15171 D BiometricService: Sensor ID(1008), oemStrength: 4095, updatedStrength: 4095, modality 8, state: 0, cookie: 0, sensorId 1008, hasEnrollments: false cannot participate in Keystore operations
05-30 08:22:55.630   680  9901 I keystore2: keystore2::authorization: on_lock_screen_event(LockScreenEvent(1), user_id=10, password.is_some()=false, unlocking_sids=Some([]))
05-30 08:22:55.630   680  9901 I keystore2: keystore2::super_key: Locking screen bound for user 10 sids []
05-30 08:22:55.633  1946  1946 W Looper  : Drained
05-30 08:22:55.763  1946  1946 D Biometrics/AuthenticationClient: FingerprintDownTimeout mState=STATE_STOPPED
05-30 08:22:55.995  1946  3163 D CompatibilityChangeReporter: Compat change id reported: 135634846; UID 10140; state: DISABLED
05-30 08:22:55.995  1946  3163 D CompatibilityChangeReporter: Compat change id reported: 177438394; UID 10140; state: DISABLED
05-30 08:22:55.995  1946  3163 D CompatibilityChangeReporter: Compat change id reported: 135772972; UID 10140; state: DISABLED
05-30 08:22:55.995  1946  3163 D CompatibilityChangeReporter: Compat change id reported: 135754954; UID 10140; state: ENABLED
05-30 08:22:55.995  1946  2131 D CompatibilityChangeReporter: Compat change id reported: 143937733; UID 10140; state: ENABLED
05-30 08:22:56.004  1946  2131 I ActivityManager: Start proc 15174:com.google.android.apps.wellbeing/u0a140 for service {com.google.android.apps.wellbeing/com.google.android.apps.wellbeing.screen.ui.GrayscaleTileService}
05-30 08:22:56.029  1946  1946 E Fingerprint21: onAcquired for non-acquisition client: null
05-30 08:22:56.034  1946  3106 D CompatibilityChangeReporter: Compat change id reported: 168419799; UID 10140; state: DISABLED
05-30 08:22:56.163  1946  3106 D CompatibilityChangeReporter: Compat change id reported: 161145287; UID 10140; state: DISABLED
05-30 08:22:56.699  1946  1946 V PowerManager: userActivity when=465924059 event=0 flags=0 by (android) callers=android.os.PowerManager.userActivity:1425 com.android.server.accessibility.AccessibilityInputFilter.handleMotionEvent:366 com.android.server.accessibility.AccessibilityInputFilter.processMotionEvent:342 
05-30 08:22:56.920  1946  2111 V WindowManager: Unknown focus tokens, dropping reportFocusChanged
05-30 08:22:56.975  1946  1946 V PowerManager: userActivity when=465924341 event=0 flags=0 by (android) callers=android.os.PowerManager.userActivity:1425 com.android.server.accessibility.AccessibilityInputFilter.handleMotionEvent:366 com.android.server.accessibility.AccessibilityInputFilter.processMotionEvent:342 
05-30 08:22:56.995  1946  2108 W Looper  : Slow dispatch took 106ms android.fg h=android.os.Handler c=com.android.server.wm.ActivityMetricsLogger$$ExternalSyntheticLambda5@738b87a m=0
05-30 08:22:57.192  1946  1946 V PowerManager: userActivity when=465924558 event=0 flags=0 by (android) callers=android.os.PowerManager.userActivity:1425 com.android.server.accessibility.AccessibilityInputFilter.handleMotionEvent:366 com.android.server.accessibility.AccessibilityInputFilter.processMotionEvent:342 
05-30 08:22:57.272  1946  1946 W AccessibilityManagerService:  wait for adding window timeout: 9587
05-30 08:22:57.283  1946  1946 V PowerManager: userActivity when=465924649 event=0 flags=0 by (android) callers=android.os.PowerManager.userActivity:1425 com.android.server.accessibility.AccessibilityInputFilter.handleMotionEvent:366 com.android.server.accessibility.AccessibilityInputFilter.processMotionEvent:342 
05-30 08:22:57.328  1946  4684 I ActivityManager: updateOomAdj start time is before than pendingPid added, don't delete it
05-30 08:22:57.330  1946  2111 V WindowManager: Unknown focus tokens, dropping reportFocusChanged
05-30 08:22:57.444  1946  2111 I ActivityManager: Killing 11505:android.process.acore/u0a85 (adj 955, setSvc -10000): empty #13
05-30 08:22:57.445  1946  2111 I ActivityManager: Killing 30911:pl.solidexplorer2/u0a280 (adj 920, setSvc -10000): remove task
05-30 08:22:57.495  1946  4684 I ActivityManager: appDiedLocked: app=ProcessRecord{6902620 11505:android.process.acore/u0a85} thread=android.os.BinderProxy@90475f5 fromBinderDied=true isKilledByAm=true reason=null
05-30 08:22:57.496  1946  4684 D RestartModeController: markWaitRestartAppIsSuicided null processName=android.process.acore
05-30 08:22:57.496  1946  2109 D DisplayManagerService: Drop pending events for gone uid 10085
05-30 08:22:57.496  1946  4684 D ActivityTaskManager: handleAppDied: uid=10085,diedCount=1,lastDiedTime=465788707,forceStopUids=false
05-30 08:22:57.531  1946  3163 I ActivityManager: appDiedLocked: app=ProcessRecord{cbabac7 30911:pl.solidexplorer2/u0a280} thread=android.os.BinderProxy@3550f8a fromBinderDied=true isKilledByAm=true reason=null
05-30 08:22:57.531  1946  4291 I WindowManager: WIN DEATH: Window{26e696d u0 pl.solidexplorer2/pl.solidexplorer.SolidExplorer}
05-30 08:22:57.534  1946  2053 W WindowManager: Cannot find window which accessibility connection is added to
05-30 08:22:57.537  1946  3163 D RestartModeController: markWaitRestartAppIsSuicided null processName=pl.solidexplorer2
05-30 08:22:57.537  1946  2109 D DisplayManagerService: Drop pending events for gone uid 10280
05-30 08:22:57.540  1946  3163 D ActivityTaskManager: handleAppDied: uid=10280,diedCount=1,lastDiedTime=459794507,forceStopUids=false
05-30 08:22:57.541  1946  2112 W ActivityTaskManager: Failed to killAndRestart. No task found for id: 3661
05-30 08:22:57.542  1946  2111 W ActivityManager: setHasOverlayUi called on unknown pid: 30911
05-30 08:22:57.542  1946  2128 W UsageStatsService: Unexpected activity event reported! (pl.solidexplorer2/pl.solidexplorer.SolidExplorer event : 23 instanceId : 40075336)
05-30 08:22:58.165  1946  1946 V PowerManager: userActivity when=465925531 event=0 flags=0 by (android) callers=android.os.PowerManager.userActivity:1425 com.android.server.accessibility.AccessibilityInputFilter.handleMotionEvent:366 com.android.server.accessibility.AccessibilityInputFilter.processMotionEvent:342 
05-30 08:22:58.252  1946  1946 V PowerManager: userActivity when=465925618 event=0 flags=0 by (android) callers=android.os.PowerManager.userActivity:1425 com.android.server.accessibility.AccessibilityInputFilter.handleMotionEvent:366 com.android.server.accessibility.AccessibilityInputFilter.processMotionEvent:342 
05-30 08:22:58.363  1946  2111 I ActivityManager: Killing 31171:com.mixplorer/u0a325 (adj 920, setSvc -10000): remove task
05-30 08:22:58.419  1946  3163 I ActivityManager: appDiedLocked: app=ProcessRecord{8df965f 31171:com.mixplorer/u0a325} thread=android.os.BinderProxy@e2c7430 fromBinderDied=true isKilledByAm=true reason=null
05-30 08:22:58.420  1946  3163 D RestartModeController: markWaitRestartAppIsSuicided null processName=com.mixplorer
05-30 08:22:58.422  1946  2109 D DisplayManagerService: Drop pending events for gone uid 10325
05-30 08:22:58.422  1946  2128 W UsageStatsService: Unexpected activity event reported! (com.mixplorer/com.mixplorer.activities.CodeEditorActivity event : 23 instanceId : 8995968)
05-30 08:22:58.426  1946  3163 D ActivityTaskManager: handleAppDied: uid=10325,diedCount=1,lastDiedTime=456786032,forceStopUids=false
05-30 08:22:58.426  1946  2058 W WindowManager: Cannot find window which accessibility connection is added to
05-30 08:22:58.429  1946  2111 W ActivityManager: setHasOverlayUi called on unknown pid: 31171
05-30 08:22:58.445  1946  4680 W WindowManager: Failed looking up window session=Session{9b777d2 31171:u0a10325} callers=com.android.server.wm.WindowManagerService.windowForClientLocked:6654 com.android.server.wm.WindowState$DeathRecipient.binderDied:3367 android.os.IBinder$DeathRecipient.binderDied:317 
05-30 08:22:58.445  1946  4680 W WindowManager: win is null client=android.os.BinderProxy@5148fa0
05-30 08:22:58.445  1946  4680 I WindowManager: WIN DEATH: null
05-30 08:22:58.448  1946  2112 W ActivityTaskManager: Failed to killAndRestart. No task found for id: 3662
05-30 08:22:58.586  1946  3163 D CompatibilityChangeReporter: Compat change id reported: 161145287; UID 10164; state: DISABLED
05-30 08:22:58.782  1946  1946 V PowerManager: userActivity when=465926148 event=0 flags=0 by (android) callers=android.os.PowerManager.userActivity:1425 com.android.server.accessibility.AccessibilityInputFilter.handleMotionEvent:366 com.android.server.accessibility.AccessibilityInputFilter.processMotionEvent:342 
05-30 08:22:58.887  1946  1946 V PowerManager: userActivity when=465926253 event=0 flags=0 by (android) callers=android.os.PowerManager.userActivity:1425 com.android.server.accessibility.AccessibilityInputFilter.handleMotionEvent:366 com.android.server.accessibility.AccessibilityInputFilter.processMotionEvent:342 
05-30 08:22:59.369  1946  1946 V PowerManager: userActivity when=465926735 event=0 flags=0 by (android) callers=android.os.PowerManager.userActivity:1425 com.android.server.accessibility.AccessibilityInputFilter.handleMotionEvent:366 com.android.server.accessibility.AccessibilityInputFilter.processMotionEvent:342 
05-30 08:22:59.454  1946  1946 V PowerManager: userActivity when=465926820 event=0 flags=0 by (android) callers=android.os.PowerManager.userActivity:1425 com.android.server.accessibility.AccessibilityInputFilter.handleMotionEvent:366 com.android.server.accessibility.AccessibilityInputFilter.processMotionEvent:342 
05-30 08:22:59.565  1946  2128 W UsageStatsService: Unexpected activity event reported! (com.foxdebug.acodefree/com.foxdebug.acodefree.MainActivity event : 23 instanceId : 135649978)
05-30 08:22:59.568  1946  2112 W ActivityTaskManager: Failed to killAndRestart. No task found for id: 3660
05-30 08:23:00.249  1946  1946 V PowerManager: userActivity when=465927616 event=0 flags=0 by (android) callers=android.os.PowerManager.userActivity:1425 com.android.server.accessibility.AccessibilityInputFilter.handleMotionEvent:366 com.android.server.accessibility.AccessibilityInputFilter.processMotionEvent:342 
05-30 08:23:00.340  1946  1946 V PowerManager: userActivity when=465927706 event=0 flags=0 by (android) callers=android.os.PowerManager.userActivity:1425 com.android.server.accessibility.AccessibilityInputFilter.handleMotionEvent:366 com.android.server.accessibility.AccessibilityInputFilter.processMotionEvent:342 
05-30 08:23:00.445  1946  2128 W UsageStatsService: Unexpected activity event reported! (com.android.chrome/org.chromium.chrome.browser.ChromeTabbedActivity event : 23 instanceId : 213881572)
05-30 08:23:00.448  1946  2112 W ActivityTaskManager: Failed to killAndRestart. No task found for id: 3657
05-30 08:23:00.769  1946  1946 V PowerManager: userActivity when=465928135 event=0 flags=0 by (android) callers=android.os.PowerManager.userActivity:1425 com.android.server.accessibility.AccessibilityInputFilter.handleMotionEvent:366 com.android.server.accessibility.AccessibilityInputFilter.processMotionEvent:342 
05-30 08:23:00.840  1946  1946 V PowerManager: userActivity when=465928206 event=0 flags=0 by (android) callers=android.os.PowerManager.userActivity:1425 com.android.server.accessibility.AccessibilityInputFilter.handleMotionEvent:366 com.android.server.accessibility.AccessibilityInputFilter.processMotionEvent:342 
05-30 08:23:01.318  1946  3163 D CoreBackPreview: Window{a01fbbb u0 com.google.android.googlequicksearchbox/com.google.android.googlequicksearchbox.InternalGoogleAppActivityEntrypoint}: Setting back callback null
05-30 08:23:01.324  1946  2128 W UsageStatsService: Unexpected activity event reported! (com.google.android.googlequicksearchbox/com.google.android.apps.search.googleapp.activity.GoogleAppActivity event : 23 instanceId : 180645869)
05-30 08:23:01.326  1946  2112 W ActivityTaskManager: Failed to killAndRestart. No task found for id: 3655
05-30 08:23:01.492  1946  3163 I ActivityManager: Killing 25193:com.google.android.webview:sandboxed_process0:org.chromium.content.app.SandboxedProcessService0:0/u0a163i568 (adj 920, setSvc -10000): remove task
05-30 08:23:01.542  1946  3163 I ActivityManager: appDiedLocked: app=ProcessRecord{808fccc 25193:com.google.android.webview:sandboxed_process0:org.chromium.content.app.SandboxedProcessService0:0/u0a163i568} thread=android.os.BinderProxy@a8707cb fromBinderDied=true isKilledByAm=true reason=null
05-30 08:23:01.542  1946  3163 W ActivityManager: Scheduling restart of crashed service com.google.android.googlequicksearchbox/org.chromium.content.app.SandboxedProcessService0:0 in 1000ms for connection
05-30 08:23:01.543  1946  3163 D ActivityTaskManager: handleAppDied: uid=99568,diedCount=1,lastDiedTime=200613087,forceStopUids=false
05-30 08:23:01.544  1946  2109 D DisplayManagerService: Drop pending events for gone uid 99568
05-30 08:23:01.860  1946  1946 V PowerManager: userActivity when=465929226 event=0 flags=0 by (android) callers=android.os.PowerManager.userActivity:1425 com.android.server.accessibility.AccessibilityInputFilter.handleMotionEvent:366 com.android.server.accessibility.AccessibilityInputFilter.processMotionEvent:342 
05-30 08:23:01.935  1946  1946 V PowerManager: userActivity when=465929301 event=0 flags=0 by (android) callers=android.os.PowerManager.userActivity:1425 com.android.server.accessibility.AccessibilityInputFilter.handleMotionEvent:366 com.android.server.accessibility.AccessibilityInputFilter.processMotionEvent:342 
05-30 08:23:01.962  1946  2058 I ActivityTaskManager: START u0 {act=android.intent.action.MAIN cat=[android.intent.category.LAUNCHER] flg=0x10200000 cmp=pl.solidexplorer2/pl.solidexplorer.SolidExplorer bnds=[436,1728][644,2120]} from uid 10233
05-30 08:23:01.966  1946  2058 D ActivityTaskManager: getPreferredLaunchDisplay userset_displayid true user set display id 0, current focus display 0
05-30 08:23:01.966  1946  2058 D ActivityTaskManager: getPreferredLaunchDisplay userset_displayid true user set display id 0, current focus display 0
05-30 08:23:01.968  1946  2058 D ActivityTaskManager: getPreferredLaunchDisplay userset_displayid true user set display id 0, current focus display 0
05-30 08:23:01.968  1946  2058 D ActivityTaskManager: getPreferredLaunchDisplay userset_displayid true user set display id 0, current focus display 0
05-30 08:23:01.973  1946  2058 D ActivityTaskManager: getPreferredLaunchDisplay userset_displayid true user set display id 0, current focus display 0
05-30 08:23:01.973  1946  2058 D ActivityTaskManager: getPreferredLaunchDisplay userset_displayid true user set display id 0, current focus display 0
05-30 08:23:01.973  1946  2058 D CompatibilityChangeReporter: Compat change id reported: 174042980; UID 10280; state: DISABLED
05-30 08:23:01.974  1946  2058 D CompatibilityChangeReporter: Compat change id reported: 184838306; UID 10280; state: DISABLED
05-30 08:23:01.974  1946  2058 D CompatibilityChangeReporter: Compat change id reported: 185004937; UID 10280; state: DISABLED
05-30 08:23:01.976  1946  2058 D CompatibilityChangeReporter: Compat change id reported: 205907456; UID 10280; state: ENABLED
05-30 08:23:01.992  1946  2111 D CompatibilityChangeReporter: Compat change id reported: 135634846; UID 10280; state: DISABLED
05-30 08:23:01.992  1946  2111 D CompatibilityChangeReporter: Compat change id reported: 177438394; UID 10280; state: DISABLED
05-30 08:23:01.992  1946  2111 D CompatibilityChangeReporter: Compat change id reported: 135772972; UID 10280; state: DISABLED
05-30 08:23:01.993  1946  2111 D CompatibilityChangeReporter: Compat change id reported: 135754954; UID 10280; state: ENABLED
05-30 08:23:01.993  1946  2131 D CompatibilityChangeReporter: Compat change id reported: 143937733; UID 10280; state: ENABLED
05-30 08:23:02.001  1946  2131 I ActivityManager: Start proc 15261:pl.solidexplorer2/u0a280 for next-top-activity {pl.solidexplorer2/pl.solidexplorer.SolidExplorer}
05-30 08:23:02.015  2655  2720 D ViewRootImpl: update {(0,0)(fillxfill) ty=APPLICATION_STARTING fmt=TRANSLUCENT wanim=0x10302fd
05-30 08:23:02.015  2655  2720 D ViewRootImpl:   fl=NOT_FOCUSABLE NOT_TOUCHABLE LAYOUT_IN_SCREEN LAYOUT_INSET_DECOR ALT_FOCUSABLE_IM HARDWARE_ACCELERATED DRAWS_SYSTEM_BAR_BACKGROUNDS
05-30 08:23:02.015  2655  2720 D ViewRootImpl:   pfl=SHOW_FOR_ALL_USERS FIT_INSETS_CONTROLLED
05-30 08:23:02.015  2655  2720 D ViewRootImpl:   bhv=DEFAULT
05-30 08:23:02.015  2655  2720 D ViewRootImpl:   fitSides=} by setView
05-30 08:23:02.023  1946  2761 D CoreBackPreview: Window{46c529f u0 Splash Screen pl.solidexplorer2}: Setting back callback OnBackInvokedCallbackInfo{mCallback=android.window.IOnBackInvokedCallback$Stub$Proxy@49b9fb5, mPriority=0}
05-30 08:23:02.236  1946  2058 D CompatibilityChangeReporter: Compat change id reported: 161145287; UID 10280; state: DISABLED
05-30 08:23:02.393  1946  2058 D CompatibilityChangeReporter: Compat change id reported: 168419799; UID 10160; state: DISABLED
05-30 08:23:02.477  1946  2130 W BroadcastQueue: Exported Denial: sending Intent { act=android.net.conn.CONNECTIVITY_CHANGE flg=0x4200010 (has extras) }, action: android.net.conn.CONNECTIVITY_CHANGE from null (uid=-1) due to receiver ProcessRecord{2e8f7c0 15261:pl.solidexplorer2/u0a280} (uid 10280) not specifying RECEIVER_EXPORTED
05-30 08:23:02.490 15261 15261 D ViewRootImpl: update {(0,0)(fillxfill) sim={adjust=resize forwardNavigation} ty=BASE_APPLICATION wanim=0x10302fd
05-30 08:23:02.490 15261 15261 D ViewRootImpl:   fl=LAYOUT_IN_SCREEN LAYOUT_INSET_DECOR SPLIT_TOUCH HARDWARE_ACCELERATED DRAWS_SYSTEM_BAR_BACKGROUNDS
05-30 08:23:02.490 15261 15261 D ViewRootImpl:   pfl=NO_MOVE_ANIMATION FORCE_DRAW_STATUS_BAR_BACKGROUND FIT_INSETS_CONTROLLED
05-30 08:23:02.490 15261 15261 D ViewRootImpl:   bhv=DEFAULT
05-30 08:23:02.490 15261 15261 D ViewRootImpl:   fitSides=} by setView
05-30 08:23:02.498  1946  3163 D CoreBackPreview: Window{4a16a77 u0 pl.solidexplorer2/pl.solidexplorer.SolidExplorer}: Setting back callback OnBackInvokedCallbackInfo{mCallback=android.window.IOnBackInvokedCallback$Stub$Proxy@16a574d, mPriority=0}
05-30 08:23:02.534  1946  1946 W AccessibilityManagerService:  wait for adding window timeout: 9614
05-30 08:23:02.653  1946  2112 I LaunchCheckinHandler: MotoDisplayed pl.solidexplorer2/pl.solidexplorer.SolidExplorer,cp,ca,665
05-30 08:23:02.657  1946  2685 D CompatibilityChangeReporter: Compat change id reported: 161252188; UID 10137; state: DISABLED
05-30 08:23:02.659  1946  2685 D CompatibilityChangeReporter: Compat change id reported: 168419799; UID 10137; state: DISABLED
05-30 08:23:02.669  1946 11408 D CoreBackPreview: Window{46c529f u0 Splash Screen pl.solidexplorer2 EXITING}: Setting back callback null
05-30 08:23:02.671  1946  2761 D CompatibilityChangeReporter: Compat change id reported: 161145287; UID 10137; state: DISABLED
05-30 08:23:02.681  1946  2058 I ActivityManager: Killing 25081:com.google.android.googlequicksearchbox:googleapp/u0a163 (adj 920, setSvc -10000): remove task
05-30 08:23:02.747  1946  2685 D CompatibilityChangeReporter: Compat change id reported: 214016041; UID 10280; state: ENABLED
05-30 08:23:02.826  1946 13261 I WindowManager: WIN DEATH: Window{8c1564b u0 com.motorola.launcher3/com.android.launcher3.CustomizationPanelLauncher}
05-30 08:23:02.838  1946  6632 W ActivityManager: Exception when unbinding service com.google.android.googlequicksearchbox/com.google.android.apps.gsa.nowoverlayservice.DrawerOverlayService
05-30 08:23:02.838  1946  6632 W ActivityManager: android.os.DeadObjectException
05-30 08:23:02.838  1946  6632 W ActivityManager: 	at android.os.BinderProxy.transactNative(Native Method)
05-30 08:23:02.838  1946  6632 W ActivityManager: 	at android.os.BinderProxy.transact(BinderProxy.java:584)
05-30 08:23:02.838  1946  6632 W ActivityManager: 	at android.app.IApplicationThread$Stub$Proxy.scheduleUnbindService(IApplicationThread.java:1412)
05-30 08:23:02.838  1946  6632 W ActivityManager: 	at com.android.server.am.ActiveServices.removeConnectionLocked(ActiveServices.java:5021)
05-30 08:23:02.838  1946  6632 W ActivityManager: 	at com.android.server.am.ActiveServices.unbindServiceLocked(ActiveServices.java:3228)
05-30 08:23:02.838  1946  6632 W ActivityManager: 	at com.android.server.am.ActivityManagerService.unbindService(ActivityManagerService.java:13215)
05-30 08:23:02.838  1946  6632 W ActivityManager: 	at android.app.IActivityManager$Stub.onTransact(IActivityManager.java:2826)
05-30 08:23:02.838  1946  6632 W ActivityManager: 	at com.android.server.am.ActivityManagerService.onTransact(ActivityManagerService.java:2751)
05-30 08:23:02.838  1946  6632 W ActivityManager: 	at android.os.Binder.execTransactInternal(Binder.java:1294)
05-30 08:23:02.838  1946  6632 W ActivityManager: 	at android.os.Binder.execTransact(Binder.java:1253)
05-30 08:23:02.842  1946  3106 I ActivityManager: appDiedLocked: app=ProcessRecord{9864251 25081:com.google.android.googlequicksearchbox:googleapp/u0a163} thread=android.os.BinderProxy@cbee03e fromBinderDied=true isKilledByAm=true reason=null
05-30 08:23:02.845  1946  3106 D RestartModeController: markWaitRestartAppIsSuicided null processName=com.google.android.googlequicksearchbox:googleapp
05-30 08:23:02.846  1946  3106 D ActivityTaskManager: handleAppDied: uid=10163,diedCount=1,lastDiedTime=462720631,forceStopUids=false
05-30 08:23:02.855 15261 15306 E ActivityThread: Failed to find provider info for pl.solidexplorer.unlocker
05-30 08:23:02.885 15261 15319 E ActivityThread: Failed to find provider info for pl.solidexplorer.unlocker
05-30 08:23:03.856  1946  1946 V PowerManager: userActivity when=465931222 event=0 flags=0 by (android) callers=android.os.PowerManager.userActivity:1425 com.android.server.accessibility.AccessibilityInputFilter.handleMotionEvent:366 com.android.server.accessibility.AccessibilityInputFilter.processMotionEvent:342 
05-30 08:23:03.996  1946  1946 V PowerManager: userActivity when=465931362 event=0 flags=0 by (android) callers=android.os.PowerManager.userActivity:1425 com.android.server.accessibility.AccessibilityInputFilter.handleMotionEvent:366 com.android.server.accessibility.AccessibilityInputFilter.processMotionEvent:342 
05-30 08:23:04.087  1946  2638 D CompatibilityChangeReporter: Compat change id reported: 135634846; UID 10163; state: DISABLED
05-30 08:23:04.087  1946  2638 D CompatibilityChangeReporter: Compat change id reported: 177438394; UID 10163; state: DISABLED
05-30 08:23:04.087  1946  2638 D CompatibilityChangeReporter: Compat change id reported: 135772972; UID 10163; state: DISABLED
05-30 08:23:04.087  1946  2638 D CompatibilityChangeReporter: Compat change id reported: 135754954; UID 10163; state: ENABLED
05-30 08:23:04.087  1946  2131 D CompatibilityChangeReporter: Compat change id reported: 143937733; UID 10163; state: ENABLED
