05-30 08:25:39.774  1946  1946 D GestureAvailabilityTracker: Notifying gesture availability, active=false
05-30 08:25:39.774  1946  1946 D BiometricScheduler/Fingerprint21: [Started] {[2520] com.android.server.biometrics.sensors.fingerprint.hidl.FingerprintAuthenticationClient, proto=3, owner=com.android.systemui, cookie=0, requestId=1239, userId=0}
05-30 08:25:39.774  1946  1946 D BiometricCoexCoordinator: addAuthenticationClient(OtherFp), client: {[2520] com.android.server.biometrics.sensors.fingerprint.hidl.FingerprintAuthenticationClient, proto=3, owner=com.android.systemui, cookie=0, requestId=1239, userId=0}
05-30 08:25:39.774  1946  1946 D BiometricStateCallback: State updated from 0 to 2, client {[2520] com.android.server.biometrics.sensors.fingerprint.hidl.FingerprintAuthenticationClient, proto=3, owner=com.android.systemui, cookie=0, requestId=1239, userId=0}
05-30 08:25:39.790  1946  1946 D Biometrics/AuthenticationClient: Requesting auth for com.android.systemui
05-30 08:25:39.809  1946  1946 D BiometricStateCallback: onClientStateChanged client={[2520] com.android.server.biometrics.sensors.fingerprint.hidl.FingerprintAuthenticationClient, proto=3, owner=com.android.systemui, cookie=0, requestId=1239, userId=0} newState=1
05-30 08:25:39.809  1946  1946 D BiometricScheduler/Fingerprint21: [StateChanged] {[2520] com.android.server.biometrics.sensors.fingerprint.hidl.FingerprintAuthenticationClient, proto=3, owner=com.android.systemui, cookie=0, requestId=1239, userId=0}, state: 1
05-30 08:25:39.809  1946  1946 V BiometricSchedulerOperation: started: {[2520] com.android.server.biometrics.sensors.fingerprint.hidl.FingerprintAuthenticationClient, proto=3, owner=com.android.systemui, cookie=0, requestId=1239, userId=0}, State: 2
05-30 08:25:39.838  1946  2204 D CompatibilityChangeReporter: Compat change id reported: 171306433; UID 1000; state: ENABLED
05-30 08:25:39.838  1946  2204 D CompatibilityChangeReporter: Compat change id reported: 218533173; UID 1000; state: ENABLED
05-30 08:25:39.839  1946  2204 I DisplayPowerController[0]: 2026-05-30 02:55:39 - BrightnessEvent: disp=0, physDisp=local:4630947043778501761, brt=0.0, initBrt=0.0, brtNits=3.6086667, preNits=NaN, rcmdNits=NaN, brt(%)=0%, preBrt(%)=0%, brtInt=1, rcmdBrt=NaN, preBrt=NaN, lux=0.0, fastAmbientLux=1940.932, slowAmbientLux=2083.307, preLux=0.0, hbmMax=0.9999, hbmMode=off, rbcStrength=90, powerFactor=1.0, thrmMax=1.0, flags=, reason=manual, autoBrightness=false
05-30 08:25:39.851  1946  2204 I DisplayPowerController[0]: Blocking screen off
05-30 08:25:39.851  1946  2204 I WindowManager: Display 0 turning off...
05-30 08:25:39.851  1946  2204 I DisplayPowerController[0]: Unblocked screen off after 1 ms
05-30 08:25:39.854  1946  2204 I WindowManager: Display0 turned off...
05-30 08:25:39.898  1946  2204 D ActivityTaskManager: Top Process State changed to PROCESS_STATE_TOP_SLEEPING
05-30 08:25:39.921  1946  2204 V DisplayPowerController[0]: Brightness [0.0] reason changing to: 'screen_off', previous reason: 'manual'.
05-30 08:25:39.921  1946  2204 I DisplayPowerController[0]: 2026-05-30 02:55:39 - BrightnessEvent: disp=0, physDisp=local:4630947043778501761, brt=0.0, initBrt=0.0, brtNits=3.6086667, preNits=NaN, rcmdNits=NaN, brt(%)=0%, preBrt(%)=0%, brtInt=1, rcmdBrt=NaN, preBrt=NaN, lux=0.0, fastAmbientLux=1940.932, slowAmbientLux=2083.307, preLux=0.0, hbmMax=0.9999, hbmMode=off, rbcStrength=90, powerFactor=1.0, thrmMax=1.0, flags=, reason=screen_off, autoBrightness=false
05-30 08:25:39.936  1946  2111 I DisplayDeviceRepository: Display device changed state: "Built-in Screen", OFF
05-30 08:25:39.954  1946  2108 D TouchHwService: updateDefaultDisplayState: mScreenOn=false
05-30 08:25:39.966  1946  1946 I WallpaperManagerService: onDisplayChanged displayId = 0
05-30 08:25:39.968  1946  1946 D PanelsService: updateDefaultDisplayState: mScreenState=OFF
05-30 08:25:40.013  1946  2111 W AccessibilityWindowsPopulator: The displayInfo of this displayId (0) called back from the surface fligner is null
05-30 08:25:40.063  1946  2162 D BatteryStatsImpl: Reading cpu freq times took 102ms
05-30 08:25:40.064  1946  2633 D LocalDisplayAdapter: setDisplayPowerMode mode=0 for display=android.os.BinderProxy@f89c8ef
05-30 08:25:40.072  2655  2655 D VRI[NavigationBar0]: update {(0,0)(fillx0) gr=BOTTOM CENTER_VERTICAL layoutInDisplayCutoutMode=always ty=NAVIGATION_BAR fmt=TRANSLUCENT
05-30 08:25:40.072  2655  2655 D VRI[NavigationBar0]:   fl=NOT_FOCUSABLE NOT_TOUCH_MODAL TOUCHABLE_WHEN_WAKING WATCH_OUTSIDE_TOUCH SPLIT_TOUCH
05-30 08:25:40.072  2655  2655 D VRI[NavigationBar0]:   pfl=LAYOUT_SIZE_EXTENDED_BY_CUTOUT COLOR_SPACE_AGNOSTIC FIT_INSETS_CONTROLLED TRUSTED_OVERLAY
05-30 08:25:40.072  2655  2655 D VRI[NavigationBar0]:   bhv=DEFAULT
05-30 08:25:40.072  2655  2655 D VRI[NavigationBar0]:  providedInsets=InsetsFrameProvider: {type=ITYPE_NAVIGATION_BAR, source=SOURCE_FRAME, insetsSize=Insets{left=0, top=0, right=0, bottom=0}}
05-30 08:25:40.072  2655  2655 D VRI[NavigationBar0]:   paramsForRotation={(0,0)(fillx0) gr=BOTTOM CENTER_VERTICAL layoutInDisplayCutoutMode=always ty=NAVIGATION_BAR fmt=TRANSLUCENT
05-30 08:25:40.072  2655  2655 D VRI[NavigationBar0]:   fl=NOT_FOCUSABLE NOT_TOUCH_MODAL TOUCHABLE_WHEN_WAKING WATCH_OUTSIDE_TOUCH SPLIT_TOUCH FLAG_SLIPPERY
05-30 08:25:40.072  2655  2655 D VRI[NavigationBar0]:   pfl=LAYOUT_SIZE_EXTENDED_BY_CUTOUT COLOR_SPACE_AGNOSTIC FIT_INSETS_CONTROLLED TRUSTED_OVERLAY
05-30 08:25:40.072  2655  2655 D VRI[NavigationBar0]:   bhv=DEFAULT
05-30 08:25:40.072  2655  2655 D VRI[NavigationBar0]:  providedInsets=InsetsFrameProvider: {type=ITYPE_NAVIGATION_BAR, source=SOURCE_FRAME, insetsSize=Insets{left=0, top=0, right=0, bottom=0}}} {(0,0)(fillx0) gr=BOTTOM CENTER_VERTICAL layoutInDisplayCutoutMode=always ty=NAVIGATION_BAR fmt=TRANSLUCENT
05-30 08:25:40.072  2655  2655 D VRI[NavigationBar0]:   fl=NOT_FOCUSABLE NOT_TOUCH_MODAL TOUCHABLE_WHEN_WAKING WATCH_OUTSIDE_TOUCH SPLIT_TOUCH FLAG_SLIPPERY
05-30 08:25:40.072  2655  2655 D VRI[NavigationBar0]:   pfl=LAYOUT_SIZE_EXTENDED_BY_CUTOUT COLOR_SPACE_AGNOSTIC FIT_INSETS_CONTROLLED TRUSTED_OVERLAY
05-30 08:25:40.072  2655  2655 D VRI[NavigationBar0]:   bhv=DEFAULT
05-30 08:25:40.072  2655  2655 D VRI[NavigationBar0]:  providedInsets=InsetsFrameProvider: {type=ITYPE_NAVIGATION_BAR, source=SOURCE_FRAME, insetsSize=Insets{left=0, top=0, right=0, bottom=0}}} {(0,0)(fillx0) gr=BOTTOM CENTER_VERTICAL layoutInDisplayCutoutMode=always ty=NAVIGATION_BAR fmt=TRANSLUCENT
05-30 08:25:40.072  2655  2655 D VRI[NavigationBar0]:   fl=NOT_FOCUSABLE NOT_TOUCH_MODAL TOUCHABLE_WHEN_WAKING WATCH_OUTSIDE_TOUCH SPLIT_TOUCH FLAG_SLIPPERY
05-30 08:25:40.072  2655  2655 D VRI[NavigationBar0]:   pfl=LAYOUT_SIZE_EXTENDED_BY_CUTOUT COLOR_SPACE_AGNOSTIC FIT_INSETS_CONTROLLED TRUSTED_OVERLAY
05-30 08:25:40.072  2655  2655 D VRI[NavigationBar0]:   bhv=DEFAULT
05-30 08:25:40.072  2655  2655 D VRI[NavigationBar0]:  providedInsets=InsetsFrameProvider: {type=ITYPE_NAVIGATION_BAR, source=SOURCE_FRAME, insetsSize=Insets{left=0, top=0, right=0, bottom=0}}} {(0,0)(fillx0) gr=BOTTOM CENTER_VERTICAL layoutInDisplayCutoutMode=always ty=NAVIGATION_BAR fmt=TRANSLUCENT
05-30 08:25:40.072  2655  2655 D VRI[NavigationBar0]:   fl=NOT_FOCUSABLE NOT_TOUCH_MODAL TOUCHABLE_WHEN_WAKING WATCH_OUTSIDE_TOUCH SPLIT_TOUCH FLAG_SLIPPERY
05-30 08:25:40.072  2655  2655 D VRI[NavigationBar0]:   pfl=LAYOUT_SIZE_EXTENDED_BY_CUTOUT COLOR_SPACE_AGNOSTIC FIT_INSETS_CONTROLLED TRUSTED_OVERLAY
05-30 08:25:40.072  2655  2655 D VRI[NavigationBar0]:   bhv=DEFAULT
05-30 08:25:40.072  2655  2655 D VRI[NavigationBar0]:  providedInsets=InsetsFrameProvider: {type=ITYPE_NAVIGATION_BAR, source=SOURCE_FRAME, insetsSize=Insets{left=0, top=0, right=0, bottom=0}}}} by setLayoutParams
05-30 08:25:40.080  1946  1946 V UiModeManager: updateLocked: null action, mDockState=0, category=null
05-30 08:25:40.099  1946  1946 D UiModeManager: updateConfigurationLocked: mDockState=0; mCarMode=false; mNightMode=2; mNightModeCustomType=-1; uiMode=97
05-30 08:25:40.101  1946  4688 W AccessibilityWindowsPopulator: The displayInfo of this displayId (0) called back from the surface fligner is null
05-30 08:25:40.104  2655  2655 D VRI[NotificationShade]: update {(0,0)(fillxfill) gr=TOP CENTER_VERTICAL sim={adjust=resize} layoutInDisplayCutoutMode=always ty=2040 fmt=TRANSLUCENT
05-30 08:25:40.104  2655  2655 D VRI[NotificationShade]:   fl=NOT_FOCUSABLE TOUCHABLE_WHEN_WAKING WATCH_OUTSIDE_TOUCH SPLIT_TOUCH HARDWARE_ACCELERATED DRAWS_SYSTEM_BAR_BACKGROUNDS
05-30 08:25:40.104  2655  2655 D VRI[NotificationShade]:   pfl=BEHAVIOR_CONTROLLED FIT_INSETS_CONTROLLED
05-30 08:25:40.104  2655  2655 D VRI[NotificationShade]:   bhv=SHOW_TRANSIENT_BARS_BY_SWIPE} by setLayoutParams
05-30 08:25:40.177  1946  2111 W AccessibilityWindowsPopulator: The displayInfo of this displayId (0) called back from the surface fligner is null
05-30 08:25:40.250  1946  6632 I ActivityManager: appDiedLocked: app=ProcessRecord{12e3a24 17526:com.asdoi.quicktiles/u0a292} thread=android.os.BinderProxy@4c88e45 fromBinderDied=true isKilledByAm=false reason=null
05-30 08:25:40.250  1946  6632 I ActivityManager: Process com.asdoi.quicktiles (pid 17526) has died: cch+55 CEM 
05-30 08:25:40.251  1946  6632 D ActivityManager: app is cached, not scheduling restart of crashed service com.asdoi.quicktiles/com.flxholle.quicktiles.tiles.AdaptiveBrightnessTileService
05-30 08:25:40.251  1946  6632 D RestartModeController: markWaitRestartAppIsSuicided null processName=com.asdoi.quicktiles
05-30 08:25:40.252  1946  6632 D ActivityTaskManager: handleAppDied: uid=10292,diedCount=1,lastDiedTime=466006978,forceStopUids=false
05-30 08:25:40.252  1946  2109 D DisplayManagerService: Drop pending events for gone uid 10292
05-30 08:25:40.336  1946  2204 I DisplayPowerController[0]: 2026-05-30 02:55:40 - BrightnessEvent: disp=0, physDisp=local:4630947043778501761, brt=0.0, initBrt=0.0, brtNits=3.6086667, preNits=NaN, rcmdNits=NaN, brt(%)=0%, preBrt(%)=0%, brtInt=1, rcmdBrt=NaN, preBrt=NaN, lux=0.0, fastAmbientLux=1940.932, slowAmbientLux=2083.307, preLux=0.0, hbmMax=0.9999, hbmMode=off, rbcStrength=90, powerFactor=1.0, thrmMax=1.0, flags=, reason=screen_off, autoBrightness=false
05-30 08:25:40.350  1946  2204 I PowerGroup: Sleeping power group (groupId=0, uid=1000)...
05-30 08:25:40.350  1946  2204 I PowerManagerService: Sleeping (uid 1000)...
05-30 08:25:40.361  1946  6632 W ProcessStats: Tracking association SourceState{f61de73 pl.solidexplorer2/10280 Top #2376827} whose proc state 1 is better than process ProcessState{a73f3b com.google.android.gms/10160 pkg=com.google.android.gms} proc state 3 (150 skipped)
05-30 08:25:40.367  1946  1946 I WindowManager: Finished going to sleep... (why=OFF_BECAUSE_OF_TIMEOUT) pmSleepReason=timeout
05-30 08:25:40.415  2655  2655 D VRI[NotificationShade]: update {(0,0)(fillxfill) gr=TOP CENTER_VERTICAL sim={adjust=resize} layoutInDisplayCutoutMode=always ty=2040 fmt=TRANSLUCENT
05-30 08:25:40.415  2655  2655 D VRI[NotificationShade]:   fl=NOT_FOCUSABLE TOUCHABLE_WHEN_WAKING WATCH_OUTSIDE_TOUCH SPLIT_TOUCH HARDWARE_ACCELERATED DRAWS_SYSTEM_BAR_BACKGROUNDS
05-30 08:25:40.415  2655  2655 D VRI[NotificationShade]:   pfl=COLOR_SPACE_AGNOSTIC BEHAVIOR_CONTROLLED FIT_INSETS_CONTROLLED
05-30 08:25:40.415  2655  2655 D VRI[NotificationShade]:   bhv=SHOW_TRANSIENT_BARS_BY_SWIPE} by setLayoutParams
05-30 08:25:40.553  1946  1946 W Looper  : Slow dispatch took 106ms main h=android.app.ActivityThread$H c=android.app.LoadedApk$ReceiverDispatcher$Args$$ExternalSyntheticLambda0@f08efee m=0
05-30 08:25:40.621  1946  2559 D CompatibilityChangeReporter: Compat change id reported: 218533173; UID 10292; state: ENABLED
05-30 08:25:40.635  1946 18246 V TrustManager: setDeviceLockedForUser userId=10 locked=true callers=com.motorola.server.security.securevault.SecureVault.lockSecureVaultProfile:1223 com.motorola.server.security.securevault.SecureVault.handleSecureVaultReceiver:1565 com.motorola.server.security.securevault.SecureVault.-$$Nest$mhandleSecureVaultReceiver:0 com.motorola.server.security.securevault.SecureVault$SecureVaultReceiver.lambda$onReceive$0:1661 com.motorola.server.security.securevault.SecureVault$SecureVaultReceiver.$r8$lambda$2Gn8CNKZOHPpn1e898uFyV28zKc:0 
05-30 08:25:40.635  1946 18246 D BiometricService: Sensor ID(0), oemStrength: 15, updatedStrength: 15, modality 2, state: 4, cookie: 420021507, sensorId 0, hasEnrollments: false cannot participate in Keystore operations
05-30 08:25:40.635  1946 18246 D BiometricService: Sensor ID(1008), oemStrength: 4095, updatedStrength: 4095, modality 8, state: 0, cookie: 0, sensorId 1008, hasEnrollments: false cannot participate in Keystore operations
05-30 08:25:40.647   680  7935 I keystore2: keystore2::authorization: on_lock_screen_event(LockScreenEvent(1), user_id=10, password.is_some()=false, unlocking_sids=Some([]))
05-30 08:25:40.647   680  7935 I keystore2: keystore2::super_key: Locking screen bound for user 10 sids []
05-30 08:25:40.812  1946  3163 W AppOps  : Noting op not finished: uid 10160 pkg com.google.android.gms code 113 startTime of in progress event=1780109671015
05-30 08:25:40.817  1946  3163 W AppOps  : Noting op not finished: uid 10160 pkg com.google.android.gms code 113 startTime of in progress event=1780109671015
05-30 08:25:40.821  1946  2058 W AppOps  : Noting op not finished: uid 10160 pkg com.google.android.gms code 113 startTime of in progress event=1780109671015
05-30 08:25:40.825  1946 11408 W AppOps  : Noting op not finished: uid 10160 pkg com.google.android.gms code 113 startTime of in progress event=1780109671015
05-30 08:25:40.945  1946  3163 D CompatibilityChangeReporter: Compat change id reported: 168936375; UID 10160; state: ENABLED
05-30 08:25:40.946  1946  3163 D CompatibilityChangeReporter: Compat change id reported: 73144566; UID 10160; state: ENABLED
05-30 08:25:41.256  1946 11408 D CompatibilityChangeReporter: Compat change id reported: 161252188; UID 10292; state: DISABLED
05-30 08:25:41.257  1946 11408 D CompatibilityChangeReporter: Compat change id reported: 135634846; UID 10292; state: DISABLED
05-30 08:25:41.258  1946 11408 D CompatibilityChangeReporter: Compat change id reported: 177438394; UID 10292; state: DISABLED
05-30 08:25:41.258  1946 11408 D CompatibilityChangeReporter: Compat change id reported: 135772972; UID 10292; state: DISABLED
05-30 08:25:41.258  1946 11408 D CompatibilityChangeReporter: Compat change id reported: 135754954; UID 10292; state: ENABLED
05-30 08:25:41.258  1946  2131 D CompatibilityChangeReporter: Compat change id reported: 143937733; UID 10292; state: ENABLED
05-30 08:25:41.270  1946  2131 I ActivityManager: Start proc 18261:com.asdoi.quicktiles/u0a292 for service {com.asdoi.quicktiles/com.flxholle.quicktiles.tiles.AdaptiveBrightnessTileService}
05-30 08:25:41.325  1946 11408 D CompatibilityChangeReporter: Compat change id reported: 168419799; UID 10292; state: DISABLED
05-30 08:25:41.375  1946 11408 I ActivityManager: appDiedLocked: app=ProcessRecord{c220aa6 16348:com.google.android.permissioncontroller/u0a269} thread=android.os.BinderProxy@2f38f95 fromBinderDied=true isKilledByAm=false reason=null
05-30 08:25:41.375  1946 11408 I ActivityManager: Process com.google.android.permissioncontroller (pid 16348) has died: cch+55 CEM 
05-30 08:25:41.375  1946 11408 D RestartModeController: markWaitRestartAppIsSuicided null processName=com.google.android.permissioncontroller
05-30 08:25:41.376  1946 11408 D ActivityTaskManager: handleAppDied: uid=10269,diedCount=1,lastDiedTime=464678167,forceStopUids=false
05-30 08:25:41.376  1946  2109 D DisplayManagerService: Drop pending events for gone uid 10269
05-30 08:25:42.915  1946  2162 W BatteryExternalStatsWorker: error reading Bluetooth stats: 9
05-30 08:25:43.152 24797 18273 E KernelCpuUidFreqTimeReader: Failed to read /proc/uid_time_in_state: java.nio.file.AccessDeniedException: /proc/uid_time_in_state
05-30 08:25:44.355  1946  6632 W ActivityManager: Unable to start service Intent { act=com.motorola.mya.engine.action.BIND_CONTEXT_ENGINE pkg=com.motorola.moto } U=0: not found
05-30 08:25:44.741  1946  2108 E UsbDeviceManager: Calling Update secure attr with /sys/class/android_usb/android0/secure value = true
05-30 08:25:44.741  1946  2108 E UsbDeviceManager: Actually updating secure attr with true
05-30 08:25:44.745  1946  1946 D TrustManagerService: refreshDeviceLockedForUser(userId=0, unlockedUser=-10000), secure=true, showingKeyguard=true, trusted=false, biometricAuthenticated=false, currentUserIsUnlocked=false, deviceLocked=true
05-30 08:25:44.745  1946  1946 D BiometricService: Sensor ID(1008), oemStrength: 4095, updatedStrength: 4095, modality 8, state: 0, cookie: 0, sensorId 1008, hasEnrollments: false cannot participate in Keystore operations
05-30 08:25:44.747  1946  2108 E UsbDeviceManager: Set USB secure = true by /sys/class/android_usb/android0/secure
05-30 08:25:44.747   680  7935 I keystore2: keystore2::authorization: on_lock_screen_event(LockScreenEvent(1), user_id=0, password.is_some()=false, unlocking_sids=Some([2460284887831016793]))
05-30 08:25:44.748   680  7935 I keystore2: keystore2::super_key: Locking screen bound for user 0 sids [2460284887831016793]
05-30 08:25:44.750  2655  2655 D VRI[NotificationShade]: update {(0,0)(fillxfill) gr=TOP CENTER_VERTICAL sim={adjust=resize} layoutInDisplayCutoutMode=always ty=2040 fmt=TRANSLUCENT or=SCREEN_ORIENTATION_NOSENSOR
05-30 08:25:44.750  2655  2655 D VRI[NotificationShade]:   fl=TOUCHABLE_WHEN_WAKING WATCH_OUTSIDE_TOUCH SHOW_WALLPAPER SPLIT_TOUCH HARDWARE_ACCELERATED DRAWS_SYSTEM_BAR_BACKGROUNDS
05-30 08:25:44.750  2655  2655 D VRI[NotificationShade]:   pfl=BEHAVIOR_CONTROLLED FIT_INSETS_CONTROLLED
05-30 08:25:44.750  2655  2655 D VRI[NotificationShade]:   bhv=SHOW_TRANSIENT_BARS_BY_SWIPE} by setLayoutParams
05-30 08:25:44.797  2655  2655 D VRI[NotificationShade]: update {(0,0)(fillxfill) gr=TOP CENTER_VERTICAL sim={adjust=resize} layoutInDisplayCutoutMode=always ty=2040 fmt=TRANSLUCENT or=SCREEN_ORIENTATION_NOSENSOR
05-30 08:25:44.797  2655  2655 D VRI[NotificationShade]:   fl=TOUCHABLE_WHEN_WAKING WATCH_OUTSIDE_TOUCH SPLIT_TOUCH HARDWARE_ACCELERATED DRAWS_SYSTEM_BAR_BACKGROUNDS
05-30 08:25:44.797  2655  2655 D VRI[NotificationShade]:   pfl=BEHAVIOR_CONTROLLED FIT_INSETS_CONTROLLED
05-30 08:25:44.797  2655  2655 D VRI[NotificationShade]:   bhv=SHOW_TRANSIENT_BARS_BY_SWIPE} by setLayoutParams
05-30 08:25:44.805  2655  2655 D VRI[NotificationShade]: update {(0,0)(fillxfill) gr=TOP CENTER_VERTICAL sim={adjust=resize} layoutInDisplayCutoutMode=always ty=2040 fmt=TRANSLUCENT or=SCREEN_ORIENTATION_NOSENSOR if=INPUT_FEATURE_DISABLE_USER_ACTIVITY userActivityTimeout=10000
05-30 08:25:44.805  2655  2655 D VRI[NotificationShade]:   fl=TOUCHABLE_WHEN_WAKING WATCH_OUTSIDE_TOUCH SPLIT_TOUCH HARDWARE_ACCELERATED DRAWS_SYSTEM_BAR_BACKGROUNDS
05-30 08:25:44.805  2655  2655 D VRI[NotificationShade]:   pfl=BEHAVIOR_CONTROLLED FIT_INSETS_CONTROLLED
05-30 08:25:44.805  2655  2655 D VRI[NotificationShade]:   bhv=SHOW_TRANSIENT_BARS_BY_SWIPE} by setLayoutParams
05-30 08:25:44.806  1946  2108 D UsbDeviceManager: applyOemOverride usbfunctions=adb bootmode=normal
05-30 08:25:44.809  1946  2111 D TouchHwService: onKeyguardStateChanged.. isShowing=true
05-30 08:25:44.840  2655  2655 D VRI[NotificationShade]: update {(0,0)(fillxfill) gr=TOP CENTER_VERTICAL sim={adjust=resize} layoutInDisplayCutoutMode=always ty=2040 fmt=TRANSLUCENT or=SCREEN_ORIENTATION_NOSENSOR if=INPUT_FEATURE_DISABLE_USER_ACTIVITY userActivityTimeout=10000
05-30 08:25:44.840  2655  2655 D VRI[NotificationShade]:   fl=TOUCHABLE_WHEN_WAKING ALT_FOCUSABLE_IM WATCH_OUTSIDE_TOUCH SPLIT_TOUCH HARDWARE_ACCELERATED DRAWS_SYSTEM_BAR_BACKGROUNDS
05-30 08:25:44.840  2655  2655 D VRI[NotificationShade]:   pfl=BEHAVIOR_CONTROLLED FIT_INSETS_CONTROLLED
05-30 08:25:44.840  2655  2655 D VRI[NotificationShade]:   bhv=SHOW_TRANSIENT_BARS_BY_SWIPE} by setLayoutParams
05-30 08:25:44.888  2655  2655 D VRI[NotificationShade]: update {(0,0)(fillxfill) gr=TOP CENTER_VERTICAL sim={adjust=resize} layoutInDisplayCutoutMode=always ty=2040 fmt=TRANSLUCENT or=SCREEN_ORIENTATION_NOSENSOR if=INPUT_FEATURE_DISABLE_USER_ACTIVITY userActivityTimeout=10000
05-30 08:25:44.888  2655  2655 D VRI[NotificationShade]:   fl=TOUCHABLE_WHEN_WAKING WATCH_OUTSIDE_TOUCH SPLIT_TOUCH HARDWARE_ACCELERATED DRAWS_SYSTEM_BAR_BACKGROUNDS
05-30 08:25:44.888  2655  2655 D VRI[NotificationShade]:   pfl=BEHAVIOR_CONTROLLED FIT_INSETS_CONTROLLED
05-30 08:25:44.888  2655  2655 D VRI[NotificationShade]:   bhv=SHOW_TRANSIENT_BARS_BY_SWIPE} by setLayoutParams
05-30 08:25:44.898  2655  2655 V PowerManager: userActivity when=466092265 event=0 flags=0 by (com.android.systemui) callers=android.os.PowerManager.userActivity:1425 com.android.systemui.keyguard.KeyguardViewMediator.userActivity:50 com.android.systemui.keyguard.KeyguardViewMediator$11.handleMessage:626 
05-30 08:25:44.987  1946  2111 W AccessibilityWindowsPopulator: The displayInfo of this displayId (0) called back from the surface fligner is null
05-30 08:25:45.010  1946  3100 W AccessibilityWindowsPopulator: The displayInfo of this displayId (0) called back from the surface fligner is null
05-30 08:25:45.028  2655  2655 D VRI[NavigationBar0]: update {(0,0)(fillx0) gr=BOTTOM CENTER_VERTICAL layoutInDisplayCutoutMode=always ty=NAVIGATION_BAR fmt=TRANSLUCENT
05-30 08:25:45.028  2655  2655 D VRI[NavigationBar0]:   fl=NOT_FOCUSABLE NOT_TOUCH_MODAL TOUCHABLE_WHEN_WAKING WATCH_OUTSIDE_TOUCH SPLIT_TOUCH FLAG_SLIPPERY
05-30 08:25:45.028  2655  2655 D VRI[NavigationBar0]:   pfl=LAYOUT_SIZE_EXTENDED_BY_CUTOUT COLOR_SPACE_AGNOSTIC FIT_INSETS_CONTROLLED TRUSTED_OVERLAY
05-30 08:25:45.028  2655  2655 D VRI[NavigationBar0]:   bhv=DEFAULT
05-30 08:25:45.028  2655  2655 D VRI[NavigationBar0]:  providedInsets=InsetsFrameProvider: {type=ITYPE_NAVIGATION_BAR, source=SOURCE_FRAME, insetsSize=Insets{left=0, top=0, right=0, bottom=0}}
05-30 08:25:45.028  2655  2655 D VRI[NavigationBar0]:   paramsForRotation={(0,0)(fillx0) gr=BOTTOM CENTER_VERTICAL layoutInDisplayCutoutMode=always ty=NAVIGATION_BAR fmt=TRANSLUCENT
05-30 08:25:45.028  2655  2655 D VRI[NavigationBar0]:   fl=NOT_FOCUSABLE NOT_TOUCH_MODAL TOUCHABLE_WHEN_WAKING WATCH_OUTSIDE_TOUCH SPLIT_TOUCH FLAG_SLIPPERY
05-30 08:25:45.028  2655  2655 D VRI[NavigationBar0]:   pfl=LAYOUT_SIZE_EXTENDED_BY_CUTOUT COLOR_SPACE_AGNOSTIC FIT_INSETS_CONTROLLED TRUSTED_OVERLAY
05-30 08:25:45.028  2655  2655 D VRI[NavigationBar0]:   bhv=DEFAULT
05-30 08:25:45.028  2655  2655 D VRI[NavigationBar0]:  providedInsets=InsetsFrameProvider: {type=ITYPE_NAVIGATION_BAR, source=SOURCE_FRAME, insetsSize=Insets{left=0, top=0, right=0, bottom=0}}} {(0,0)(fillx0) gr=BOTTOM CENTER_VERTICAL layoutInDisplayCutoutMode=always ty=NAVIGATION_BAR fmt=TRANSLUCENT
05-30 08:25:45.028  2655  2655 D VRI[NavigationBar0]:   fl=NOT_FOCUSABLE NOT_TOUCH_MODAL TOUCHABLE_WHEN_WAKING WATCH_OUTSIDE_TOUCH SPLIT_TOUCH FLAG_SLIPPERY
05-30 08:25:45.028  2655  2655 D VRI[NavigationBar0]:   pfl=LAYOUT_SIZE_EXTENDED_BY_CUTOUT COLOR_SPACE_AGNOSTIC FIT_INSETS_CONTROLLED TRUSTED_OVERLAY
05-30 08:25:45.028  2655  2655 D VRI[NavigationBar0]:   bhv=DEFAULT
05-30 08:25:45.028  2655  2655 D VRI[NavigationBar0]:  providedInsets=InsetsFrameProvider: {type=ITYPE_NAVIGATION_BAR, source=SOURCE_FRAME, insetsSize=Insets{left=0, top=0, right=0, bottom=0}}} {(0,0)(fillx0) gr=BOTTOM CENTER_VERTICAL layoutInDisplayCutoutMode=always ty=NAVIGATION_BAR fmt=TRANSLUCENT
05-30 08:25:45.028  2655  2655 D VRI[NavigationBar0]:   fl=NOT_FOCUSABLE NOT_TOUCH_MODAL TOUCHABLE_WHEN_WAKING WATCH_OUTSIDE_TOUCH SPLIT_TOUCH FLAG_SLIPPERY
05-30 08:25:45.028  2655  2655 D VRI[NavigationBar0]:   pfl=LAYOUT_SIZE_EXTENDED_BY_CUTOUT COLOR_SPACE_AGNOSTIC FIT_INSETS_CONTROLLED TRUSTED_OVERLAY
05-30 08:25:45.028  2655  2655 D VRI[NavigationBar0]:   bhv=DEFAULT
05-30 08:25:45.028  2655  2655 D VRI[NavigationBar0]:  providedInsets=InsetsFrameProvider: {type=ITYPE_NAVIGATION_BAR, source=SOURCE_FRAME, insetsSize=Insets{left=0, top=0, right=0, bottom=0}}} {(0,0)(fillx0) gr=BOTTOM CENTER_VERTICAL layoutInDisplayCutoutMode=always ty=NAVIGATION_BAR fmt=TRANSLUCENT
05-30 08:25:45.028  2655  2655 D VRI[NavigationBar0]:   fl=NOT_FOCUSABLE NOT_TOUCH_MODAL TOUCHABLE_WHEN_WAKING WATCH_OUTSIDE_TOUCH SPLIT_TOUCH FLAG_SLIPPERY
05-30 08:25:45.028  2655  2655 D VRI[NavigationBar0]:   pfl=LAYOUT_SIZE_EXTENDED_BY_CUTOUT COLOR_SPACE_AGNOSTIC FIT_INSETS_CONTROLLED TRUSTED_OVERLAY
05-30 08:25:45.028  2655  2655 D VRI[NavigationBar0]:   bhv=DEFAULT
05-30 08:25:45.028  2655  2655 D VRI[NavigationBar0]:  providedInsets=InsetsFrameProvider: {type=ITYPE_NAVIGATION_BAR, source=SOURCE_FRAME, insetsSize=Insets{left=0, top=0, right=0, bottom=0}}}} by setLayoutParams
05-30 08:25:45.040  1946  2111 W AccessibilityWindowsPopulator: The displayInfo of this displayId (0) called back from the surface fligner is null
05-30 08:25:45.042  1946  3100 W AccessibilityWindowsPopulator: The displayInfo of this displayId (0) called back from the surface fligner is null
05-30 08:25:45.045  1946  2058 W AccessibilityWindowsPopulator: The displayInfo of this displayId (0) called back from the surface fligner is null
05-30 08:25:45.104  1946  2111 W AccessibilityWindowsPopulator: The displayInfo of this displayId (0) called back from the surface fligner is null
05-30 08:25:45.106  1946  2111 W AccessibilityWindowsPopulator: The displayInfo of this displayId (0) called back from the surface fligner is null
05-30 08:25:45.129  2655  2655 V PowerManager: userActivity when=466092487 event=0 flags=0 by (com.android.systemui) callers=android.os.PowerManager.userActivity:1425 com.android.systemui.keyguard.KeyguardViewMediator.userActivity:50 com.android.systemui.keyguard.KeyguardViewMediator$4.userActivity:2 
05-30 08:25:45.150  1946  2058 D CompatibilityChangeReporter: Compat change id reported: 214016041; UID 10243; state: ENABLED
05-30 08:25:45.151  1946  2111 W AccessibilityWindowsPopulator: The displayInfo of this displayId (0) called back from the surface fligner is null
05-30 08:25:45.160  1946  3100 W AccessibilityWindowsPopulator: The displayInfo of this displayId (0) called back from the surface fligner is null
05-30 08:25:45.208  1946  2111 W AccessibilityWindowsPopulator: The displayInfo of this displayId (0) called back from the surface fligner is null
05-30 08:25:46.279  1946  2657 I UsbPortManager: ClientCallback V1_2: port0
05-30 08:25:46.280  1946  2108 I UsbPortManager: USB port changed: port=UsbPort{id=port0, supportedModes=dual, audio_accsupportedContaminantProtectionModes=0supportsEnableContaminantPresenceProtection=falsesupportsEnableContaminantPresenceDetection=false, status=UsbPortStatus{connected=true, currentMode=ufp, currentPowerRole=sink, currentDataRole=device, supportedRoleCombinations=[source:host, sink:device], contaminantDetectionStatus=0, contaminantProtectionStatus=0, usbDataStatus=unknown, isPowerTransferLimited=false, powerBrickConnectionStatus=unknown}, canChangeMode=true, canChangePowerRole=false, canChangeDataRole=false, connectedAtMillis=735484156, lastConnectDurationMillis=0
05-30 08:25:46.298  1946  1946 V UiModeManager: updateLocked: null action, mDockState=0, category=null
05-30 08:25:46.298  1946  1946 D UiModeManager: updateConfigurationLocked: mDockState=0; mCarMode=false; mNightMode=2; mNightModeCustomType=-1; uiMode=97
05-30 08:25:46.606  1946  2162 W BatteryExternalStatsWorker: error reading Bluetooth stats: 9
05-30 08:25:46.611  1946  2130 W BroadcastQueue: Background execution not allowed: receiving Intent { act=android.intent.action.ACTION_POWER_CONNECTED flg=0x4000010 (has extras) } to com.google.android.gms/.chimera.GmsIntentOperationService$PersistentTrustedReceiver
05-30 08:25:46.611  1946  2130 W BroadcastQueue: Background execution not allowed: receiving Intent { act=android.intent.action.ACTION_POWER_CONNECTED flg=0x4000010 (has extras) } to com.google.android.gms/.gcm.nts.SchedulerReceiver
05-30 08:25:46.611  1946  2130 W BroadcastQueue: Background execution not allowed: receiving Intent { act=android.intent.action.ACTION_POWER_CONNECTED flg=0x4000010 (has extras) } to com.mixplorer/.BroadcastReceiver
05-30 08:25:46.611  1946  2130 W BroadcastQueue: Background execution not allowed: receiving Intent { act=android.intent.action.ACTION_POWER_CONNECTED flg=0x4000010 (has extras) } to com.google.android.gms/.chimera.GmsIntentOperationService$PersistentTrustedReceiver
05-30 08:25:46.612  1946  2204 I PowerGroup: Waking up power group from Asleep (groupId=0, uid=1000, reason=WAKE_REASON_PLUGGED_IN, details=android.server.power:PLUGGED:true)...
05-30 08:25:46.615  1946  3100 D CompatibilityChangeReporter: Compat change id reported: 157233955; UID 10243; state: ENABLED
05-30 08:25:46.618  1946  2204 I PowerManagerService: Waking up from Asleep (uid=1000, reason=WAKE_REASON_PLUGGED_IN, details=android.server.power:PLUGGED:true)...
05-30 08:25:46.619  1946  2204 I InputMethodManagerService: setInteractive true.
05-30 08:25:46.620  1946  2334 D BatteryService: uevent={POWER_SUPPLY_VOLTAGE_NOW=4200000, POWER_SUPPLY_CHARGE_CONTROL_LIMIT_MAX=10, POWER_SUPPLY_HEALTH=Good, POWER_SUPPLY_TECHNOLOGY=Li-ion, POWER_SUPPLY_CHARGE_FULL_DESIGN=5000000, SEQNUM=447665, POWER_SUPPLY_CHARGE_CONTROL_LIMIT=0, POWER_SUPPLY_STATUS=Not charging, POWER_SUPPLY_CURRENT_MAX=4000000, POWER_SUPPLY_CYCLE_COUNT=3, POWER_SUPPLY_CAPACITY=88, DEVPATH=/devices/platform/soc/soc:mmi,discrete-charging/power_supply/battery, POWER_SUPPLY_CHARGE_TYPE=Fast, POWER_SUPPLY_CHARGE_RATE=Normal, POWER_SUPPLY_CAPACITY_LEVEL=High, POWER_SUPPLY_INPUT_CURRENT_LIMIT=0, POWER_SUPPLY_CURRENT_NOW=-299000, POWER_SUPPLY_PRESENT=1, POWER_SUPPLY_CHARGE_FULL=5000000, POWER_SUPPLY_CONSTANT_CHARGE_CURRENT=4000000, SUBSYSTEM=power_supply, POWER_SUPPLY_TEMP=340, ACTION=change, POWER_SUPPLY_NAME=battery, POWER_SUPPLY_VOLTAGE_MAX=4450000, POWER_SUPPLY_CONSTANT_CHARGE_CURRENT_MAX=4000000, POWER_SUPPLY_CHARGE_COUNTER=4400000}
05-30 08:25:46.620  2655  3426 D PowerUI : can't show warning due to - plugged: true status unknown: false
05-30 08:25:46.620  1946  2334 D BatteryService: uevent={POWER_SUPPLY_VOLTAGE_NOW=4200000, POWER_SUPPLY_CHARGE_CONTROL_LIMIT_MAX=10, POWER_SUPPLY_HEALTH=Good, POWER_SUPPLY_TECHNOLOGY=Li-ion, POWER_SUPPLY_CHARGE_FULL_DESIGN=5000000, SEQNUM=447665, POWER_SUPPLY_CHARGE_CONTROL_LIMIT=0, POWER_SUPPLY_STATUS=Not charging, POWER_SUPPLY_CURRENT_MAX=4000000, POWER_SUPPLY_CYCLE_COUNT=3, POWER_SUPPLY_CAPACITY=88, DEVPATH=/devices/platform/soc/soc:mmi,discrete-charging/power_supply/battery, POWER_SUPPLY_CHARGE_TYPE=Fast, POWER_SUPPLY_CHARGE_RATE=Normal, POWER_SUPPLY_CAPACITY_LEVEL=High, POWER_SUPPLY_INPUT_CURRENT_LIMIT=0, POWER_SUPPLY_CURRENT_NOW=-299000, POWER_SUPPLY_PRESENT=1, POWER_SUPPLY_CHARGE_FULL=5000000, POWER_SUPPLY_CONSTANT_CHARGE_CURRENT=4000000, SUBSYSTEM=power_supply, POWER_SUPPLY_TEMP=340, ACTION=change, POWER_SUPPLY_NAME=battery, POWER_SUPPLY_VOLTAGE_MAX=4450000, POWER_SUPPLY_CONSTANT_CHARGE_CURRENT_MAX=4000000, POWER_SUPPLY_CHARGE_COUNTER=4400000}
05-30 08:25:46.622  1946  2110 I EntropyMixer: Updated seed file
05-30 08:25:46.627  1946  2204 I WindowManager: Display 0 turning on...
05-30 08:25:46.627  1946  2204 D WindowManager: isKeyguardAuthState = YES.
05-30 08:25:46.628  1946  2204 V DisplayPowerController[0]: Brightness [0.0] reason changing to: 'manual', previous reason: 'screen_off'.
05-30 08:25:46.628  1946  4677 D WindowManager: mKeyguardDelegate.ShowListener.onDrawn.
05-30 08:25:46.629  1946  2109 W WindowManager: Setting mKeyguardDrawComplete
05-30 08:25:46.629  1946  2204 I DisplayPowerController[0]: 2026-05-30 02:55:46 - BrightnessEvent: disp=0, physDisp=local:4630947043778501761, brt=0.0, initBrt=0.0, brtNits=3.6086667, preNits=NaN, rcmdNits=NaN, brt(%)=0%, preBrt(%)=0%, brtInt=1, rcmdBrt=NaN, preBrt=NaN, lux=0.0, fastAmbientLux=1940.932, slowAmbientLux=2083.307, preLux=0.0, hbmMax=0.9999, hbmMode=off, rbcStrength=90, powerFactor=1.0, thrmMax=1.0, flags=, reason=manual, autoBrightness=false
05-30 08:25:46.632  1946  2633 D LocalDisplayAdapter: setDisplayPowerMode mode=2 for display=android.os.BinderProxy@f89c8ef
05-30 08:25:46.632  1946  2111 I DisplayDeviceRepository: Display device changed state: "Built-in Screen", ON
05-30 08:25:46.634  1946  2334 D BatteryService: uevent={POWER_SUPPLY_VOLTAGE_NOW=4200000, POWER_SUPPLY_CHARGE_CONTROL_LIMIT_MAX=10, POWER_SUPPLY_HEALTH=Good, POWER_SUPPLY_TECHNOLOGY=Li-ion, POWER_SUPPLY_CHARGE_FULL_DESIGN=5000000, SEQNUM=447666, POWER_SUPPLY_CHARGE_CONTROL_LIMIT=0, POWER_SUPPLY_STATUS=Not charging, POWER_SUPPLY_CURRENT_MAX=4000000, POWER_SUPPLY_CYCLE_COUNT=3, POWER_SUPPLY_CAPACITY=88, DEVPATH=/devices/platform/soc/soc:mmi,discrete-charging/power_supply/battery, POWER_SUPPLY_CHARGE_TYPE=Fast, POWER_SUPPLY_CAPACITY_LEVEL=High, POWER_SUPPLY_INPUT_CURRENT_LIMIT=0, POWER_SUPPLY_CURRENT_NOW=-299000, POWER_SUPPLY_PRESENT=1, POWER_SUPPLY_POWER_WATT=10, POWER_SUPPLY_CHARGE_FULL=5000000, POWER_SUPPLY_CONSTANT_CHARGE_CURRENT=4000000, SUBSYSTEM=power_supply, POWER_SUPPLY_TEMP=340, ACTION=change, POWER_SUPPLY_NAME=battery, POWER_SUPPLY_VOLTAGE_MAX=4450000, POWER_SUPPLY_CONSTANT_CHARGE_CURRENT_MAX=4000000, POWER_SUPPLY_CHARGE_COUNTER=4400000}
05-30 08:25:46.634  1946  2334 D BatteryService: uevent={POWER_SUPPLY_VOLTAGE_NOW=4200000, POWER_SUPPLY_CHARGE_CONTROL_LIMIT_MAX=10, POWER_SUPPLY_HEALTH=Good, POWER_SUPPLY_TECHNOLOGY=Li-ion, POWER_SUPPLY_CHARGE_FULL_DESIGN=5000000, SEQNUM=447666, POWER_SUPPLY_CHARGE_CONTROL_LIMIT=0, POWER_SUPPLY_STATUS=Not charging, POWER_SUPPLY_CURRENT_MAX=4000000, POWER_SUPPLY_CYCLE_COUNT=3, POWER_SUPPLY_CAPACITY=88, DEVPATH=/devices/platform/soc/soc:mmi,discrete-charging/power_supply/battery, POWER_SUPPLY_CHARGE_TYPE=Fast, POWER_SUPPLY_CAPACITY_LEVEL=High, POWER_SUPPLY_INPUT_CURRENT_LIMIT=0, POWER_SUPPLY_CURRENT_NOW=-299000, POWER_SUPPLY_PRESENT=1, POWER_SUPPLY_POWER_WATT=10, POWER_SUPPLY_CHARGE_FULL=5000000, POWER_SUPPLY_CONSTANT_CHARGE_CURRENT=4000000, SUBSYSTEM=power_supply, POWER_SUPPLY_TEMP=340, ACTION=change, POWER_SUPPLY_NAME=battery, POWER_SUPPLY_VOLTAGE_MAX=4450000, POWER_SUPPLY_CONSTANT_CHARGE_CURRENT_MAX=4000000, POWER_SUPPLY_CHARGE_COUNTER=4400000}
05-30 08:25:46.638  1946  2108 D TouchHwService: updateDefaultDisplayState: mScreenOn=true
05-30 08:25:46.652  1946  1946 V UiModeManager: updateLocked: null action, mDockState=0, category=null
05-30 08:25:46.652  1946  1946 D UiModeManager: updateConfigurationLocked: mDockState=0; mCarMode=false; mNightMode=2; mNightModeCustomType=-1; uiMode=97
05-30 08:25:46.654  1946  2334 D BatteryService: uevent={POWER_SUPPLY_VOLTAGE_NOW=4200000, POWER_SUPPLY_CHARGE_CONTROL_LIMIT_MAX=10, POWER_SUPPLY_HEALTH=Good, POWER_SUPPLY_TECHNOLOGY=Li-ion, POWER_SUPPLY_CHARGE_FULL_DESIGN=5000000, SEQNUM=447668, POWER_SUPPLY_CHARGE_CONTROL_LIMIT=0, POWER_SUPPLY_STATUS=Not charging, POWER_SUPPLY_CURRENT_MAX=4000000, POWER_SUPPLY_CYCLE_COUNT=3, POWER_SUPPLY_CAPACITY=88, DEVPATH=/devices/platform/soc/soc:mmi,discrete-charging/power_supply/battery, POWER_SUPPLY_CHARGE_TYPE=Fast, POWER_SUPPLY_CAPACITY_LEVEL=High, POWER_SUPPLY_INPUT_CURRENT_LIMIT=0, POWER_SUPPLY_CURRENT_NOW=-299000, POWER_SUPPLY_PRESENT=1, POWER_SUPPLY_CHARGE_FULL=5000000, POWER_SUPPLY_CONSTANT_CHARGE_CURRENT=4000000, SUBSYSTEM=power_supply, POWER_SUPPLY_TEMP=340, ACTION=change, POWER_SUPPLY_NAME=battery, POWER_SUPPLY_VOLTAGE_MAX=4450000, POWER_SUPPLY_CONSTANT_CHARGE_CURRENT_MAX=4000000, POWER_SUPPLY_CHARGE_COUNTER=4400000}
05-30 08:25:46.654  1946  2334 D BatteryService: uevent={POWER_SUPPLY_VOLTAGE_NOW=4200000, POWER_SUPPLY_CHARGE_CONTROL_LIMIT_MAX=10, POWER_SUPPLY_HEALTH=Good, POWER_SUPPLY_TECHNOLOGY=Li-ion, POWER_SUPPLY_CHARGE_FULL_DESIGN=5000000, SEQNUM=447668, POWER_SUPPLY_CHARGE_CONTROL_LIMIT=0, POWER_SUPPLY_STATUS=Not charging, POWER_SUPPLY_CURRENT_MAX=4000000, POWER_SUPPLY_CYCLE_COUNT=3, POWER_SUPPLY_CAPACITY=88, DEVPATH=/devices/platform/soc/soc:mmi,discrete-charging/power_supply/battery, POWER_SUPPLY_CHARGE_TYPE=Fast, POWER_SUPPLY_CAPACITY_LEVEL=High, POWER_SUPPLY_INPUT_CURRENT_LIMIT=0, POWER_SUPPLY_CURRENT_NOW=-299000, POWER_SUPPLY_PRESENT=1, POWER_SUPPLY_CHARGE_FULL=5000000, POWER_SUPPLY_CONSTANT_CHARGE_CURRENT=4000000, SUBSYSTEM=power_supply, POWER_SUPPLY_TEMP=340, ACTION=change, POWER_SUPPLY_NAME=battery, POWER_SUPPLY_VOLTAGE_MAX=4450000, POWER_SUPPLY_CONSTANT_CHARGE_CURRENT_MAX=4000000, POWER_SUPPLY_CHARGE_COUNTER=4400000}
05-30 08:25:46.656  1946  2130 D CompatibilityChangeReporter: Compat change id reported: 168419799; UID 10164; state: DISABLED
05-30 08:25:46.659  1946  1946 E ActivityManager: Cancel pending or running compactions as system is awake
05-30 08:25:46.659  1946  2111 D TouchHwService: onAwakeStateChanged.. isAwake=true
05-30 08:25:46.662  1946  1946 I WindowManager: Started waking up... (why=ON_BECAUSE_OF_USER) pmWakeReason=WAKE_REASON_PLUGGED_IN
05-30 08:25:46.668  1946  2334 D BatteryService: uevent={POWER_SUPPLY_VOLTAGE_NOW=4200000, POWER_SUPPLY_CHARGE_CONTROL_LIMIT_MAX=10, POWER_SUPPLY_HEALTH=Good, POWER_SUPPLY_TECHNOLOGY=Li-ion, POWER_SUPPLY_CHARGE_FULL_DESIGN=5000000, SEQNUM=447670, POWER_SUPPLY_CHARGE_CONTROL_LIMIT=0, POWER_SUPPLY_STATUS=Charging, POWER_SUPPLY_CURRENT_MAX=4000000, POWER_SUPPLY_CYCLE_COUNT=3, POWER_SUPPLY_CAPACITY=88, DEVPATH=/devices/platform/soc/soc:mmi,discrete-charging/power_supply/battery, POWER_SUPPLY_CHARGE_TYPE=Fast, POWER_SUPPLY_CAPACITY_LEVEL=High, POWER_SUPPLY_INPUT_CURRENT_LIMIT=0, POWER_SUPPLY_CURRENT_NOW=-299000, POWER_SUPPLY_PRESENT=1, POWER_SUPPLY_CHARGE_FULL=5000000, POWER_SUPPLY_CONSTANT_CHARGE_CURRENT=4000000, SUBSYSTEM=power_supply, POWER_SUPPLY_TEMP=340, ACTION=change, POWER_SUPPLY_NAME=battery, POWER_SUPPLY_VOLTAGE_MAX=4450000, POWER_SUPPLY_CONSTANT_CHARGE_CURRENT_MAX=4000000, POWER_SUPPLY_CHARGE_COUNTER=4400000}
05-30 08:25:46.668  1946  2334 D BatteryService: uevent={POWER_SUPPLY_VOLTAGE_NOW=4200000, POWER_SUPPLY_CHARGE_CONTROL_LIMIT_MAX=10, POWER_SUPPLY_HEALTH=Good, POWER_SUPPLY_TECHNOLOGY=Li-ion, POWER_SUPPLY_CHARGE_FULL_DESIGN=5000000, SEQNUM=447670, POWER_SUPPLY_CHARGE_CONTROL_LIMIT=0, POWER_SUPPLY_STATUS=Charging, POWER_SUPPLY_CURRENT_MAX=4000000, POWER_SUPPLY_CYCLE_COUNT=3, POWER_SUPPLY_CAPACITY=88, DEVPATH=/devices/platform/soc/soc:mmi,discrete-charging/power_supply/battery, POWER_SUPPLY_CHARGE_TYPE=Fast, POWER_SUPPLY_CAPACITY_LEVEL=High, POWER_SUPPLY_INPUT_CURRENT_LIMIT=0, POWER_SUPPLY_CURRENT_NOW=-299000, POWER_SUPPLY_PRESENT=1, POWER_SUPPLY_CHARGE_FULL=5000000, POWER_SUPPLY_CONSTANT_CHARGE_CURRENT=4000000, SUBSYSTEM=power_supply, POWER_SUPPLY_TEMP=340, ACTION=change, POWER_SUPPLY_NAME=battery, POWER_SUPPLY_VOLTAGE_MAX=4450000, POWER_SUPPLY_CONSTANT_CHARGE_CURRENT_MAX=4000000, POWER_SUPPLY_CHARGE_COUNTER=4400000}
05-30 08:25:46.672  1946  1946 I WallpaperManagerService: onDisplayChanged displayId = 0
05-30 08:25:46.678  1946  1946 D PanelsService: updateDefaultDisplayState: mScreenState=ON
05-30 08:25:46.686  1946 11408 D CompatibilityChangeReporter: Compat change id reported: 161145287; UID 10199; state: DISABLED
05-30 08:25:46.719  1946  2053 D CompatibilityChangeReporter: Compat change id reported: 135634846; UID 10160; state: DISABLED
05-30 08:25:46.719  1946  2053 D CompatibilityChangeReporter: Compat change id reported: 177438394; UID 10160; state: DISABLED
05-30 08:25:46.719  1946  2053 D CompatibilityChangeReporter: Compat change id reported: 135772972; UID 10160; state: DISABLED
05-30 08:25:46.719  1946  2053 D CompatibilityChangeReporter: Compat change id reported: 135754954; UID 10160; state: ENABLED
05-30 08:25:46.721  1946  2131 D CompatibilityChangeReporter: Compat change id reported: 143937733; UID 10160; state: ENABLED
05-30 08:25:46.733  1946  2131 I ActivityManager: Start proc 18291:com.google.process.gapps/u0a160 for content provider {com.google.android.gsf/com.google.android.gsf.settings.GoogleSettingsProvider}
05-30 08:25:46.792  1946  2111 I WindowManager: All windows ready for every display
05-30 08:25:46.792  1946  2109 W WindowManager: Setting mWindowManagerDrawComplete
05-30 08:25:46.792  1946  2109 D WindowManager: finishScreenTurningOn..
05-30 08:25:46.793  1946  2109 D WindowManager: enableScreen mKeyguardDrawnOnce=true awake=true mBootMessageNeedsHiding=false
05-30 08:25:46.795  1946  2204 I DisplayPowerController[0]: 2026-05-30 02:55:46 - BrightnessEvent: disp=0, physDisp=local:4630947043778501761, brt=0.0, initBrt=0.0, brtNits=3.6086667, preNits=NaN, rcmdNits=NaN, brt(%)=0%, preBrt(%)=0%, brtInt=1, rcmdBrt=NaN, preBrt=NaN, lux=0.0, fastAmbientLux=1940.932, slowAmbientLux=2083.307, preLux=0.0, hbmMax=0.9999, hbmMode=off, rbcStrength=90, powerFactor=1.0, thrmMax=1.0, flags=, reason=manual, autoBrightness=false
05-30 08:25:46.805  2655  4300 D PowerUI : can't show warning due to - plugged: true status unknown: false
05-30 08:25:46.807  2655  4399 D PowerUI : can't show warning due to - plugged: true status unknown: false
05-30 08:25:46.810  1946  2162 W BatteryExternalStatsWorker: error reading Bluetooth stats: 9
05-30 08:25:46.812  1946  4691 D CompatibilityChangeReporter: Compat change id reported: 168419799; UID 10160; state: DISABLED
05-30 08:25:46.856  1946  1946 W Looper  : Slow dispatch took 177ms main h=com.motorola.server.display.PanelsService$PanelHandler c=null m=1
05-30 08:25:46.857  1946  1946 V UiModeManager: updateLocked: null action, mDockState=0, category=null
05-30 08:25:46.858  1946  1946 D UiModeManager: updateConfigurationLocked: mDockState=0; mCarMode=false; mNightMode=2; mNightModeCustomType=-1; uiMode=97
05-30 08:25:46.858  1946  1946 V UiModeManager: updateLocked: null action, mDockState=0, category=null
05-30 08:25:46.864  1946  1946 D UiModeManager: updateConfigurationLocked: mDockState=0; mCarMode=false; mNightMode=2; mNightModeCustomType=-1; uiMode=97
05-30 08:25:46.875  1946  2204 I DisplayPowerController[0]: 2026-05-30 02:55:46 - BrightnessEvent: disp=0, physDisp=local:4630947043778501761, brt=0.0, initBrt=0.0, brtNits=3.6086667, preNits=NaN, rcmdNits=NaN, brt(%)=0%, preBrt(%)=0%, brtInt=1, rcmdBrt=NaN, preBrt=NaN, lux=0.0, fastAmbientLux=1940.932, slowAmbientLux=2083.307, preLux=0.0, hbmMax=0.9999, hbmMode=off, rbcStrength=90, powerFactor=1.0, thrmMax=1.0, flags=, reason=manual, autoBrightness=false
05-30 08:25:46.875  1946  2204 I WindowManager: Display 0 turned on...
05-30 08:25:46.876  1946  2204 W PowerManagerService: Screen on took 264 ms
05-30 08:25:46.895  1946  1946 V UiModeManager: updateLocked: null action, mDockState=0, category=null
05-30 08:25:46.895  1946  1946 D UiModeManager: updateConfigurationLocked: mDockState=0; mCarMode=false; mNightMode=2; mNightModeCustomType=-1; uiMode=97
05-30 08:25:46.895  1946  1946 I WindowManager: Finished waking up... (why=ON_BECAUSE_OF_USER) pmWakeReason=WAKE_REASON_PLUGGED_IN
05-30 08:25:46.903  1946  1946 V UiModeManager: updateLocked: null action, mDockState=0, category=null
05-30 08:25:46.904  1946  1946 D UiModeManager: updateConfigurationLocked: mDockState=0; mCarMode=false; mNightMode=2; mNightModeCustomType=-1; uiMode=97
05-30 08:25:46.912  1946 18315 V TrustManager: setDeviceLockedForUser userId=10 locked=true callers=com.motorola.server.security.securevault.SecureVault.lockSecureVaultProfile:1223 com.motorola.server.security.securevault.SecureVault.handleSecureVaultReceiver:1565 com.motorola.server.security.securevault.SecureVault.-$$Nest$mhandleSecureVaultReceiver:0 com.motorola.server.security.securevault.SecureVault$SecureVaultReceiver.lambda$onReceive$0:1661 com.motorola.server.security.securevault.SecureVault$SecureVaultReceiver.$r8$lambda$2Gn8CNKZOHPpn1e898uFyV28zKc:0 
05-30 08:25:46.912  1946 18315 D BiometricService: Sensor ID(0), oemStrength: 15, updatedStrength: 15, modality 2, state: 4, cookie: 420021507, sensorId 0, hasEnrollments: false cannot participate in Keystore operations
05-30 08:25:46.912  1946 18315 D BiometricService: Sensor ID(1008), oemStrength: 4095, updatedStrength: 4095, modality 8, state: 0, cookie: 0, sensorId 1008, hasEnrollments: false cannot participate in Keystore operations
05-30 08:25:46.915  2655  2655 D ViewRootImpl: update {(0,0)(fillxfill) layoutInDisplayCutoutMode=shortEdges ty=DISPLAY_OVERLAY fmt=TRANSLUCENT or=SCREEN_ORIENTATION_PORTRAIT
05-30 08:25:46.915  2655  2655 D ViewRootImpl:   fl=NOT_FOCUSABLE KEEP_SCREEN_ON FULLSCREEN HARDWARE_ACCELERATED
05-30 08:25:46.915  2655  2655 D ViewRootImpl:   pfl=SHOW_FOR_ALL_USERS FIT_INSETS_CONTROLLED
05-30 08:25:46.915  2655  2655 D ViewRootImpl:   bhv=DEFAULT} by setView
05-30 08:25:46.916   680  7935 I keystore2: keystore2::authorization: on_lock_screen_event(LockScreenEvent(1), user_id=10, password.is_some()=false, unlocking_sids=Some([]))
05-30 08:25:46.916   680  7935 I keystore2: keystore2::super_key: Locking screen bound for user 10 sids []
05-30 08:25:46.926  1946  4677 D CoreBackPreview: Window{547655d u0 ChargeAnimationUI}: Setting back callback OnBackInvokedCallbackInfo{mCallback=android.window.IOnBackInvokedCallback$Stub$Proxy@a3084cc, mPriority=0}
05-30 08:25:46.948 24797 18293 E KernelCpuUidFreqTimeReader: Failed to read /proc/uid_time_in_state: java.nio.file.AccessDeniedException: /proc/uid_time_in_state
05-30 08:25:46.971  2655  4371 D PowerUI : can't show warning due to - plugged: true status unknown: false
05-30 08:25:46.976  2655  4378 D PowerUI : can't show warning due to - plugged: true status unknown: false
05-30 08:25:47.079  1946  2588 D CompatibilityChangeReporter: Compat change id reported: 201794303; UID 10160; state: ENABLED
05-30 08:25:47.099  1946  2588 D CompatibilityChangeReporter: Compat change id reported: 171306433; UID 10160; state: ENABLED
05-30 08:25:47.100  1946  2588 D CompatibilityChangeReporter: Compat change id reported: 218533173; UID 10160; state: ENABLED
05-30 08:25:47.147  1946  2657 W ContextImpl: Calling a method in the system process without a qualified user: android.app.ContextImpl.sendBroadcast:1215 com.android.server.location.gnss.GnssStatusProvider.onReportStatus:176 com.android.server.location.gnss.hal.GnssNative.lambda$reportStatus$1:1048 com.android.server.location.gnss.hal.GnssNative.$r8$lambda$ptijmDJTy_M5ybZQYxpnj__LnS0:0 com.android.server.location.gnss.hal.GnssNative$$ExternalSyntheticLambda21.runOrThrow:4 
05-30 08:25:47.455  1946  1946 W AccessibilityManagerService:  wait for adding window timeout: 9630
05-30 08:25:48.952  1946  3163 D CoreBackPreview: Window{547655d u0 ChargeAnimationUI}: Setting back callback null
05-30 08:25:49.150  1946  2162 W BatteryExternalStatsWorker: error reading Bluetooth stats: 9
05-30 08:25:49.247 24797 18341 E KernelCpuUidFreqTimeReader: Failed to read /proc/uid_time_in_state: java.nio.file.AccessDeniedException: /proc/uid_time_in_state
05-30 08:25:50.323  1946  1946 V UiModeManager: updateLocked: null action, mDockState=0, category=null
05-30 08:25:50.323  1946  1946 D UiModeManager: updateConfigurationLocked: mDockState=0; mCarMode=false; mNightMode=2; mNightModeCustomType=-1; uiMode=97
05-30 08:25:50.326  2655  3428 D PowerUI : can't show warning due to - plugged: true status unknown: false
05-30 08:25:50.348  1946  2334 D BatteryService: uevent={POWER_SUPPLY_VOLTAGE_NOW=4356000, POWER_SUPPLY_CHARGE_CONTROL_LIMIT_MAX=10, POWER_SUPPLY_HEALTH=Good, POWER_SUPPLY_TECHNOLOGY=Li-ion, POWER_SUPPLY_CHARGE_FULL_DESIGN=5000000, SEQNUM=447674, POWER_SUPPLY_CHARGE_CONTROL_LIMIT=0, POWER_SUPPLY_STATUS=Charging, POWER_SUPPLY_CURRENT_MAX=4000000, POWER_SUPPLY_CYCLE_COUNT=3, POWER_SUPPLY_CAPACITY=88, DEVPATH=/devices/platform/soc/soc:mmi,discrete-charging/power_supply/battery, POWER_SUPPLY_CHARGE_TYPE=Fast, POWER_SUPPLY_CHARGE_RATE=Turbo_30W, POWER_SUPPLY_CAPACITY_LEVEL=High, POWER_SUPPLY_INPUT_CURRENT_LIMIT=0, POWER_SUPPLY_CURRENT_NOW=1214000, POWER_SUPPLY_PRESENT=1, POWER_SUPPLY_CHARGE_FULL=5000000, POWER_SUPPLY_CONSTANT_CHARGE_CURRENT=4000000, SUBSYSTEM=power_supply, POWER_SUPPLY_TEMP=340, ACTION=change, POWER_SUPPLY_NAME=battery, POWER_SUPPLY_VOLTAGE_MAX=4450000, POWER_SUPPLY_CONSTANT_CHARGE_CURRENT_MAX=4000000, POWER_SUPPLY_CHARGE_COUNTER=4400000}
05-30 08:25:50.348  1946  2334 D BatteryService: uevent={POWER_SUPPLY_VOLTAGE_NOW=4356000, POWER_SUPPLY_CHARGE_CONTROL_LIMIT_MAX=10, POWER_SUPPLY_HEALTH=Good, POWER_SUPPLY_TECHNOLOGY=Li-ion, POWER_SUPPLY_CHARGE_FULL_DESIGN=5000000, SEQNUM=447674, POWER_SUPPLY_CHARGE_CONTROL_LIMIT=0, POWER_SUPPLY_STATUS=Charging, POWER_SUPPLY_CURRENT_MAX=4000000, POWER_SUPPLY_CYCLE_COUNT=3, POWER_SUPPLY_CAPACITY=88, DEVPATH=/devices/platform/soc/soc:mmi,discrete-charging/power_supply/battery, POWER_SUPPLY_CHARGE_TYPE=Fast, POWER_SUPPLY_CHARGE_RATE=Turbo_30W, POWER_SUPPLY_CAPACITY_LEVEL=High, POWER_SUPPLY_INPUT_CURRENT_LIMIT=0, POWER_SUPPLY_CURRENT_NOW=1214000, POWER_SUPPLY_PRESENT=1, POWER_SUPPLY_CHARGE_FULL=5000000, POWER_SUPPLY_CONSTANT_CHARGE_CURRENT=4000000, SUBSYSTEM=power_supply, POWER_SUPPLY_TEMP=340, ACTION=change, POWER_SUPPLY_NAME=battery, POWER_SUPPLY_VOLTAGE_MAX=4450000, POWER_SUPPLY_CONSTANT_CHARGE_CURRENT_MAX=4000000, POWER_SUPPLY_CHARGE_COUNTER=4400000}
05-30 08:25:50.349  1946  1946 V UiModeManager: updateLocked: null action, mDockState=0, category=null
05-30 08:25:50.349  1946  1946 D UiModeManager: updateConfigurationLocked: mDockState=0; mCarMode=false; mNightMode=2; mNightModeCustomType=-1; uiMode=97
05-30 08:25:50.352  2655  3038 D PowerUI : can't show warning due to - plugged: true status unknown: false
